Microchip MPLAB XC8 Compiler V1.12 ()

Linker command line:

-W-3 --edf=C:\Program Files (x86)\Microchip\xc8\v1.12\dat\en_msgs.txt -cs \
  -h+dist/default/production\TP3_can-cna.X.production.sym -z -Q18F87K22 \
  -ol.obj -Mdist/default/production/TP3_can-cna.X.production.map -E1 \
  -ver=XC8 -ACODE=00h-01FFFFh -ACONST=00h-01FFFFh \
  -ASMALLCONST=01000h-010FFhx496 \
  -AMEDIUMCONST=01000h-0FFFFh,011000h-01FFFFh -AFARRAM=020000h-01FFFFFh \
  -ACOMRAM=01h-05Fh -AABS1=00h-0F15h -ABIGRAM=01h-0F15h \
  -ARAM=060h-0FFh,0100h-01FFhx14,0F00h-0F15h -ABANK0=060h-0FFh \
  -ABANK1=0100h-01FFh -ABANK2=0200h-02FFh -ABANK3=0300h-03FFh \
  -ABANK4=0400h-04FFh -ABANK5=0500h-05FFh -ABANK6=0600h-06FFh \
  -ABANK7=0700h-07FFh -ABANK8=0800h-08FFh -ABANK9=0900h-09FFh \
  -ABANK10=0A00h-0AFFh -ABANK11=0B00h-0BFFh -ABANK12=0C00h-0CFFh \
  -ABANK13=0D00h-0DFFh -ABANK14=0E00h-0EFFh -ABANK15=0F00h-0F15h \
  -ASFR=0F16h-0F5Fh,0F60h-0FFFh \
  -preset_vec=00h,intcode=08h,intcodelo,powerup,init,end_init \
  -pramtop=01000h -psmallconst=SMALLCONST -pmediumconst=MEDIUMCONST \
  -pconst=CONST -AFARRAM=020000h-01FFFFFh -ACONFIG=0300000h-030000Dh \
  -pconfig=CONFIG -AIDLOC=0200000h-0200007h -pidloc=IDLOC \
  -AEEDATA=0F00000h-0F003FFh -peeprom_data=EEDATA \
  -prdata=COMRAM,nvrram=COMRAM,nvbit=COMRAM,rbss=COMRAM,rbit=COMRAM \
  -pfarbss=FARRAM,fardata=FARRAM \
  -pintsave_regs=BIGRAM,bigbss=BIGRAM,bigdata=BIGRAM -pbss=RAM \
  -pidata=CODE,irdata=CODE,ibigdata=CODE,ifardata=CODE \
  C:\Users\mario\AppData\Local\Temp\scl4.obj \
  dist/default/production\TP3_can-cna.X.production.obj 

Object code version is 3.10

Machine type is 18F87K22

Call graph: (short form)




                Name                               Link     Load   Length Selector   Space Scale
C:\Users\mario\AppData\Local\Temp\scl4.obj
                end_init                             94       94        4        4       0
                reset_vec                             0        0        4        0       0
                idloc                            200000   200000        8   200000       0
                config                           300000   300000        E   300000       0
dist/default/production\TP3_can-cna.X.production.obj
                intcode                               8        8       8C        4       0
                text18                              B58      B58       22        4       0
                text17                              446      446      118        4       0
                text15                              55E      55E       EE        4       0
                text14                              B0A      B0A       2C        4       0
                text13                              316      316      130        4       0
                text12                              1D8      1D8      13E        4       0
                text11                              94C      94C       A4        4       0
                text10                              8A4      8A4       A8        4       0
                text9                               7E8      7E8       BC        4       0
                text8                               A62      A62       40        4       0
                text7                                98       98      140        4       0
                text6                               B36      B36       22        4       0
                text5                               71C      71C       CC        4       0
                text4                               B7A      B7A       1C        4       0
                text3                               AA2      AA2       3C        4       0
                text2                               9F0      9F0       72        4       0
                text1                               ADE      ADE       2C        4       0
                cstackCOMRAM                          1        1       32        1       1
                bssCOMRAM                            33       33        3        1       1
                cinit                               B96      B96        C        4       0
                text0                               64C      64C       D0        4       0

TOTAL           Name                               Link     Load   Length     Space
        CLASS   CODE           
                end_init                             94       94        4         0
                intcode                               8        8       8C         0
                reset_vec                             0        0        4         0
                text18                              B58      B58       22         0
                text17                              446      446      118         0
                text15                              55E      55E       EE         0
                text14                              B0A      B0A       2C         0
                text13                              316      316      130         0
                text12                              1D8      1D8      13E         0
                text11                              94C      94C       A4         0
                text10                              8A4      8A4       A8         0
                text9                               7E8      7E8       BC         0
                text8                               A62      A62       40         0
                text7                                98       98      140         0
                text6                               B36      B36       22         0
                text5                               71C      71C       CC         0
                text4                               B7A      B7A       1C         0
                text3                               AA2      AA2       3C         0
                text2                               9F0      9F0       72         0
                text1                               ADE      ADE       2C         0
                cinit                               B96      B96        C         0
                text0                               64C      64C       D0         0

        CLASS   CONST          

        CLASS   SMALLCONST     

        CLASS   MEDIUMCONST    

        CLASS   FARRAM         

        CLASS   COMRAM         
                cstackCOMRAM                          1        1       32         1
                bssCOMRAM                            33       33        3         1

        CLASS   ABS1           

        CLASS   BIGRAM         

        CLASS   RAM            

        CLASS   BANK0          

        CLASS   BANK1          

        CLASS   BANK2          

        CLASS   BANK3          

        CLASS   BANK4          

        CLASS   BANK5          

        CLASS   BANK6          

        CLASS   BANK7          

        CLASS   BANK8          

        CLASS   BANK9          

        CLASS   BANK10         

        CLASS   BANK11         

        CLASS   BANK12         

        CLASS   BANK13         

        CLASS   BANK14         

        CLASS   BANK15         

        CLASS   SFR            

        CLASS   CONFIG         
                config                           300000   300000        E         0

        CLASS   IDLOC          
                idloc                            200000   200000        8         0

        CLASS   EEDATA         



SEGMENTS        Name                           Load    Length   Top    Selector   Space  Class

                reset_vec                      000000  000004  000004         0       0  CODE    
                cstackCOMRAM                   000001  000035  000036         1       1  COMRAM  
                intcode                        000008  000B9A  000BA2         4       0  CODE    
                idloc                          200000  000008  200008    200000       0  IDLOC   
                config                         300000  00000E  30000E    300000       0  CONFIG  


UNUSED ADDRESS RANGES

        Name                Unused          Largest block    Delta
        BANK0            000060-0000FF               A0
        BANK1            000100-0001FF              100
        BANK10           000A00-000AFF              100
        BANK11           000B00-000BFF              100
        BANK12           000C00-000CFF              100
        BANK13           000D00-000DFF              100
        BANK14           000E00-000EFF              100
        BANK15           000F00-000F15               16
        BANK2            000200-0002FF              100
        BANK3            000300-0003FF              100
        BANK4            000400-0004FF              100
        BANK5            000500-0005FF              100
        BANK6            000600-0006FF              100
        BANK7            000700-0007FF              100
        BANK8            000800-0008FF              100
        BANK9            000900-0009FF              100
        BIGRAM           000036-000F15              EE0
        CODE             000004-000007                4
                         000BA2-01FFFF            1F45E
        COMRAM           000036-00005F               2A
        CONST            000004-000007                4
                         000BA2-01FFFF            1F45E
        EEDATA           F00000-F003FF              400
        FARRAM           020000-1FFFFF           1E0000
        MEDIUMCONST      001000-00FFFF             F000
                         011000-01FFFF             F000
        RAM              000060-000F15              100
        SFR              000F16-000FFF               4A
        SMALLCONST       001000-01FFFF              100

                                  Symbol Table

?_ADC_read                    cstackCOMRAM 000012
?_DAC_write                   cstackCOMRAM 000021
?___awdiv                     cstackCOMRAM 000012
?___awmod                     cstackCOMRAM 000012
?___ftge                      cstackCOMRAM 000012
?___ftmul                     cstackCOMRAM 00001A
?___ftpack                    cstackCOMRAM 000012
?___fttol                     cstackCOMRAM 000012
?___lbtoft                    cstackCOMRAM 00001A
?_aff_lcd_clav                cstackCOMRAM 000002
?_delai_ms                    cstackCOMRAM 000012
?_writeLCD_number             cstackCOMRAM 000021
ADC_read@channel              cstackCOMRAM 000012
DAC_write@value               cstackCOMRAM 000021
_ADCON0bits                   (abs)        000FC2
_ADC_read                     text1        000ADE
_ADRESH                       (abs)        000FC4
_ANCON0                       (abs)        000F25
_ANCON1                       (abs)        000F24
_ANCON2                       (abs)        000F23
_Clavier                      (abs)        180000
_DAC_write                    text2        0009F0
_EEADR                        (abs)        000F62
_EECON1bits                   (abs)        000F7F
_EECON2                       (abs)        000F7E
_EEDATA                       (abs)        000F61
_I2C_Init                     text4        000B7A
_INTCONbits                   (abs)        000FF2
_Init                         text3        000AA2
_LCD_DATA                     (abs)        1A0002
_LCD_FUNC                     (abs)        1A0000
_MEMCON                       (abs)        000F26
_MEMCONbits                   (abs)        000F26
_PIR1bits                     (abs)        000F9E
_PORTGbits                    (abs)        000F86
_RCONbits                     (abs)        000FD0
_SSP1ADD                      (abs)        000FC8
_SSP1BUF                      (abs)        000FC9
_SSP1CON1                     (abs)        000FC6
_SSP1CON1bits                 (abs)        000FC6
_SSP1CON2                     (abs)        000FC5
_SSP1CON2bits                 (abs)        000FC5
_SSP1STAT                     (abs)        000FC7
_TRISD                        (abs)        000F95
_TRISG                        (abs)        000F98
_TRISH                        (abs)        000F99
__CFG_ABW$XM20                (abs)        000000
__CFG_BBSIZ$BB1K              (abs)        000000
__CFG_BOREN$OFF               (abs)        000000
__CFG_BORPWR$ZPBORMV          (abs)        000000
__CFG_BORV$0                  (abs)        000000
__CFG_BW$8                    (abs)        000000
__CFG_CCP2MX$PORTC            (abs)        000000
__CFG_CP0$OFF                 (abs)        000000
__CFG_CP1$OFF                 (abs)        000000
__CFG_CP2$OFF                 (abs)        000000
__CFG_CP3$OFF                 (abs)        000000
__CFG_CP4$OFF                 (abs)        000000
__CFG_CP5$OFF                 (abs)        000000
__CFG_CP6$OFF                 (abs)        000000
__CFG_CP7$OFF                 (abs)        000000
__CFG_CPB$OFF                 (abs)        000000
__CFG_CPD$OFF                 (abs)        000000
__CFG_DEBUG$OFF               (abs)        000000
__CFG_EASHFT$OFF              (abs)        000000
__CFG_EBRT0$OFF               (abs)        000000
__CFG_EBRT1$OFF               (abs)        000000
__CFG_EBRT2$OFF               (abs)        000000
__CFG_EBRT3$OFF               (abs)        000000
__CFG_EBRT4$OFF               (abs)        000000
__CFG_EBRT5$OFF               (abs)        000000
__CFG_EBRT6$OFF               (abs)        000000
__CFG_EBRT7$OFF               (abs)        000000
__CFG_EBRTB$OFF               (abs)        000000
__CFG_ECCPMX$PORTE            (abs)        000000
__CFG_FCMEN$OFF               (abs)        000000
__CFG_FOSC$HS1                (abs)        000000
__CFG_IESO$OFF                (abs)        000000
__CFG_INTOSCSEL$HIGH          (abs)        000000
__CFG_MCLRE$ON                (abs)        000000
__CFG_MSSPMSK$MSK7            (abs)        000000
__CFG_PLLCFG$OFF              (abs)        000000
__CFG_PWRTEN$OFF              (abs)        000000
__CFG_RETEN$ON                (abs)        000000
__CFG_RTCOSC$SOSCREF          (abs)        000000
__CFG_SOSCSEL$HIGH            (abs)        000000
__CFG_STVREN$ON               (abs)        000000
__CFG_WAIT$ON                 (abs)        000000
__CFG_WDTEN$OFF               (abs)        000000
__CFG_WDTPS$1                 (abs)        000000
__CFG_WRT0$OFF                (abs)        000000
__CFG_WRT1$OFF                (abs)        000000
__CFG_WRT2$OFF                (abs)        000000
__CFG_WRT3$OFF                (abs)        000000
__CFG_WRT4$OFF                (abs)        000000
__CFG_WRT5$OFF                (abs)        000000
__CFG_WRT6$OFF                (abs)        000000
__CFG_WRT7$OFF                (abs)        000000
__CFG_WRTB$OFF                (abs)        000000
__CFG_WRTC$OFF                (abs)        000000
__CFG_WRTD$OFF                (abs)        000000
__CFG_XINST$OFF               (abs)        000000
__HRAM                        (abs)        000000
__Habs1                       abs1         000000
__Hbank0                      bank0        000000
__Hbank1                      bank1        000000
__Hbank10                     bank10       000000
__Hbank11                     bank11       000000
__Hbank12                     bank12       000000
__Hbank13                     bank13       000000
__Hbank14                     bank14       000000
__Hbank15                     bank15       000000
__Hbank2                      bank2        000000
__Hbank3                      bank3        000000
__Hbank4                      bank4        000000
__Hbank5                      bank5        000000
__Hbank6                      bank6        000000
__Hbank7                      bank7        000000
__Hbank8                      bank8        000000
__Hbank9                      bank9        000000
__Hbigbss                     bigbss       000000
__Hbigdata                    bigdata      000000
__Hbigram                     bigram       000000
__Hbss                        bss          000000
__HbssCOMRAM                  bssCOMRAM    000000
__Hcinit                      cinit        000000
__Hclrtext                    clrtext      000000
__Hcomram                     comram       000000
__Hconfig                     config       30000E
__Hconst                      const        000000
__HcstackCOMRAM               cstackCOMRAM 000000
__Hdata                       data         000000
__Heeprom_data                eeprom_data  000000
__Hend_init                   end_init     000098
__Hfarbss                     farbss       000000
__Hfardata                    fardata      000000
__Hibigdata                   ibigdata     000000
__Hidata                      idata        000000
__Hidloc                      idloc        200008
__Hifardata                   ifardata     000000
__Hinit                       init         000094
__Hintcode                    intcode      000094
__Hintcode_body               intcode_body 000000
__Hintcodelo                  intcodelo    000094
__Hintentry                   intentry     000000
__Hintret                     intret       000000
__Hintsave_regs               intsave_regs 000000
__Hirdata                     irdata       000000
__Hmediumconst                mediumconst  000000
__Hnvbit                      nvbit        000000
__Hnvrram                     nvrram       000000
__Hparam                      rparam       000000
__Hpowerup                    powerup      000094
__Hram                        ram          000000
__Hramtop                     ramtop       001000
__Hrbit                       rbit         000000
__Hrbss                       rbss         000000
__Hrdata                      rdata        000000
__Hreset_vec                  reset_vec    000004
__Hrparam                     rparam       000000
__Hsfr                        sfr          000000
__Hsmallconst                 smallconst   000000
__Hstruct                     struct       000000
__Htemp                       temp         000000
__Htext                       text         000000
__Htext0                      text0        000000
__Htext1                      text1        000000
__Htext10                     text10       000000
__Htext11                     text11       000000
__Htext12                     text12       000000
__Htext13                     text13       000000
__Htext14                     text14       000000
__Htext15                     text15       000000
__Htext17                     text17       000000
__Htext18                     text18       000000
__Htext19                     text19       000000
__Htext2                      text2        000000
__Htext3                      text3        000000
__Htext4                      text4        000000
__Htext5                      text5        000000
__Htext6                      text6        000000
__Htext7                      text7        000000
__Htext8                      text8        000000
__Htext9                      text9        000000
__LRAM                        (abs)        000001
__Labs1                       abs1         000000
__Lbank0                      bank0        000000
__Lbank1                      bank1        000000
__Lbank10                     bank10       000000
__Lbank11                     bank11       000000
__Lbank12                     bank12       000000
__Lbank13                     bank13       000000
__Lbank14                     bank14       000000
__Lbank15                     bank15       000000
__Lbank2                      bank2        000000
__Lbank3                      bank3        000000
__Lbank4                      bank4        000000
__Lbank5                      bank5        000000
__Lbank6                      bank6        000000
__Lbank7                      bank7        000000
__Lbank8                      bank8        000000
__Lbank9                      bank9        000000
__Lbigbss                     bigbss       000000
__Lbigdata                    bigdata      000000
__Lbigram                     bigram       000000
__Lbss                        bss          000000
__LbssCOMRAM                  bssCOMRAM    000000
__Lcinit                      cinit        000000
__Lclrtext                    clrtext      000000
__Lcomram                     comram       000000
__Lconfig                     config       300000
__Lconst                      const        000000
__LcstackCOMRAM               cstackCOMRAM 000000
__Ldata                       data         000000
__Leeprom_data                eeprom_data  000000
__Lend_init                   end_init     000094
__Lfarbss                     farbss       000000
__Lfardata                    fardata      000000
__Libigdata                   ibigdata     000000
__Lidata                      idata        000000
__Lidloc                      idloc        200000
__Lifardata                   ifardata     000000
__Linit                       init         000094
__Lintcode                    intcode      000008
__Lintcode_body               intcode_body 000000
__Lintcodelo                  intcodelo    000094
__Lintentry                   intentry     000000
__Lintret                     intret       000000
__Lintsave_regs               intsave_regs 000000
__Lirdata                     irdata       000000
__Lmediumconst                mediumconst  000000
__Lnvbit                      nvbit        000000
__Lnvrram                     nvrram       000000
__Lparam                      rparam       000000
__Lpowerup                    powerup      000094
__Lram                        ram          000000
__Lramtop                     ramtop       001000
__Lrbit                       rbit         000000
__Lrbss                       rbss         000000
__Lrdata                      rdata        000000
__Lreset_vec                  reset_vec    000000
__Lrparam                     rparam       000000
__Lsfr                        sfr          000000
__Lsmallconst                 smallconst   000000
__Lstruct                     struct       000000
__Ltemp                       temp         000000
__Ltext                       text         000000
__Ltext0                      text0        000000
__Ltext1                      text1        000000
__Ltext10                     text10       000000
__Ltext11                     text11       000000
__Ltext12                     text12       000000
__Ltext13                     text13       000000
__Ltext14                     text14       000000
__Ltext15                     text15       000000
__Ltext17                     text17       000000
__Ltext18                     text18       000000
__Ltext19                     text19       000000
__Ltext2                      text2        000000
__Ltext3                      text3        000000
__Ltext4                      text4        000000
__Ltext5                      text5        000000
__Ltext6                      text6        000000
__Ltext7                      text7        000000
__Ltext8                      text8        000000
__Ltext9                      text9        000000
__S0                          (abs)        30000E
__S1                          (abs)        000036
___awdiv                      text9        0007E8
___awdiv@counter              cstackCOMRAM 000017
___awdiv@dividend             cstackCOMRAM 000012
___awdiv@divisor              cstackCOMRAM 000014
___awdiv@quotient             cstackCOMRAM 000019
___awdiv@sign                 cstackCOMRAM 000018
___awmod                      text10       0008A4
___awmod@counter              cstackCOMRAM 000017
___awmod@dividend             cstackCOMRAM 000012
___awmod@divisor              cstackCOMRAM 000014
___awmod@sign                 cstackCOMRAM 000018
___ftge                       text11       00094C
___ftge@ff1                   cstackCOMRAM 000012
___ftge@ff2                   cstackCOMRAM 000015
___ftmul                      text12       0001D8
___ftmul@cntr                 cstackCOMRAM 000029
___ftmul@exp                  cstackCOMRAM 000028
___ftmul@f1                   cstackCOMRAM 00001A
___ftmul@f2                   cstackCOMRAM 00001D
___ftmul@f3_as_product        cstackCOMRAM 000025
___ftmul@sign                 cstackCOMRAM 00002A
___ftpack                     text15       00055E
___ftpack@arg                 cstackCOMRAM 000012
___ftpack@exp                 cstackCOMRAM 000015
___ftpack@sign                cstackCOMRAM 000016
___fttol                      text13       000316
___fttol@exp1                 cstackCOMRAM 000020
___fttol@f1                   cstackCOMRAM 000012
___fttol@lval                 cstackCOMRAM 00001C
___fttol@sign1                cstackCOMRAM 00001B
___lbtoft                     text14       000B0A
___lbtoft@c                   cstackCOMRAM 00001A
__accesstop                   (abs)        000060
__activetblptr                (abs)        000003
__end_of_ADC_read             text1        000B0A
__end_of_DAC_write            text2        000A62
__end_of_I2C_Init             text4        000B96
__end_of_Init                 text3        000ADE
__end_of___awdiv              text9        0008A4
__end_of___awmod              text10       00094C
__end_of___ftge               text11       0009F0
__end_of___ftmul              text12       000316
__end_of___ftpack             text15       00064C
__end_of___fttol              text13       000446
__end_of___lbtoft             text14       000B36
__end_of__initialization      cinit        000B9C
__end_of_acq                  text6        000B58
__end_of_aff_lcd_clav         text17       00055E
__end_of_delai_ms             text8        000AA2
__end_of_get_val_clav         intcode      000094
__end_of_init_aff_lcd         text7        0001D8
__end_of_main                 text0        00071C
__end_of_writeLCD_number      text5        0007E8
__end_ofi2_acq                text18       000B7A
__initialization              cinit        000B96
__mediumconst                 mediumconst  000000
__pbssCOMRAM                  bssCOMRAM    000033
__pcinit                      cinit        000B96
__pcstackCOMRAM               cstackCOMRAM 000001
__pintcode                    intcode      000008
__ptext0                      text0        00064C
__ptext1                      text1        000ADE
__ptext10                     text10       0008A4
__ptext11                     text11       00094C
__ptext12                     text12       0001D8
__ptext13                     text13       000316
__ptext14                     text14       000B0A
__ptext15                     text15       00055E
__ptext17                     text17       000446
__ptext18                     text18       000B58
__ptext19                     text19       000000
__ptext2                      text2        0009F0
__ptext3                      text3        000AA2
__ptext4                      text4        000B7A
__ptext5                      text5        00071C
__ptext6                      text6        000B36
__ptext7                      text7        000098
__ptext8                      text8        000A62
__ptext9                      text9        0007E8
__ramtop                      ramtop       001000
__size_of_ADC_read            (abs)        000000
__size_of_DAC_write           (abs)        000000
__size_of_I2C_Init            (abs)        000000
__size_of_Init                (abs)        000000
__size_of___awdiv             (abs)        000000
__size_of___awmod             (abs)        000000
__size_of___ftge              (abs)        000000
__size_of___ftmul             (abs)        000000
__size_of___ftpack            (abs)        000000
__size_of___fttol             (abs)        000000
__size_of___lbtoft            (abs)        000000
__size_of_acq                 (abs)        000000
__size_of_aff_lcd_clav        (abs)        000000
__size_of_delai_ms            (abs)        000000
__size_of_get_val_clav        (abs)        000000
__size_of_init_aff_lcd        (abs)        000000
__size_of_main                (abs)        000000
__size_of_writeLCD_number     (abs)        000000
__size_ofi2_acq               (abs)        000000
__smallconst                  smallconst   000000
_acq                          text6        000B36
_aff_lcd_clav                 text17       000446
_delai_ms                     text8        000A62
_get_val_clav                 intcode      000008
_init_aff_lcd                 text7        000098
_main                         text0        00064C
_mem_touche                   bssCOMRAM    000035
_mmode                        bssCOMRAM    000033
_writeLCD_number              text5        00071C
aff_lcd_clav@c                cstackCOMRAM 000002
delai_ms@j                    cstackCOMRAM 000016
delai_ms@val                  cstackCOMRAM 000012
end_of_initialization         cinit        000B9C
i2_acq                        text18       000B58
intlevel0                     text         000000
intlevel1                     text         000000
intlevel2                     text         000000
intlevel3                     text         000000
main@value                    cstackCOMRAM 000030
start                         init         000094
start_initialization          cinit        000B96
writeLCD_number@i             cstackCOMRAM 00002D
writeLCD_number@number        cstackCOMRAM 000021
writeLCD_number@number_string cstackCOMRAM 000023


FUNCTION INFORMATION:

 *************** function _main *****************
 Defined at:
		line 19 in file "main.c"
 Parameters:    Size  Location     Type
		None
 Auto vars:     Size  Location     Type
  value           3   47[COMRAM] int 
 Return value:  Size  Location     Type
		None               void
 Registers used:
		wreg, fsr0l, fsr0h, fsr1l, fsr1h, fsr2l, fsr2h, status,2, status,0, pclat, tosl, structret, tblptrl, tblptrh, tblptru, prodl, prodh, bsr, cstack
 Tracked objects:
		On entry : 
		On exit  : 
		Unchanged: 
 Data sizes:     COMRAM   BANK0   BANK1   BANK2   BANK3   BANK4   BANK5   BANK6   BANK7   BANK8   BANK9  BANK10  BANK11  BANK12  BANK13  BANK14  BANK15
      Params:         0       0       0       0       0       0       0       0       0       0       0       0       0       0       0       0       0
      Locals:         3       0       0       0       0       0       0       0       0       0       0       0       0       0       0       0       0
      Temps:          1       0       0       0       0       0       0       0       0       0       0       0       0       0       0       0       0
      Totals:         4       0       0       0       0       0       0       0       0       0       0       0       0       0       0       0       0
Total ram usage:        4 bytes
 Hardware stack levels required when called:    5
 This function calls:
		_Init
		_init_aff_lcd
		_acq
		_I2C_Init
		_ADC_read
		___lbtoft
		___fttol
		_DAC_write
		___ftmul
		_writeLCD_number
		___ftge
		_delai_ms
 This function is called by:
		Startup code after reset
 This function uses a non-reentrant model


 *************** function _ADC_read *****************
 Defined at:
		line 10 in file "CNA.c"
 Parameters:    Size  Location     Type
  channel         2   17[COMRAM] int 
 Auto vars:     Size  Location     Type
		None
 Return value:  Size  Location     Type
                  1    wreg      unsigned char 
 Registers used:
		wreg, status,2, status,0
 Tracked objects:
		On entry : 
		On exit  : 
		Unchanged: 
 Data sizes:     COMRAM   BANK0   BANK1   BANK2   BANK3   BANK4   BANK5   BANK6   BANK7   BANK8   BANK9  BANK10  BANK11  BANK12  BANK13  BANK14  BANK15
      Params:         2       0       0       0       0       0       0       0       0       0       0       0       0       0       0       0       0
      Locals:         0       0       0       0       0       0       0       0       0       0       0       0       0       0       0       0       0
      Temps:          1       0       0       0       0       0       0       0       0       0       0       0       0       0       0       0       0
      Totals:         3       0       0       0       0       0       0       0       0       0       0       0       0       0       0       0       0
Total ram usage:        3 bytes
 Hardware stack levels used:    1
 Hardware stack levels required when called:    3
 This function calls:
		Nothing
 This function is called by:
		_main
 This function uses a non-reentrant model


 *************** function _DAC_write *****************
 Defined at:
		line 25 in file "CNA.c"
 Parameters:    Size  Location     Type
  value           1   32[COMRAM] unsigned char 
 Auto vars:     Size  Location     Type
		None
 Return value:  Size  Location     Type
		None               void
 Registers used:
		wreg, status,2
 Tracked objects:
		On entry : 
		On exit  : 
		Unchanged: 
 Data sizes:     COMRAM   BANK0   BANK1   BANK2   BANK3   BANK4   BANK5   BANK6   BANK7   BANK8   BANK9  BANK10  BANK11  BANK12  BANK13  BANK14  BANK15
      Params:         1       0       0       0       0       0       0       0       0       0       0       0       0       0       0       0       0
      Locals:         0       0       0       0       0       0       0       0       0       0       0       0       0       0       0       0       0
      Temps:          0       0       0       0       0       0       0       0       0       0       0       0       0       0       0       0       0
      Totals:         1       0       0       0       0       0       0       0       0       0       0       0       0       0       0       0       0
Total ram usage:        1 bytes
 Hardware stack levels used:    1
 Hardware stack levels required when called:    3
 This function calls:
		Nothing
 This function is called by:
		_main
 This function uses a non-reentrant model


 *************** function _Init *****************
 Defined at:
		line 7 in file "fonction.c"
 Parameters:    Size  Location     Type
		None
 Auto vars:     Size  Location     Type
		None
 Return value:  Size  Location     Type
		None               void
 Registers used:
		wreg, status,2
 Tracked objects:
		On entry : 
		On exit  : 
		Unchanged: 
 Data sizes:     COMRAM   BANK0   BANK1   BANK2   BANK3   BANK4   BANK5   BANK6   BANK7   BANK8   BANK9  BANK10  BANK11  BANK12  BANK13  BANK14  BANK15
      Params:         0       0       0       0       0       0       0       0       0       0       0       0       0       0       0       0       0
      Locals:         0       0       0       0       0       0       0       0       0       0       0       0       0       0       0       0       0
      Temps:          0       0       0       0       0       0       0       0       0       0       0       0       0       0       0       0       0
      Totals:         0       0       0       0       0       0       0       0       0       0       0       0       0       0       0       0       0
Total ram usage:        0 bytes
 Hardware stack levels used:    1
 Hardware stack levels required when called:    3
 This function calls:
		Nothing
 This function is called by:
		_main
 This function uses a non-reentrant model


 *************** function _I2C_Init *****************
 Defined at:
		line 57 in file "fonction.c"
 Parameters:    Size  Location     Type
		None
 Auto vars:     Size  Location     Type
		None
 Return value:  Size  Location     Type
		None               void
 Registers used:
		wreg, status,2
 Tracked objects:
		On entry : 
		On exit  : 
		Unchanged: 
 Data sizes:     COMRAM   BANK0   BANK1   BANK2   BANK3   BANK4   BANK5   BANK6   BANK7   BANK8   BANK9  BANK10  BANK11  BANK12  BANK13  BANK14  BANK15
      Params:         0       0       0       0       0       0       0       0       0       0       0       0       0       0       0       0       0
      Locals:         0       0       0       0       0       0       0       0       0       0       0       0       0       0       0       0       0
      Temps:          0       0       0       0       0       0       0       0       0       0       0       0       0       0       0       0       0
      Totals:         0       0       0       0       0       0       0       0       0       0       0       0       0       0       0       0       0
Total ram usage:        0 bytes
 Hardware stack levels used:    1
 Hardware stack levels required when called:    3
 This function calls:
		Nothing
 This function is called by:
		_main
 This function uses a non-reentrant model


 *************** function _writeLCD_number *****************
 Defined at:
		line 128 in file "LCD.c"
 Parameters:    Size  Location     Type
  number          2   32[COMRAM] int 
 Auto vars:     Size  Location     Type
  number_strin   10   34[COMRAM] unsigned char [10]
  i               2   44[COMRAM] int 
 Return value:  Size  Location     Type
		None               void
 Registers used:
		wreg, fsr0l, fsr0h, fsr1l, fsr1h, fsr2l, fsr2h, status,2, status,0, pclat, tosl, structret, tblptrl, tblptrh, tblptru, prodl, prodh, bsr, cstack
 Tracked objects:
		On entry : 
		On exit  : 
		Unchanged: 
 Data sizes:     COMRAM   BANK0   BANK1   BANK2   BANK3   BANK4   BANK5   BANK6   BANK7   BANK8   BANK9  BANK10  BANK11  BANK12  BANK13  BANK14  BANK15
      Params:         2       0       0       0       0       0       0       0       0       0       0       0       0       0       0       0       0
      Locals:        12       0       0       0       0       0       0       0       0       0       0       0       0       0       0       0       0
      Temps:          0       0       0       0       0       0       0       0       0       0       0       0       0       0       0       0       0
      Totals:        14       0       0       0       0       0       0       0       0       0       0       0       0       0       0       0       0
Total ram usage:       14 bytes
 Hardware stack levels used:    1
 Hardware stack levels required when called:    4
 This function calls:
		_acq
		___awmod
		___awdiv
 This function is called by:
		_main
 This function uses a non-reentrant model


 *************** function _acq *****************
 Defined at:
		line 52 in file "LCD.c"
 Parameters:    Size  Location     Type
		None
 Auto vars:     Size  Location     Type
		None
 Return value:  Size  Location     Type
		None               void
 Registers used:
		wreg, tblptrl, tblptrh, tblptru
 Tracked objects:
		On entry : 
		On exit  : 
		Unchanged: 
 Data sizes:     COMRAM   BANK0   BANK1   BANK2   BANK3   BANK4   BANK5   BANK6   BANK7   BANK8   BANK9  BANK10  BANK11  BANK12  BANK13  BANK14  BANK15
      Params:         0       0       0       0       0       0       0       0       0       0       0       0       0       0       0       0       0
      Locals:         0       0       0       0       0       0       0       0       0       0       0       0       0       0       0       0       0
      Temps:          1       0       0       0       0       0       0       0       0       0       0       0       0       0       0       0       0
      Totals:         1       0       0       0       0       0       0       0       0       0       0       0       0       0       0       0       0
Total ram usage:        1 bytes
 Hardware stack levels used:    1
 Hardware stack levels required when called:    3
 This function calls:
		Nothing
 This function is called by:
		_writeLCD_number
		_main
		_aff_lcd
		_writeLCD
 This function uses a non-reentrant model


 *************** function _init_aff_lcd *****************
 Defined at:
		line 30 in file "LCD.c"
 Parameters:    Size  Location     Type
		None
 Auto vars:     Size  Location     Type
		None
 Return value:  Size  Location     Type
		None               void
 Registers used:
		wreg, tblptrl, tblptrh, tblptru
 Tracked objects:
		On entry : 
		On exit  : 
		Unchanged: 
 Data sizes:     COMRAM   BANK0   BANK1   BANK2   BANK3   BANK4   BANK5   BANK6   BANK7   BANK8   BANK9  BANK10  BANK11  BANK12  BANK13  BANK14  BANK15
      Params:         0       0       0       0       0       0       0       0       0       0       0       0       0       0       0       0       0
      Locals:         0       0       0       0       0       0       0       0       0       0       0       0       0       0       0       0       0
      Temps:          1       0       0       0       0       0       0       0       0       0       0       0       0       0       0       0       0
      Totals:         1       0       0       0       0       0       0       0       0       0       0       0       0       0       0       0       0
Total ram usage:        1 bytes
 Hardware stack levels used:    1
 Hardware stack levels required when called:    3
 This function calls:
		Nothing
 This function is called by:
		_main
 This function uses a non-reentrant model


 *************** function _delai_ms *****************
 Defined at:
		line 65 in file "fonction.c"
 Parameters:    Size  Location     Type
  val             1   17[COMRAM] unsigned char 
 Auto vars:     Size  Location     Type
  j               2   21[COMRAM] int 
 Return value:  Size  Location     Type
		None               void
 Registers used:
		wreg, status,2, status,0
 Tracked objects:
		On entry : 
		On exit  : 
		Unchanged: 
 Data sizes:     COMRAM   BANK0   BANK1   BANK2   BANK3   BANK4   BANK5   BANK6   BANK7   BANK8   BANK9  BANK10  BANK11  BANK12  BANK13  BANK14  BANK15
      Params:         1       0       0       0       0       0       0       0       0       0       0       0       0       0       0       0       0
      Locals:         2       0       0       0       0       0       0       0       0       0       0       0       0       0       0       0       0
      Temps:          3       0       0       0       0       0       0       0       0       0       0       0       0       0       0       0       0
      Totals:         6       0       0       0       0       0       0       0       0       0       0       0       0       0       0       0       0
Total ram usage:        6 bytes
 Hardware stack levels used:    1
 Hardware stack levels required when called:    3
 This function calls:
		Nothing
 This function is called by:
		_main
 This function uses a non-reentrant model


 *************** function ___awdiv *****************
 Defined at:
		line 10 in file "C:\Program Files (x86)\Microchip\xc8\v1.12\sources\awdiv.c"
 Parameters:    Size  Location     Type
  dividend        2   17[COMRAM] int 
  divisor         2   19[COMRAM] int 
 Auto vars:     Size  Location     Type
  quotient        2   24[COMRAM] int 
  sign            1   23[COMRAM] unsigned char 
  counter         1   22[COMRAM] unsigned char 
 Return value:  Size  Location     Type
                  2   17[COMRAM] int 
 Registers used:
		wreg, status,2, status,0
 Tracked objects:
		On entry : 
		On exit  : 
		Unchanged: 
 Data sizes:     COMRAM   BANK0   BANK1   BANK2   BANK3   BANK4   BANK5   BANK6   BANK7   BANK8   BANK9  BANK10  BANK11  BANK12  BANK13  BANK14  BANK15
      Params:         4       0       0       0       0       0       0       0       0       0       0       0       0       0       0       0       0
      Locals:         4       0       0       0       0       0       0       0       0       0       0       0       0       0       0       0       0
      Temps:          1       0       0       0       0       0       0       0       0       0       0       0       0       0       0       0       0
      Totals:         9       0       0       0       0       0       0       0       0       0       0       0       0       0       0       0       0
Total ram usage:        9 bytes
 Hardware stack levels used:    1
 Hardware stack levels required when called:    3
 This function calls:
		Nothing
 This function is called by:
		_writeLCD_number
		_conversion_echelle
 This function uses a non-reentrant model


 *************** function ___awmod *****************
 Defined at:
		line 10 in file "C:\Program Files (x86)\Microchip\xc8\v1.12\sources\awmod.c"
 Parameters:    Size  Location     Type
  dividend        2   17[COMRAM] int 
  divisor         2   19[COMRAM] int 
 Auto vars:     Size  Location     Type
  sign            1   23[COMRAM] unsigned char 
  counter         1   22[COMRAM] unsigned char 
 Return value:  Size  Location     Type
                  2   17[COMRAM] int 
 Registers used:
		wreg, status,2, status,0
 Tracked objects:
		On entry : 
		On exit  : 
		Unchanged: 
 Data sizes:     COMRAM   BANK0   BANK1   BANK2   BANK3   BANK4   BANK5   BANK6   BANK7   BANK8   BANK9  BANK10  BANK11  BANK12  BANK13  BANK14  BANK15
      Params:         4       0       0       0       0       0       0       0       0       0       0       0       0       0       0       0       0
      Locals:         2       0       0       0       0       0       0       0       0       0       0       0       0       0       0       0       0
      Temps:          1       0       0       0       0       0       0       0       0       0       0       0       0       0       0       0       0
      Totals:         7       0       0       0       0       0       0       0       0       0       0       0       0       0       0       0       0
Total ram usage:        7 bytes
 Hardware stack levels used:    1
 Hardware stack levels required when called:    3
 This function calls:
		Nothing
 This function is called by:
		_writeLCD_number
 This function uses a non-reentrant model


 *************** function ___ftge *****************
 Defined at:
		line 5 in file "C:\Program Files (x86)\Microchip\xc8\v1.12\sources\ftge.c"
 Parameters:    Size  Location     Type
  ff1             3   17[COMRAM] float 
  ff2             3   20[COMRAM] float 
 Auto vars:     Size  Location     Type
		None
 Return value:  Size  Location     Type
		None               void
 Registers used:
		wreg, status,2, status,0
 Tracked objects:
		On entry : 
		On exit  : 
		Unchanged: 
 Data sizes:     COMRAM   BANK0   BANK1   BANK2   BANK3   BANK4   BANK5   BANK6   BANK7   BANK8   BANK9  BANK10  BANK11  BANK12  BANK13  BANK14  BANK15
      Params:         6       0       0       0       0       0       0       0       0       0       0       0       0       0       0       0       0
      Locals:         0       0       0       0       0       0       0       0       0       0       0       0       0       0       0       0       0
      Temps:          3       0       0       0       0       0       0       0       0       0       0       0       0       0       0       0       0
      Totals:         9       0       0       0       0       0       0       0       0       0       0       0       0       0       0       0       0
Total ram usage:        9 bytes
 Hardware stack levels used:    1
 Hardware stack levels required when called:    3
 This function calls:
		Nothing
 This function is called by:
		_main
 This function uses a non-reentrant model


 *************** function ___ftmul *****************
 Defined at:
		line 52 in file "C:\Program Files (x86)\Microchip\xc8\v1.12\sources\ftmul.c"
 Parameters:    Size  Location     Type
  f1              3   25[COMRAM] float 
  f2              3   28[COMRAM] float 
 Auto vars:     Size  Location     Type
  f3_as_produc    3   36[COMRAM] unsigned um
  sign            1   41[COMRAM] unsigned char 
  cntr            1   40[COMRAM] unsigned char 
  exp             1   39[COMRAM] unsigned char 
 Return value:  Size  Location     Type
                  3   25[COMRAM] float 
 Registers used:
		wreg, status,2, status,0, cstack
 Tracked objects:
		On entry : 
		On exit  : 
		Unchanged: 
 Data sizes:     COMRAM   BANK0   BANK1   BANK2   BANK3   BANK4   BANK5   BANK6   BANK7   BANK8   BANK9  BANK10  BANK11  BANK12  BANK13  BANK14  BANK15
      Params:         6       0       0       0       0       0       0       0       0       0       0       0       0       0       0       0       0
      Locals:         6       0       0       0       0       0       0       0       0       0       0       0       0       0       0       0       0
      Temps:          5       0       0       0       0       0       0       0       0       0       0       0       0       0       0       0       0
      Totals:        17       0       0       0       0       0       0       0       0       0       0       0       0       0       0       0       0
Total ram usage:       17 bytes
 Hardware stack levels used:    1
 Hardware stack levels required when called:    4
 This function calls:
		___ftpack
 This function is called by:
		_main
 This function uses a non-reentrant model


 *************** function ___fttol *****************
 Defined at:
		line 45 in file "C:\Program Files (x86)\Microchip\xc8\v1.12\sources\fttol.c"
 Parameters:    Size  Location     Type
  f1              3   17[COMRAM] float 
 Auto vars:     Size  Location     Type
  lval            4   27[COMRAM] unsigned long 
  exp1            1   31[COMRAM] unsigned char 
  sign1           1   26[COMRAM] unsigned char 
 Return value:  Size  Location     Type
                  4   17[COMRAM] long 
 Registers used:
		wreg, status,2, status,0
 Tracked objects:
		On entry : 
		On exit  : 
		Unchanged: 
 Data sizes:     COMRAM   BANK0   BANK1   BANK2   BANK3   BANK4   BANK5   BANK6   BANK7   BANK8   BANK9  BANK10  BANK11  BANK12  BANK13  BANK14  BANK15
      Params:         4       0       0       0       0       0       0       0       0       0       0       0       0       0       0       0       0
      Locals:         6       0       0       0       0       0       0       0       0       0       0       0       0       0       0       0       0
      Temps:          5       0       0       0       0       0       0       0       0       0       0       0       0       0       0       0       0
      Totals:        15       0       0       0       0       0       0       0       0       0       0       0       0       0       0       0       0
Total ram usage:       15 bytes
 Hardware stack levels used:    1
 Hardware stack levels required when called:    3
 This function calls:
		Nothing
 This function is called by:
		_main
 This function uses a non-reentrant model


 *************** function ___lbtoft *****************
 Defined at:
		line 28 in file "C:\Program Files (x86)\Microchip\xc8\v1.12\sources\lbtoft.c"
 Parameters:    Size  Location     Type
  c               1   25[COMRAM] unsigned char 
 Auto vars:     Size  Location     Type
		None
 Return value:  Size  Location     Type
                  3   25[COMRAM] float 
 Registers used:
		wreg, status,2, status,0, cstack
 Tracked objects:
		On entry : 
		On exit  : 
		Unchanged: 
 Data sizes:     COMRAM   BANK0   BANK1   BANK2   BANK3   BANK4   BANK5   BANK6   BANK7   BANK8   BANK9  BANK10  BANK11  BANK12  BANK13  BANK14  BANK15
      Params:         3       0       0       0       0       0       0       0       0       0       0       0       0       0       0       0       0
      Locals:         0       0       0       0       0       0       0       0       0       0       0       0       0       0       0       0       0
      Temps:          2       0       0       0       0       0       0       0       0       0       0       0       0       0       0       0       0
      Totals:         5       0       0       0       0       0       0       0       0       0       0       0       0       0       0       0       0
Total ram usage:        5 bytes
 Hardware stack levels used:    1
 Hardware stack levels required when called:    4
 This function calls:
		___ftpack
 This function is called by:
		_main
 This function uses a non-reentrant model


 *************** function ___ftpack *****************
 Defined at:
		line 63 in file "C:\Program Files (x86)\Microchip\xc8\v1.12\sources\float.c"
 Parameters:    Size  Location     Type
  arg             3   17[COMRAM] unsigned um
  exp             1   20[COMRAM] unsigned char 
  sign            1   21[COMRAM] unsigned char 
 Auto vars:     Size  Location     Type
		None
 Return value:  Size  Location     Type
                  3   17[COMRAM] float 
 Registers used:
		wreg, status,2, status,0
 Tracked objects:
		On entry : 
		On exit  : 
		Unchanged: 
 Data sizes:     COMRAM   BANK0   BANK1   BANK2   BANK3   BANK4   BANK5   BANK6   BANK7   BANK8   BANK9  BANK10  BANK11  BANK12  BANK13  BANK14  BANK15
      Params:         5       0       0       0       0       0       0       0       0       0       0       0       0       0       0       0       0
      Locals:         0       0       0       0       0       0       0       0       0       0       0       0       0       0       0       0       0
      Temps:          3       0       0       0       0       0       0       0       0       0       0       0       0       0       0       0       0
      Totals:         8       0       0       0       0       0       0       0       0       0       0       0       0       0       0       0       0
Total ram usage:        8 bytes
 Hardware stack levels used:    1
 Hardware stack levels required when called:    3
 This function calls:
		Nothing
 This function is called by:
		___ftmul
		___lbtoft
 This function uses a non-reentrant model


 *************** function _get_val_clav *****************
 Defined at:
		line 15 in file "clav.c"
 Parameters:    Size  Location     Type
		None
 Auto vars:     Size  Location     Type
		None
 Return value:  Size  Location     Type
                  1    wreg      unsigned char 
 Registers used:
		wreg, status,2, status,0, tblptrl, tblptrh, tblptru, cstack
 Tracked objects:
		On entry : 
		On exit  : 
		Unchanged: 
 Data sizes:     COMRAM   BANK0   BANK1   BANK2   BANK3   BANK4   BANK5   BANK6   BANK7   BANK8   BANK9  BANK10  BANK11  BANK12  BANK13  BANK14  BANK15
      Params:         0       0       0       0       0       0       0       0       0       0       0       0       0       0       0       0       0
      Locals:         0       0       0       0       0       0       0       0       0       0       0       0       0       0       0       0       0
      Temps:         14       0       0       0       0       0       0       0       0       0       0       0       0       0       0       0       0
      Totals:        14       0       0       0       0       0       0       0       0       0       0       0       0       0       0       0       0
Total ram usage:       14 bytes
 Hardware stack levels used:    1
 Hardware stack levels required when called:    2
 This function calls:
		_aff_lcd_clav
 This function is called by:
		Interrupt level 2
 This function uses a non-reentrant model


 *************** function _aff_lcd_clav *****************
 Defined at:
		line 63 in file "LCD.c"
 Parameters:    Size  Location     Type
  c               1    1[COMRAM] unsigned char 
 Auto vars:     Size  Location     Type
		None
 Return value:  Size  Location     Type
		None               void
 Registers used:
		wreg, status,2, status,0, tblptrl, tblptrh, tblptru, cstack
 Tracked objects:
		On entry : 
		On exit  : 
		Unchanged: 
 Data sizes:     COMRAM   BANK0   BANK1   BANK2   BANK3   BANK4   BANK5   BANK6   BANK7   BANK8   BANK9  BANK10  BANK11  BANK12  BANK13  BANK14  BANK15
      Params:         1       0       0       0       0       0       0       0       0       0       0       0       0       0       0       0       0
      Locals:         0       0       0       0       0       0       0       0       0       0       0       0       0       0       0       0       0
      Temps:          1       0       0       0       0       0       0       0       0       0       0       0       0       0       0       0       0
      Totals:         2       0       0       0       0       0       0       0       0       0       0       0       0       0       0       0       0
Total ram usage:        2 bytes
 Hardware stack levels used:    1
 Hardware stack levels required when called:    1
 This function calls:
		i2_acq
 This function is called by:
		_get_val_clav
 This function uses a non-reentrant model


 *************** function i2_acq *****************
 Defined at:
		line 52 in file "LCD.c"
 Parameters:    Size  Location     Type
		None
 Auto vars:     Size  Location     Type
		None
 Return value:  Size  Location     Type
		None               void
 Registers used:
		wreg, tblptrl, tblptrh, tblptru
 Tracked objects:
		On entry : 
		On exit  : 
		Unchanged: 
 Data sizes:     COMRAM   BANK0   BANK1   BANK2   BANK3   BANK4   BANK5   BANK6   BANK7   BANK8   BANK9  BANK10  BANK11  BANK12  BANK13  BANK14  BANK15
      Params:         0       0       0       0       0       0       0       0       0       0       0       0       0       0       0       0       0
      Locals:         0       0       0       0       0       0       0       0       0       0       0       0       0       0       0       0       0
      Temps:          1       0       0       0       0       0       0       0       0       0       0       0       0       0       0       0       0
      Totals:         1       0       0       0       0       0       0       0       0       0       0       0       0       0       0       0       0
Total ram usage:        1 bytes
 Hardware stack levels used:    1
 This function calls:
		Nothing
 This function is called by:
		_aff_lcd_clav
 This function uses a non-reentrant model



MODULE INFORMATION

Module		Function		Class		Link	Load	Size
fonction.c
		_delai_ms      		CODE           	0A62	0000	64
		_I2C_Init      		CODE           	0B7A	0000	28
		_Init          		CODE           	0AA2	0000	60

fonction.c estimated size: 152

C:\Program Files (x86)\Microchip\xc8\v1.12\sources\lbtoft.c
		___lbtoft      		CODE           	0B0A	0000	44

C:\Program Files (x86)\Microchip\xc8\v1.12\sources\lbtoft.c estimated size: 44

shared
		__initializatio		CODE           	0B96	0000	6
		i2_acq         		CODE           	0B58	0000	34

shared estimated size: 40

C:\Program Files (x86)\Microchip\xc8\v1.12\sources\ftmul.c
		___ftmul       		CODE           	01D8	0000	318

C:\Program Files (x86)\Microchip\xc8\v1.12\sources\ftmul.c estimated size: 318

C:\Program Files (x86)\Microchip\xc8\v1.12\sources\fttol.c
		___fttol       		CODE           	0316	0000	304

C:\Program Files (x86)\Microchip\xc8\v1.12\sources\fttol.c estimated size: 304

main.c
		_main          		CODE           	064C	0000	208

main.c estimated size: 208

C:\Program Files (x86)\Microchip\xc8\v1.12\sources\ftge.c
		___ftge        		CODE           	094C	0000	164

C:\Program Files (x86)\Microchip\xc8\v1.12\sources\ftge.c estimated size: 164

C:\Program Files (x86)\Microchip\xc8\v1.12\sources\awmod.c
		___awmod       		CODE           	08A4	0000	168

C:\Program Files (x86)\Microchip\xc8\v1.12\sources\awmod.c estimated size: 168

C:\Program Files (x86)\Microchip\xc8\v1.12\sources\awdiv.c
		___awdiv       		CODE           	07E8	0000	188

C:\Program Files (x86)\Microchip\xc8\v1.12\sources\awdiv.c estimated size: 188

clav.c
		_get_val_clav  		CODE           	0008	0000	140

clav.c estimated size: 140

CNA.c
		_DAC_write     		CODE           	09F0	0000	114
		_ADC_read      		CODE           	0ADE	0000	44

CNA.c estimated size: 158

C:\Program Files (x86)\Microchip\xc8\v1.12\sources\float.c
		___ftpack      		CODE           	055E	0000	238

C:\Program Files (x86)\Microchip\xc8\v1.12\sources\float.c estimated size: 238

LCD.c
		_acq           		CODE           	0B36	0000	34
		_aff_lcd_clav  		CODE           	0446	0000	280
		_writeLCD_numbe		CODE           	071C	0000	204
		_init_aff_lcd  		CODE           	0098	0000	320

LCD.c estimated size: 838

