Microchip MPLAB XC8 Compiler V2.32

Linker command line:

-W-3 --edf=/Applications/microchip/xc8/v2.32/pic/dat/en_msgs.txt -cn \
  -h+dist/default/production/CESI_ReseauTerrain_TP2.X.production.sym \
  --cmf=dist/default/production/CESI_ReseauTerrain_TP2.X.production.cmf -z \
  -Q18F87K22 -o/tmp/xcIyn1GMM --defsym=__MPLAB_BUILD=1 \
  -Mdist/default/production/CESI_ReseauTerrain_TP2.X.production.map -E1 \
  -ver=XC8 Compiler --acfsm=1493 -ASTACK=060h-0F15h -pstack=STACK \
  -ACODE=00h-01FFFFh -ACONST=00h-01FFFFh -ASMALLCONST=01000h-010FFhx496 \
  -AMEDIUMCONST=01000h-0FFFFh,011000h-01FFFFh -ACOMRAM=01h-05Fh \
  -AABS1=00h-0F15h -ABIGRAM=01h-0F15h \
  -ARAM=060h-0FFh,0100h-01FFhx14,0F00h-0F15h -ABANK0=060h-0FFh \
  -ABANK1=0100h-01FFh -ABANK2=0200h-02FFh -ABANK3=0300h-03FFh \
  -ABANK4=0400h-04FFh -ABANK5=0500h-05FFh -ABANK6=0600h-06FFh \
  -ABANK7=0700h-07FFh -ABANK8=0800h-08FFh -ABANK9=0900h-09FFh \
  -ABANK10=0A00h-0AFFh -ABANK11=0B00h-0BFFh -ABANK12=0C00h-0CFFh \
  -ABANK13=0D00h-0DFFh -ABANK14=0E00h-0EFFh -ABANK15=0F00h-0F15h \
  -ASFR=0F16h-0F5Fh,0F60h-0FFFh -ACONFIG=0300000h-030000Dh \
  -AIDLOC=0200000h-0200007h -AEEDATA=0F00000h-0F003FFh -peeprom_data=EEDATA \
  -preset_vec=00h,intcode,intcodelo,powerup,init -pramtop=01000h \
  -psmallconst=SMALLCONST -pmediumconst=MEDIUMCONST -pconst=CONST \
  -AFARRAM=00h-00h \
  -prdata=COMRAM,nvrram=COMRAM,nvbit=COMRAM,rbss=COMRAM,rbit=COMRAM \
  -pfarbss=FARRAM,fardata=FARRAM,nvFARRAM=FARRAM \
  -pintsave_regs=BIGRAM,bigbss=BIGRAM,bigdata=BIGRAM -pbss=RAM \
  -pidata=CODE,irdata=CODE,ibigdata=CODE,ifardata=CODE -prparam=COMRAM \
  /tmp/xcKd3lTQy.o \
  dist/default/production/CESI_ReseauTerrain_TP2.X.production.o 

Object code version is 3.11

Machine type is 18F87K22



                Name                               Link     Load   Length Selector   Space Scale
/tmp/xcKd3lTQy.o
                idloc                            200000   200000        8        0       5
                config                           300000   300000        E        0       4
                init                                  0        0        4        0       0
dist/default/production/CESI_ReseauTerrain_TP2.X.production.o
                idloc                            200000   200000        8        0       5
                config                           300000   300000        E        0       4
                smallconst                         1000     1000        8      800       0
                text20                             17A6     17A6        2      804       0
                text19                             172E     172E       1C      804       0
                text18                             1008     1008      122      804       0
                text17                             1370     1370       8E      804       0
                text16                             177E     177E       16      804       0
                text15                             16DC     16DC       2E      804       0
                text14                             1476     1476       76      804       0
                text13                             1764     1764       1A      804       0
                text12                             174A     174A       1A      804       0
                text11                             15B0     15B0       4E      804       0
                text10                             14EC     14EC       6E      804       0
                text9                              1672     1672       3A      804       0
                text8                              1638     1638       3A      804       0
                text7                              12E0     12E0       90      804       0
                text6                              155A     155A       56      804       0
                text5                              13FE     13FE       78      804       0
                text4                              15FE     15FE       3A      804       0
                text3                              170A     170A       24      804       0
                text2                              112A     112A       E2      804       0
                text1                              16AC     16AC       30      804       0
                text0                              120C     120C       D4      804       0
                cstackCOMRAM                          1        1        E        1       1
                bssCOMRAM                             F        F        7        1       1
                cinit                              1794     1794       12      804       0

TOTAL           Name                               Link     Load   Length     Space
        CLASS   STACK          

        CLASS   CODE           
                init                                  0        0        4         0
                text20                             17A6     17A6        2         0
                text19                             172E     172E       1C         0
                text18                             1008     1008      122         0
                text17                             1370     1370       8E         0
                text16                             177E     177E       16         0
                text15                             16DC     16DC       2E         0
                text14                             1476     1476       76         0
                text13                             1764     1764       1A         0
                text12                             174A     174A       1A         0
                text11                             15B0     15B0       4E         0
                text10                             14EC     14EC       6E         0
                text9                              1672     1672       3A         0
                text8                              1638     1638       3A         0
                text7                              12E0     12E0       90         0
                text6                              155A     155A       56         0
                text5                              13FE     13FE       78         0
                text4                              15FE     15FE       3A         0
                text3                              170A     170A       24         0
                text2                              112A     112A       E2         0
                text1                              16AC     16AC       30         0
                text0                              120C     120C       D4         0
                cinit                              1794     1794       12         0

        CLASS   CONST          

        CLASS   SMALLCONST     
                smallconst                         1000     1000        8         0

        CLASS   MEDIUMCONST    

        CLASS   COMRAM         
                cstackCOMRAM                          1        1        E         1
                bssCOMRAM                             F        F        7         1

        CLASS   ABS1           

        CLASS   BIGRAM         

        CLASS   RAM            

        CLASS   BANK0          

        CLASS   BANK1          

        CLASS   BANK2          

        CLASS   BANK3          

        CLASS   BANK4          

        CLASS   BANK5          

        CLASS   BANK6          

        CLASS   BANK7          

        CLASS   BANK8          

        CLASS   BANK9          

        CLASS   BANK10         

        CLASS   BANK11         

        CLASS   BANK12         

        CLASS   BANK13         

        CLASS   BANK14         

        CLASS   BANK15         

        CLASS   SFR            

        CLASS   CONFIG         
                config                           300000   300000        E         4

        CLASS   IDLOC          
                idloc                            200000   200000        8         5

        CLASS   EEDATA         

        CLASS   FARRAM         



SEGMENTS        Name                           Load    Length   Top    Selector   Space  Class

                reset_vec                      000000  000004  000004         0       0  CODE    
                text18                         001008  0007A0  0017A8       804       0  CODE    
                cstackCOMRAM                   000001  000015  000016         1       1  COMRAM  
                smallconst                     001000  000008  001008       800       0  SMALLCON


UNUSED ADDRESS RANGES

        Name                Unused          Largest block    Delta
        BANK0            000060-0000FF               A0
        BANK1            000100-0001FF              100
        BANK10           000A00-000AFF              100
        BANK11           000B00-000BFF              100
        BANK12           000C00-000CFF              100
        BANK13           000D00-000DFF              100
        BANK14           000E00-000EFF              100
        BANK15           000F00-000F15               16
        BANK2            000200-0002FF              100
        BANK3            000300-0003FF              100
        BANK4            000400-0004FF              100
        BANK5            000500-0005FF              100
        BANK6            000600-0006FF              100
        BANK7            000700-0007FF              100
        BANK8            000800-0008FF              100
        BANK9            000900-0009FF              100
        BIGRAM           000016-000F15              F00
        CODE             000004-000FFF              FFC
                         0017A8-01FFFF            1E858
        COMRAM           000016-00005F               4A
        CONST            000004-000FFF              FFC
                         0017A8-01FFFF            1E858
        EEDATA           F00000-F003FF              400
        MEDIUMCONST      0017A8-00FFFF             E858
                         011000-01FFFF             F000
        RAM              000060-000F15              100
        SFR              000F16-000FFF               4A
        SMALLCONST       0017A8-01FFFF              100
        STACK            000060-000F15              EB6

                                  Symbol Table

I2C_Read_Registers@pu8Values         cstackCOMRAM 000003
I2C_Read_Registers@u8Address         cstackCOMRAM 000005
I2C_Read_Registers@u8Cpt             cstackCOMRAM 000006
I2C_Read_Registers@u8FirstRegister   cstackCOMRAM 000001
I2C_Read_Registers@u8NbRegister      cstackCOMRAM 000002
I2C_Write_Register@u8Address         cstackCOMRAM 000003
I2C_Write_Register@u8Register        cstackCOMRAM 000001
I2C_Write_Register@u8Value           cstackCOMRAM 000002
_ANCON0                              (abs)        000F25
_ANCON1                              (abs)        000F24
_ANCON2                              (abs)        000F23
_EEP_SPI_Initialize                  text20       0017A6
_I2C_Initialize                      text19       00172E
_I2C_Read_Registers                  text18       001008
_I2C_Write_Register                  text17       001370
_INTCON2bits                         (abs)        000FF1
_LATCbits                            (abs)        000F8B
_LATFbits                            (abs)        000F8E
_LATGbits                            (abs)        000F8F
_LATH                                (abs)        000F90
_LATJ                                (abs)        000F91
_LATJbits                            (abs)        000F91
_MEMCON                              (abs)        000F26
_PADCFG1bits                         (abs)        000F53
_PIR1bits                            (abs)        000F9E
_PIR2bits                            (abs)        000FA1
_PORTDbits                           (abs)        000F83
_PORTH                               (abs)        000F87
_SPI_Initialize                      text16       00177E
_SSP1ADD                             (abs)        000FC8
_SSP1BUF                             (abs)        000FC9
_SSP1CON1                            (abs)        000FC6
_SSP1CON1bits                        (abs)        000FC6
_SSP1CON2                            (abs)        000FC5
_SSP1CON2bits                        (abs)        000FC5
_SSP1STAT                            (abs)        000FC7
_SSP2BUF                             (abs)        000F6A
_SSP2CON1                            (abs)        000F67
_SSP2CON1bits                        (abs)        000F67
_SSP2STAT                            (abs)        000F68
_TRISAbits                           (abs)        000F92
_TRISCbits                           (abs)        000F94
_TRISDbits                           (abs)        000F95
_TRISFbits                           (abs)        000F97
_TRISGbits                           (abs)        000F98
_TRISH                               (abs)        000F99
_TRISJ                               (abs)        000F9A
__HRAM                               (abs)        000000
__Habs1                              abs1         000000
__Hbank0                             bank0        000000
__Hbank1                             bank1        000000
__Hbank10                            bank10       000000
__Hbank11                            bank11       000000
__Hbank12                            bank12       000000
__Hbank13                            bank13       000000
__Hbank14                            bank14       000000
__Hbank15                            bank15       000000
__Hbank2                             bank2        000000
__Hbank3                             bank3        000000
__Hbank4                             bank4        000000
__Hbank5                             bank5        000000
__Hbank6                             bank6        000000
__Hbank7                             bank7        000000
__Hbank8                             bank8        000000
__Hbank9                             bank9        000000
__Hbigbss                            bigbss       000000
__Hbigdata                           bigdata      000000
__Hbigram                            bigram       000000
__Hbss                               bss          000000
__HbssCOMRAM                         bssCOMRAM    000000
__Hcinit                             cinit        000000
__Hclrtext                           clrtext      000000
__Hcomram                            comram       000000
__Hconfig                            config       30000E
__Hconst                             const        000000
__HcstackCOMRAM                      cstackCOMRAM 000000
__Hdata                              data         000000
__Heeprom_data                       eeprom_data  000000
__Hfarbss                            farbss       000000
__Hfardata                           fardata      000000
__Hibigdata                          ibigdata     000000
__Hidata                             idata        000000
__Hidloc                             idloc        200008
__Hifardata                          ifardata     000000
__Hinit                              init         000004
__Hintcode                           intcode      000000
__Hintcode_body                      intcode_body 000000
__Hintcodelo                         intcodelo    000000
__Hintentry                          intentry     000000
__Hintret                            intret       000000
__Hintsave_regs                      intsave_regs 000000
__Hirdata                            irdata       000000
__Hmediumconst                       mediumconst  000000
__HnvFARRAM                          nvFARRAM     000000
__Hnvbit                             nvbit        000000
__Hnvrram                            nvrram       000000
__Hparam                             rparam       000000
__Hpowerup                           powerup      000000
__Hram                               ram          000000
__Hramtop                            ramtop       001000
__Hrbit                              rbit         000000
__Hrbss                              rbss         000000
__Hrdata                             rdata        000000
__Hreset_vec                         reset_vec    000000
__Hrparam                            rparam       000000
__Hsfr                               sfr          000000
__Hsmallconst                        smallconst   001008
__Hspace_0                           (abs)        0017A8
__Hspace_1                           (abs)        000016
__Hspace_2                           (abs)        000000
__Hspace_4                           (abs)        60000E
__Hstack                             stack        000000
__Hstruct                            struct       000000
__Htemp                              temp         000000
__Htext                              text         000000
__Htext0                             text0        000000
__Htext1                             text1        000000
__Htext10                            text10       000000
__Htext11                            text11       000000
__Htext12                            text12       000000
__Htext13                            text13       000000
__Htext14                            text14       000000
__Htext15                            text15       000000
__Htext16                            text16       000000
__Htext17                            text17       000000
__Htext18                            text18       000000
__Htext19                            text19       000000
__Htext2                             text2        000000
__Htext20                            text20       000000
__Htext3                             text3        000000
__Htext4                             text4        000000
__Htext5                             text5        000000
__Htext6                             text6        000000
__Htext7                             text7        000000
__Htext8                             text8        000000
__Htext9                             text9        000000
__LRAM                               (abs)        000001
__Labs1                              abs1         000000
__Lbank0                             bank0        000000
__Lbank1                             bank1        000000
__Lbank10                            bank10       000000
__Lbank11                            bank11       000000
__Lbank12                            bank12       000000
__Lbank13                            bank13       000000
__Lbank14                            bank14       000000
__Lbank15                            bank15       000000
__Lbank2                             bank2        000000
__Lbank3                             bank3        000000
__Lbank4                             bank4        000000
__Lbank5                             bank5        000000
__Lbank6                             bank6        000000
__Lbank7                             bank7        000000
__Lbank8                             bank8        000000
__Lbank9                             bank9        000000
__Lbigbss                            bigbss       000000
__Lbigdata                           bigdata      000000
__Lbigram                            bigram       000000
__Lbss                               bss          000000
__LbssCOMRAM                         bssCOMRAM    000000
__Lcinit                             cinit        000000
__Lclrtext                           clrtext      000000
__Lcomram                            comram       000000
__Lconfig                            config       000000
__Lconst                             const        000000
__LcstackCOMRAM                      cstackCOMRAM 000000
__Ldata                              data         000000
__Leeprom_data                       eeprom_data  000000
__Lfarbss                            farbss       000000
__Lfardata                           fardata      000000
__Libigdata                          ibigdata     000000
__Lidata                             idata        000000
__Lidloc                             idloc        000000
__Lifardata                          ifardata     000000
__Linit                              init         000000
__Lintcode                           intcode      000000
__Lintcode_body                      intcode_body 000000
__Lintcodelo                         intcodelo    000000
__Lintentry                          intentry     000000
__Lintret                            intret       000000
__Lintsave_regs                      intsave_regs 000000
__Lirdata                            irdata       000000
__Lmediumconst                       mediumconst  000000
__LnvFARRAM                          nvFARRAM     000000
__Lnvbit                             nvbit        000000
__Lnvrram                            nvrram       000000
__Lparam                             rparam       000000
__Lpowerup                           powerup      000000
__Lram                               ram          000000
__Lramtop                            ramtop       001000
__Lrbit                              rbit         000000
__Lrbss                              rbss         000000
__Lrdata                             rdata        000000
__Lreset_vec                         reset_vec    000000
__Lrparam                            rparam       000000
__Lsfr                               sfr          000000
__Lsmallconst                        smallconst   001000
__Lspace_0                           (abs)        000000
__Lspace_1                           (abs)        000000
__Lspace_2                           (abs)        000000
__Lspace_4                           (abs)        000000
__Lstack                             stack        000000
__Lstruct                            struct       000000
__Ltemp                              temp         000000
__Ltext                              text         000000
__Ltext0                             text0        000000
__Ltext1                             text1        000000
__Ltext10                            text10       000000
__Ltext11                            text11       000000
__Ltext12                            text12       000000
__Ltext13                            text13       000000
__Ltext14                            text14       000000
__Ltext15                            text15       000000
__Ltext16                            text16       000000
__Ltext17                            text17       000000
__Ltext18                            text18       000000
__Ltext19                            text19       000000
__Ltext2                             text2        000000
__Ltext20                            text20       000000
__Ltext3                             text3        000000
__Ltext4                             text4        000000
__Ltext5                             text5        000000
__Ltext6                             text6        000000
__Ltext7                             text7        000000
__Ltext8                             text8        000000
__Ltext9                             text9        000000
__S0                                 (abs)        0017A8
__S1                                 (abs)        000016
__S2                                 (abs)        000000
__S4                                 (abs)        000000
__S5                                 (abs)        000000
___extmem_base                       (abs)        020000
___inthi_sp                          stack        000000
___intlo_sp                          stack        000000
___param_bank                        (abs)        000000
___rparam_used                       (abs)        000001
___sp                                stack        000000
__accesstop                          (abs)        000060
__activetblptr                       (abs)        000003
__end_of_EEP_SPI_Initialize          text20       0017A8
__end_of_I2C_Initialize              text19       00174A
__end_of_I2C_Read_Registers          text18       00112A
__end_of_I2C_Write_Register          text17       0013FE
__end_of_SPI_Initialize              text16       001794
__end_of__initialization             cinit        0017A0
__end_of_check_status_ok             text4        001638
__end_of_clear_graphics              text9        0016AC
__end_of_clear_text                  text8        001672
__end_of_command                     text3        00172E
__end_of_d1command                   text11       0015FE
__end_of_d2command                   text10       00155A
__end_of_delai_us_char               text15       00170A
__end_of_draw_hex8                   text7        001370
__end_of_draw_string                 text6        0015B0
__end_of_goto_lico                   text5        001476
__end_of_initialisation_afficheur    text2        00120C
__end_of_initialisation_des_ports    text1        0016DC
__end_of_main                        text0        0012E0
__end_of_wait_status_ok              text14       0014EC
__end_of_write_c_aff                 text13       00177E
__end_of_write_d_aff                 text12       001764
__initialization                     cinit        001794
__mediumconst                        mediumconst  000000
__pbssCOMRAM                         bssCOMRAM    00000F
__pcinit                             cinit        001794
__pcstackCOMRAM                      cstackCOMRAM 000001
__psmallconst                        smallconst   001000
__ptext0                             text0        00120C
__ptext1                             text1        0016AC
__ptext10                            text10       0014EC
__ptext11                            text11       0015B0
__ptext12                            text12       00174A
__ptext13                            text13       001764
__ptext14                            text14       001476
__ptext15                            text15       0016DC
__ptext16                            text16       00177E
__ptext17                            text17       001370
__ptext18                            text18       001008
__ptext19                            text19       00172E
__ptext2                             text2        00112A
__ptext20                            text20       0017A6
__ptext3                             text3        00170A
__ptext4                             text4        0015FE
__ptext5                             text5        0013FE
__ptext6                             text6        00155A
__ptext7                             text7        0012E0
__ptext8                             text8        001638
__ptext9                             text9        001672
__ramtop                             ramtop       001000
__size_of_EEP_SPI_Initialize         (abs)        000000
__size_of_I2C_Initialize             (abs)        000000
__size_of_I2C_Read_Registers         (abs)        000000
__size_of_I2C_Write_Register         (abs)        000000
__size_of_SPI_Initialize             (abs)        000000
__size_of_check_status_ok            (abs)        000000
__size_of_clear_graphics             (abs)        000000
__size_of_clear_text                 (abs)        000000
__size_of_command                    (abs)        000000
__size_of_d1command                  (abs)        000000
__size_of_d2command                  (abs)        000000
__size_of_delai_us_char              (abs)        000000
__size_of_draw_hex8                  (abs)        000000
__size_of_draw_string                (abs)        000000
__size_of_goto_lico                  (abs)        000000
__size_of_initialisation_afficheur   (abs)        000000
__size_of_initialisation_des_ports   (abs)        000000
__size_of_main                       (abs)        000000
__size_of_wait_status_ok             (abs)        000000
__size_of_write_c_aff                (abs)        000000
__size_of_write_d_aff                (abs)        000000
__smallconst                         smallconst   001000
_check_status_ok                     text4        0015FE
_clear_graphics                      text9        001672
_clear_text                          text8        001638
_command                             text3        00170A
_d1command                           text11       0015B0
_d2command                           text10       0014EC
_delai_us_char                       text15       0016DC
_draw_hex8                           text7        0012E0
_draw_string                         text6        00155A
_goto_lico                           text5        0013FE
_initialisation_afficheur            text2        00112A
_initialisation_des_ports            text1        0016AC
_main                                text0        00120C
_u8DataFromI2C                       bssCOMRAM    000012
_u8EventCounter                      bssCOMRAM    000013
_wait_status_ok                      text14       001476
_write_c_aff                         text13       001764
_write_d_aff                         text12       00174A
check_status_ok@res                  cstackCOMRAM 000001
clear_graphics@add                   cstackCOMRAM 000009
clear_text@add                       cstackCOMRAM 000009
command@cmd                          cstackCOMRAM 000005
d1command@cmd                        cstackCOMRAM 000005
d1command@d1                         cstackCOMRAM 000006
d1command@res                        cstackCOMRAM 000007
d2command@cmd                        cstackCOMRAM 000006
d2command@d1                         cstackCOMRAM 000007
d2command@d2                         cstackCOMRAM 000005
d2command@res                        cstackCOMRAM 000008
delai_us_char@ucdelai                cstackCOMRAM 000001
draw_hex8@c                          cstackCOMRAM 000009
draw_hex8@octet                      cstackCOMRAM 000008
draw_string@tableau                  cstackCOMRAM 000008
end_of_initialization                cinit        0017A0
goto_lico@adr                        cstackCOMRAM 00000D
goto_lico@colonne                    cstackCOMRAM 000009
goto_lico@ligne                      cstackCOMRAM 00000C
initialisation_afficheur@error_count cstackCOMRAM 000009
intlevel0                            text         000000
intlevel1                            text         000000
intlevel2                            text         000000
intlevel3                            text         000000
isa$std                              (abs)        000001
isa$xinst                            (abs)        000000
stackhi                              (abs)        000F15
stacklo                              (abs)        000060
start                                init         000000
start_initialization                 cinit        001794
wait_status_ok@err                   cstackCOMRAM 000002
wait_status_ok@res                   cstackCOMRAM 000004
wait_status_ok@status                cstackCOMRAM 000003
write_c_aff@command                  cstackCOMRAM 000001
write_d_aff@data                     cstackCOMRAM 000001


MODULE INFORMATION

Module		Function		Class		Link	Load	Size
afficheur.c
		_d2command     		CODE           	14EC	0000	110
		_write_d_aff   		CODE           	174A	0000	26
		_clear_text    		CODE           	1638	0000	58
		_initialisation_afficheur		CODE           	112A	0000	226
		_write_c_aff   		CODE           	1764	0000	26
		_clear_graphics		CODE           	1672	0000	58
		_draw_hex8     		CODE           	12E0	0000	144
		_delai_us_char 		CODE           	16DC	0000	46
		_draw_string   		CODE           	155A	0000	86
		_goto_lico     		CODE           	13FE	0000	120
		_command       		CODE           	170A	0000	36
		_wait_status_ok		CODE           	1476	0000	118
		_d1command     		CODE           	15B0	0000	78
		_check_status_ok		CODE           	15FE	0000	58

afficheur.c estimated size: 1190

i2c.c
		_I2C_Write_Register		CODE           	1370	0000	142
		_I2C_Read_Registers		CODE           	1008	0000	290
		_I2C_Initialize		CODE           	172E	0000	28

i2c.c estimated size: 460

spi.c
		_SPI_Initialize		CODE           	177E	0000	22

spi.c estimated size: 22

eep_spi.c
		_EEP_SPI_Initialize		CODE           	17A6	0000	2

eep_spi.c estimated size: 2

shared
		__initialization		CODE           	1794	0000	12

shared estimated size: 12

main.c
		_initialisation_des_ports		CODE           	16AC	0000	48
		_main          		CODE           	120C	0000	212

main.c estimated size: 260

