Flow report for MaP
Thu Jan 23 19:15:24 2014
Quartus II Version 9.0 Build 132 02/25/2009 SJ Web Edition


---------------------
; Table of Contents ;
---------------------
  1. Legal Notice
  2. Flow Summary
  3. Flow Settings
  4. Flow Non-Default Global Settings
  5. Flow Elapsed Time
  6. Flow OS Summary
  7. Flow Log



----------------
; Legal Notice ;
----------------
Copyright (C) 1991-2009 Altera Corporation
Your use of Altera Corporation's design tools, logic functions 
and other software and tools, and its AMPP partner logic 
functions, and any output files from any of the foregoing 
(including device programming or simulation files), and any 
associated documentation or information are expressly subject 
to the terms and conditions of the Altera Program License 
Subscription Agreement, Altera MegaCore Function License 
Agreement, or other applicable license agreement, including, 
without limitation, that your use is for the sole purpose of 
programming logic devices manufactured by Altera and sold by 
Altera or its authorized distributors.  Please refer to the 
applicable agreement for further details.



+------------------------------------------------------------------------------+
; Flow Summary                                                                 ;
+------------------------------------+-----------------------------------------+
; Flow Status                        ; Successful - Thu Jan 23 19:15:24 2014   ;
; Quartus II Version                 ; 9.0 Build 132 02/25/2009 SJ Web Edition ;
; Revision Name                      ; MaP                                     ;
; Top-level Entity Name              ; gest_can_gene                           ;
; Family                             ; Cyclone II                              ;
; Device                             ; EP2C5AT144A7                            ;
; Timing Models                      ; Final                                   ;
; Met timing requirements            ; N/A                                     ;
; Total logic elements               ; 79                                      ;
;     Total combinational functions  ; 79                                      ;
;     Dedicated logic registers      ; 37                                      ;
; Total registers                    ; 37                                      ;
; Total pins                         ; 33                                      ;
; Total virtual pins                 ; 0                                       ;
; Total memory bits                  ; 0                                       ;
; Embedded Multiplier 9-bit elements ; 0                                       ;
; Total PLLs                         ; 0                                       ;
+------------------------------------+-----------------------------------------+


+-----------------------------------------+
; Flow Settings                           ;
+-------------------+---------------------+
; Option            ; Setting             ;
+-------------------+---------------------+
; Start date & time ; 01/23/2014 19:15:23 ;
; Main task         ; Compilation         ;
; Revision Name     ; MaP                 ;
+-------------------+---------------------+


+--------------------------------------------------------------------------------------------------------------------+
; Flow Non-Default Global Settings                                                                                   ;
+------------------------------------+------------------------------+---------------+---------------+----------------+
; Assignment Name                    ; Value                        ; Default Value ; Entity Name   ; Section Id     ;
+------------------------------------+------------------------------+---------------+---------------+----------------+
; COMPILER_SIGNATURE_ID              ; 126176852979.139050092305328 ; --            ; --            ; --             ;
; MAX_CORE_JUNCTION_TEMP             ; 125                          ; --            ; --            ; --             ;
; MIN_CORE_JUNCTION_TEMP             ; -40                          ; --            ; --            ; --             ;
; PARTITION_COLOR                    ; 16764057                     ; --            ; gest_can_gene ; Top            ;
; PARTITION_NETLIST_TYPE             ; SOURCE                       ; --            ; gest_can_gene ; Top            ;
; TOP_LEVEL_ENTITY                   ; gest_can_gene                ; MaP           ; --            ; --             ;
; USE_GENERATED_PHYSICAL_CONSTRAINTS ; Off                          ; --            ; --            ; eda_blast_fpga ;
+------------------------------------+------------------------------+---------------+---------------+----------------+


+--------------------------------------------------------------------------------------------------------------------------+
; Flow Elapsed Time                                                                                                        ;
+----------------------+--------------+-------------------------+---------------------+------------------------------------+
; Module Name          ; Elapsed Time ; Average Processors Used ; Peak Virtual Memory ; Total CPU Time (on all processors) ;
+----------------------+--------------+-------------------------+---------------------+------------------------------------+
; Analysis & Synthesis ; 00:00:01     ; 1.0                     ; 269 MB              ; 00:00:01                           ;
; Total                ; 00:00:01     ; --                      ; --                  ; 00:00:01                           ;
+----------------------+--------------+-------------------------+---------------------+------------------------------------+


+------------------------------------------------------------------------------------+
; Flow OS Summary                                                                    ;
+----------------------+------------------+------------+------------+----------------+
; Module Name          ; Machine Hostname ; OS Name    ; OS Version ; Processor type ;
+----------------------+------------------+------------+------------+----------------+
; Analysis & Synthesis ; Hobbes2          ; Windows XP ; 5.1        ; x86_64         ;
+----------------------+------------------+------------+------------+----------------+


------------
; Flow Log ;
------------
quartus_map --read_settings_files=on --write_settings_files=off Mise_au_point -c MaP



