TimeQuest Timing Analyzer report for MaP
Tue Feb 21 14:05:17 2023
Quartus II Version 9.0 Build 132 02/25/2009 SJ Web Edition


---------------------
; Table of Contents ;
---------------------
  1. Legal Notice
  2. TimeQuest Timing Analyzer Summary
  3. Parallel Compilation
  4. Clocks
  5. Slow 1200mV 85C Model Fmax Summary
  6. Slow 1200mV 85C Model Setup Summary
  7. Slow 1200mV 85C Model Hold Summary
  8. Slow 1200mV 85C Model Recovery Summary
  9. Slow 1200mV 85C Model Removal Summary
 10. Slow 1200mV 85C Model Minimum Pulse Width
 11. Setup Times
 12. Hold Times
 13. Clock to Output Times
 14. Minimum Clock to Output Times
 15. Slow 1200mV 0C Model Fmax Summary
 16. Slow 1200mV 0C Model Setup Summary
 17. Slow 1200mV 0C Model Hold Summary
 18. Slow 1200mV 0C Model Recovery Summary
 19. Slow 1200mV 0C Model Removal Summary
 20. Slow 1200mV 0C Model Minimum Pulse Width
 21. Setup Times
 22. Hold Times
 23. Clock to Output Times
 24. Minimum Clock to Output Times
 25. Fast 1200mV 0C Model Setup Summary
 26. Fast 1200mV 0C Model Hold Summary
 27. Fast 1200mV 0C Model Recovery Summary
 28. Fast 1200mV 0C Model Removal Summary
 29. Fast 1200mV 0C Model Minimum Pulse Width
 30. Setup Times
 31. Hold Times
 32. Clock to Output Times
 33. Minimum Clock to Output Times
 34. Multicorner Timing Analysis Summary
 35. Setup Times
 36. Hold Times
 37. Clock to Output Times
 38. Minimum Clock to Output Times
 39. Board Trace Model Assignments
 40. Input Transition Times
 41. Slow Corner Signal Integrity Metrics
 42. Fast Corner Signal Integrity Metrics
 43. Setup Transfers
 44. Hold Transfers
 45. Report TCCS
 46. Report RSKM
 47. Unconstrained Paths
 48. TimeQuest Timing Analyzer Messages



----------------
; Legal Notice ;
----------------
Copyright (C) 1991-2009 Altera Corporation
Your use of Altera Corporation's design tools, logic functions 
and other software and tools, and its AMPP partner logic 
functions, and any output files from any of the foregoing 
(including device programming or simulation files), and any 
associated documentation or information are expressly subject 
to the terms and conditions of the Altera Program License 
Subscription Agreement, Altera MegaCore Function License 
Agreement, or other applicable license agreement, including, 
without limitation, that your use is for the sole purpose of 
programming logic devices manufactured by Altera and sold by 
Altera or its authorized distributors.  Please refer to the 
applicable agreement for further details.



+----------------------------------------------------------------------+
; TimeQuest Timing Analyzer Summary                                    ;
+--------------------+-------------------------------------------------+
; Quartus II Version ; Version 9.0 Build 132 02/25/2009 SJ Web Edition ;
; Revision Name      ; MaP                                             ;
; Device Family      ; Cyclone III                                     ;
; Device Name        ; EP3C5F256C6                                     ;
; Timing Models      ; Final                                           ;
; Delay Model        ; Combined                                        ;
; Rise/Fall Delays   ; Enabled                                         ;
+--------------------+-------------------------------------------------+


Parallel compilation was disabled, but you have multiple processors available. Enable parallel compilation to reduce compilation time.
+-------------------------------------+
; Parallel Compilation                ;
+----------------------------+--------+
; Processors                 ; Number ;
+----------------------------+--------+
; Number detected on machine ; 12     ;
; Maximum allowed            ; 1      ;
+----------------------------+--------+


+---------------------------------------------------------------------------------------------------------------------------------------------------------------------------------+
; Clocks                                                                                                                                                                          ;
+------------+------+--------+------------+-------+-------+------------+-----------+-------------+-------+--------+-----------+------------+----------+--------+--------+---------+
; Clock Name ; Type ; Period ; Frequency  ; Rise  ; Fall  ; Duty Cycle ; Divide by ; Multiply by ; Phase ; Offset ; Edge List ; Edge Shift ; Inverted ; Master ; Source ; Targets ;
+------------+------+--------+------------+-------+-------+------------+-----------+-------------+-------+--------+-----------+------------+----------+--------+--------+---------+
; clk        ; Base ; 1.000  ; 1000.0 MHz ; 0.000 ; 0.500 ;            ;           ;             ;       ;        ;           ;            ;          ;        ;        ; { clk } ;
+------------+------+--------+------------+-------+-------+------------+-----------+-------------+-------+--------+-----------+------------+----------+--------+--------+---------+


+-----------------------------------------------------------------------------------------------------------+
; Slow 1200mV 85C Model Fmax Summary                                                                        ;
+------------+-----------------+------------+---------------------------------------------------------------+
; Fmax       ; Restricted Fmax ; Clock Name ; Note                                                          ;
+------------+-----------------+------------+---------------------------------------------------------------+
; 389.11 MHz ; 250.0 MHz       ; clk        ; limit due to minimum period restriction (max I/O toggle rate) ;
+------------+-----------------+------------+---------------------------------------------------------------+
This panel reports FMAX for every clock in the design, regardless of the user-specified clock periods.  FMAX is only computed for paths where the source and destination registers or ports are driven by the same clock.  Paths of different clocks, including generated clocks, are ignored.  For paths between a clock and its inversion, FMAX is computed as if the rising and falling edges are scaled along with FMAX, such that the duty cycle (in terms of a percentage) is maintained. Altera recommends that you always use clock constraints and other slack reports for sign-off analysis.


+-------------------------------------+
; Slow 1200mV 85C Model Setup Summary ;
+-------+--------+--------------------+
; Clock ; Slack  ; End Point TNS      ;
+-------+--------+--------------------+
; clk   ; -1.570 ; -25.598            ;
+-------+--------+--------------------+


+------------------------------------+
; Slow 1200mV 85C Model Hold Summary ;
+-------+-------+--------------------+
; Clock ; Slack ; End Point TNS      ;
+-------+-------+--------------------+
; clk   ; 0.357 ; 0.000              ;
+-------+-------+--------------------+


------------------------------------------
; Slow 1200mV 85C Model Recovery Summary ;
------------------------------------------
No paths to report.


-----------------------------------------
; Slow 1200mV 85C Model Removal Summary ;
-----------------------------------------
No paths to report.


+--------------------------------------------------------------------------------------------------------------------+
; Slow 1200mV 85C Model Minimum Pulse Width                                                                          ;
+--------+--------------+----------------+-------+------------------+-------+------------+---------------------------+
; Slack  ; Actual Width ; Required Width ; CCPP  ; Type             ; Clock ; Clock Edge ; Target                    ;
+--------+--------------+----------------+-------+------------------+-------+------------+---------------------------+
; -3.000 ; 1.000        ; 4.000          ; 0.000 ; Port Rate        ; clk   ; Rise       ; clk                       ;
; -1.000 ; 1.000        ; 2.000          ; 0.000 ; Min Period       ; clk   ; Rise       ; cpt[0]                    ;
; -1.000 ; 1.000        ; 2.000          ; 0.000 ; Min Period       ; clk   ; Rise       ; cpt[10]                   ;
; -1.000 ; 1.000        ; 2.000          ; 0.000 ; Min Period       ; clk   ; Rise       ; cpt[11]                   ;
; -1.000 ; 1.000        ; 2.000          ; 0.000 ; Min Period       ; clk   ; Rise       ; cpt[12]                   ;
; -1.000 ; 1.000        ; 2.000          ; 0.000 ; Min Period       ; clk   ; Rise       ; cpt[13]                   ;
; -1.000 ; 1.000        ; 2.000          ; 0.000 ; Min Period       ; clk   ; Rise       ; cpt[14]                   ;
; -1.000 ; 1.000        ; 2.000          ; 0.000 ; Min Period       ; clk   ; Rise       ; cpt[15]                   ;
; -1.000 ; 1.000        ; 2.000          ; 0.000 ; Min Period       ; clk   ; Rise       ; cpt[16]                   ;
; -1.000 ; 1.000        ; 2.000          ; 0.000 ; Min Period       ; clk   ; Rise       ; cpt[17]                   ;
; -1.000 ; 1.000        ; 2.000          ; 0.000 ; Min Period       ; clk   ; Rise       ; cpt[18]                   ;
; -1.000 ; 1.000        ; 2.000          ; 0.000 ; Min Period       ; clk   ; Rise       ; cpt[1]                    ;
; -1.000 ; 1.000        ; 2.000          ; 0.000 ; Min Period       ; clk   ; Rise       ; cpt[2]                    ;
; -1.000 ; 1.000        ; 2.000          ; 0.000 ; Min Period       ; clk   ; Rise       ; cpt[3]                    ;
; -1.000 ; 1.000        ; 2.000          ; 0.000 ; Min Period       ; clk   ; Rise       ; cpt[4]                    ;
; -1.000 ; 1.000        ; 2.000          ; 0.000 ; Min Period       ; clk   ; Rise       ; cpt[5]                    ;
; -1.000 ; 1.000        ; 2.000          ; 0.000 ; Min Period       ; clk   ; Rise       ; cpt[6]                    ;
; -1.000 ; 1.000        ; 2.000          ; 0.000 ; Min Period       ; clk   ; Rise       ; cpt[7]                    ;
; -1.000 ; 1.000        ; 2.000          ; 0.000 ; Min Period       ; clk   ; Rise       ; cpt[8]                    ;
; -1.000 ; 1.000        ; 2.000          ; 0.000 ; Min Period       ; clk   ; Rise       ; cpt[9]                    ;
; -1.000 ; 1.000        ; 2.000          ; 0.000 ; Min Period       ; clk   ; Rise       ; down_out~reg0             ;
; -1.000 ; 1.000        ; 2.000          ; 0.000 ; Min Period       ; clk   ; Rise       ; state.e0                  ;
; -1.000 ; 1.000        ; 2.000          ; 0.000 ; Min Period       ; clk   ; Rise       ; state.e1                  ;
; -1.000 ; 1.000        ; 2.000          ; 0.000 ; Min Period       ; clk   ; Rise       ; up_out~reg0               ;
; -1.000 ; 1.000        ; 2.000          ; 0.000 ; Min Period       ; clk   ; Rise       ; valid_out~reg0            ;
; 0.170  ; 0.278        ; 0.184          ; 0.076 ; Low Pulse Width  ; clk   ; Rise       ; cpt[0]                    ;
; 0.170  ; 0.278        ; 0.184          ; 0.076 ; Low Pulse Width  ; clk   ; Rise       ; cpt[10]                   ;
; 0.170  ; 0.278        ; 0.184          ; 0.076 ; Low Pulse Width  ; clk   ; Rise       ; cpt[11]                   ;
; 0.170  ; 0.278        ; 0.184          ; 0.076 ; Low Pulse Width  ; clk   ; Rise       ; cpt[12]                   ;
; 0.170  ; 0.278        ; 0.184          ; 0.076 ; Low Pulse Width  ; clk   ; Rise       ; cpt[13]                   ;
; 0.170  ; 0.278        ; 0.184          ; 0.076 ; Low Pulse Width  ; clk   ; Rise       ; cpt[14]                   ;
; 0.170  ; 0.278        ; 0.184          ; 0.076 ; Low Pulse Width  ; clk   ; Rise       ; cpt[15]                   ;
; 0.170  ; 0.278        ; 0.184          ; 0.076 ; Low Pulse Width  ; clk   ; Rise       ; cpt[16]                   ;
; 0.170  ; 0.278        ; 0.184          ; 0.076 ; Low Pulse Width  ; clk   ; Rise       ; cpt[17]                   ;
; 0.170  ; 0.278        ; 0.184          ; 0.076 ; Low Pulse Width  ; clk   ; Rise       ; cpt[18]                   ;
; 0.170  ; 0.278        ; 0.184          ; 0.076 ; Low Pulse Width  ; clk   ; Rise       ; cpt[1]                    ;
; 0.170  ; 0.278        ; 0.184          ; 0.076 ; Low Pulse Width  ; clk   ; Rise       ; cpt[2]                    ;
; 0.170  ; 0.278        ; 0.184          ; 0.076 ; Low Pulse Width  ; clk   ; Rise       ; cpt[3]                    ;
; 0.170  ; 0.278        ; 0.184          ; 0.076 ; Low Pulse Width  ; clk   ; Rise       ; cpt[4]                    ;
; 0.170  ; 0.278        ; 0.184          ; 0.076 ; Low Pulse Width  ; clk   ; Rise       ; cpt[5]                    ;
; 0.170  ; 0.278        ; 0.184          ; 0.076 ; Low Pulse Width  ; clk   ; Rise       ; cpt[6]                    ;
; 0.170  ; 0.278        ; 0.184          ; 0.076 ; Low Pulse Width  ; clk   ; Rise       ; cpt[7]                    ;
; 0.170  ; 0.278        ; 0.184          ; 0.076 ; Low Pulse Width  ; clk   ; Rise       ; cpt[8]                    ;
; 0.170  ; 0.278        ; 0.184          ; 0.076 ; Low Pulse Width  ; clk   ; Rise       ; cpt[9]                    ;
; 0.170  ; 0.279        ; 0.184          ; 0.075 ; Low Pulse Width  ; clk   ; Rise       ; down_out~reg0             ;
; 0.170  ; 0.279        ; 0.184          ; 0.075 ; Low Pulse Width  ; clk   ; Rise       ; state.e0                  ;
; 0.170  ; 0.279        ; 0.184          ; 0.075 ; Low Pulse Width  ; clk   ; Rise       ; state.e1                  ;
; 0.170  ; 0.279        ; 0.184          ; 0.075 ; Low Pulse Width  ; clk   ; Rise       ; up_out~reg0               ;
; 0.170  ; 0.279        ; 0.184          ; 0.075 ; Low Pulse Width  ; clk   ; Rise       ; valid_out~reg0            ;
; 0.332  ; 0.294        ; 0.000          ; 0.038 ; Low Pulse Width  ; clk   ; Rise       ; cpt[0]|clk                ;
; 0.332  ; 0.294        ; 0.000          ; 0.038 ; Low Pulse Width  ; clk   ; Rise       ; cpt[10]|clk               ;
; 0.332  ; 0.294        ; 0.000          ; 0.038 ; Low Pulse Width  ; clk   ; Rise       ; cpt[11]|clk               ;
; 0.332  ; 0.294        ; 0.000          ; 0.038 ; Low Pulse Width  ; clk   ; Rise       ; cpt[12]|clk               ;
; 0.332  ; 0.294        ; 0.000          ; 0.038 ; Low Pulse Width  ; clk   ; Rise       ; cpt[13]|clk               ;
; 0.332  ; 0.294        ; 0.000          ; 0.038 ; Low Pulse Width  ; clk   ; Rise       ; cpt[14]|clk               ;
; 0.332  ; 0.294        ; 0.000          ; 0.038 ; Low Pulse Width  ; clk   ; Rise       ; cpt[15]|clk               ;
; 0.332  ; 0.294        ; 0.000          ; 0.038 ; Low Pulse Width  ; clk   ; Rise       ; cpt[16]|clk               ;
; 0.332  ; 0.294        ; 0.000          ; 0.038 ; Low Pulse Width  ; clk   ; Rise       ; cpt[17]|clk               ;
; 0.332  ; 0.294        ; 0.000          ; 0.038 ; Low Pulse Width  ; clk   ; Rise       ; cpt[18]|clk               ;
; 0.332  ; 0.294        ; 0.000          ; 0.038 ; Low Pulse Width  ; clk   ; Rise       ; cpt[1]|clk                ;
; 0.332  ; 0.294        ; 0.000          ; 0.038 ; Low Pulse Width  ; clk   ; Rise       ; cpt[2]|clk                ;
; 0.332  ; 0.294        ; 0.000          ; 0.038 ; Low Pulse Width  ; clk   ; Rise       ; cpt[3]|clk                ;
; 0.332  ; 0.294        ; 0.000          ; 0.038 ; Low Pulse Width  ; clk   ; Rise       ; cpt[4]|clk                ;
; 0.332  ; 0.294        ; 0.000          ; 0.038 ; Low Pulse Width  ; clk   ; Rise       ; cpt[5]|clk                ;
; 0.332  ; 0.294        ; 0.000          ; 0.038 ; Low Pulse Width  ; clk   ; Rise       ; cpt[6]|clk                ;
; 0.332  ; 0.294        ; 0.000          ; 0.038 ; Low Pulse Width  ; clk   ; Rise       ; cpt[7]|clk                ;
; 0.332  ; 0.294        ; 0.000          ; 0.038 ; Low Pulse Width  ; clk   ; Rise       ; cpt[8]|clk                ;
; 0.332  ; 0.294        ; 0.000          ; 0.038 ; Low Pulse Width  ; clk   ; Rise       ; cpt[9]|clk                ;
; 0.332  ; 0.295        ; 0.000          ; 0.037 ; Low Pulse Width  ; clk   ; Rise       ; down_out~reg0|clk         ;
; 0.332  ; 0.295        ; 0.000          ; 0.037 ; Low Pulse Width  ; clk   ; Rise       ; state.e0|clk              ;
; 0.332  ; 0.295        ; 0.000          ; 0.037 ; Low Pulse Width  ; clk   ; Rise       ; state.e1|clk              ;
; 0.332  ; 0.295        ; 0.000          ; 0.037 ; Low Pulse Width  ; clk   ; Rise       ; up_out~reg0|clk           ;
; 0.332  ; 0.295        ; 0.000          ; 0.037 ; Low Pulse Width  ; clk   ; Rise       ; valid_out~reg0|clk        ;
; 0.338  ; 0.338        ; 0.000          ; 0.000 ; Low Pulse Width  ; clk   ; Rise       ; clk~input|o               ;
; 0.359  ; 0.353        ; 0.000          ; 0.006 ; Low Pulse Width  ; clk   ; Rise       ; clk~inputclkctrl|inclk[0] ;
; 0.359  ; 0.353        ; 0.000          ; 0.006 ; Low Pulse Width  ; clk   ; Rise       ; clk~inputclkctrl|outclk   ;
; 0.427  ; 0.568        ; 0.216          ; 0.075 ; High Pulse Width ; clk   ; Rise       ; down_out~reg0             ;
; 0.427  ; 0.568        ; 0.216          ; 0.075 ; High Pulse Width ; clk   ; Rise       ; state.e0                  ;
; 0.427  ; 0.568        ; 0.216          ; 0.075 ; High Pulse Width ; clk   ; Rise       ; state.e1                  ;
; 0.427  ; 0.568        ; 0.216          ; 0.075 ; High Pulse Width ; clk   ; Rise       ; up_out~reg0               ;
; 0.427  ; 0.568        ; 0.216          ; 0.075 ; High Pulse Width ; clk   ; Rise       ; valid_out~reg0            ;
; 0.428  ; 0.568        ; 0.216          ; 0.076 ; High Pulse Width ; clk   ; Rise       ; cpt[0]                    ;
; 0.428  ; 0.568        ; 0.216          ; 0.076 ; High Pulse Width ; clk   ; Rise       ; cpt[10]                   ;
; 0.428  ; 0.568        ; 0.216          ; 0.076 ; High Pulse Width ; clk   ; Rise       ; cpt[11]                   ;
; 0.428  ; 0.568        ; 0.216          ; 0.076 ; High Pulse Width ; clk   ; Rise       ; cpt[12]                   ;
; 0.428  ; 0.568        ; 0.216          ; 0.076 ; High Pulse Width ; clk   ; Rise       ; cpt[13]                   ;
; 0.428  ; 0.568        ; 0.216          ; 0.076 ; High Pulse Width ; clk   ; Rise       ; cpt[14]                   ;
; 0.428  ; 0.568        ; 0.216          ; 0.076 ; High Pulse Width ; clk   ; Rise       ; cpt[15]                   ;
; 0.428  ; 0.568        ; 0.216          ; 0.076 ; High Pulse Width ; clk   ; Rise       ; cpt[16]                   ;
; 0.428  ; 0.568        ; 0.216          ; 0.076 ; High Pulse Width ; clk   ; Rise       ; cpt[17]                   ;
; 0.428  ; 0.568        ; 0.216          ; 0.076 ; High Pulse Width ; clk   ; Rise       ; cpt[18]                   ;
; 0.428  ; 0.568        ; 0.216          ; 0.076 ; High Pulse Width ; clk   ; Rise       ; cpt[1]                    ;
; 0.428  ; 0.568        ; 0.216          ; 0.076 ; High Pulse Width ; clk   ; Rise       ; cpt[2]                    ;
; 0.428  ; 0.568        ; 0.216          ; 0.076 ; High Pulse Width ; clk   ; Rise       ; cpt[3]                    ;
; 0.428  ; 0.568        ; 0.216          ; 0.076 ; High Pulse Width ; clk   ; Rise       ; cpt[4]                    ;
; 0.428  ; 0.568        ; 0.216          ; 0.076 ; High Pulse Width ; clk   ; Rise       ; cpt[5]                    ;
; 0.428  ; 0.568        ; 0.216          ; 0.076 ; High Pulse Width ; clk   ; Rise       ; cpt[6]                    ;
; 0.428  ; 0.568        ; 0.216          ; 0.076 ; High Pulse Width ; clk   ; Rise       ; cpt[7]                    ;
; 0.428  ; 0.568        ; 0.216          ; 0.076 ; High Pulse Width ; clk   ; Rise       ; cpt[8]                    ;
; 0.428  ; 0.568        ; 0.216          ; 0.076 ; High Pulse Width ; clk   ; Rise       ; cpt[9]                    ;
+--------+--------------+----------------+-------+------------------+-------+------------+---------------------------+


+-----------------------------------------------------------------------+
; Setup Times                                                           ;
+-----------+------------+-------+-------+------------+-----------------+
; Data Port ; Clock Port ; Rise  ; Fall  ; Clock Edge ; Clock Reference ;
+-----------+------------+-------+-------+------------+-----------------+
; arazb     ; clk        ; 1.152 ; 1.300 ; Rise       ; clk             ;
; down_in   ; clk        ; 3.934 ; 4.393 ; Rise       ; clk             ;
; up_in     ; clk        ; 3.962 ; 4.442 ; Rise       ; clk             ;
; valid_in  ; clk        ; 3.972 ; 4.412 ; Rise       ; clk             ;
+-----------+------------+-------+-------+------------+-----------------+


+-------------------------------------------------------------------------+
; Hold Times                                                              ;
+-----------+------------+--------+--------+------------+-----------------+
; Data Port ; Clock Port ; Rise   ; Fall   ; Clock Edge ; Clock Reference ;
+-----------+------------+--------+--------+------------+-----------------+
; arazb     ; clk        ; -0.487 ; -0.617 ; Rise       ; clk             ;
; down_in   ; clk        ; -2.101 ; -2.542 ; Rise       ; clk             ;
; up_in     ; clk        ; -1.668 ; -2.105 ; Rise       ; clk             ;
; valid_in  ; clk        ; -2.151 ; -2.589 ; Rise       ; clk             ;
+-----------+------------+--------+--------+------------+-----------------+


+-----------------------------------------------------------------------+
; Clock to Output Times                                                 ;
+-----------+------------+-------+-------+------------+-----------------+
; Data Port ; Clock Port ; Rise  ; Fall  ; Clock Edge ; Clock Reference ;
+-----------+------------+-------+-------+------------+-----------------+
; down_out  ; clk        ; 5.401 ; 5.423 ; Rise       ; clk             ;
; up_out    ; clk        ; 5.566 ; 5.608 ; Rise       ; clk             ;
; valid_out ; clk        ; 7.441 ; 7.553 ; Rise       ; clk             ;
+-----------+------------+-------+-------+------------+-----------------+


+-----------------------------------------------------------------------+
; Minimum Clock to Output Times                                         ;
+-----------+------------+-------+-------+------------+-----------------+
; Data Port ; Clock Port ; Rise  ; Fall  ; Clock Edge ; Clock Reference ;
+-----------+------------+-------+-------+------------+-----------------+
; down_out  ; clk        ; 5.282 ; 5.303 ; Rise       ; clk             ;
; up_out    ; clk        ; 5.444 ; 5.484 ; Rise       ; clk             ;
; valid_out ; clk        ; 7.292 ; 7.403 ; Rise       ; clk             ;
+-----------+------------+-------+-------+------------+-----------------+


+-----------------------------------------------------------------------------------------------------------+
; Slow 1200mV 0C Model Fmax Summary                                                                         ;
+------------+-----------------+------------+---------------------------------------------------------------+
; Fmax       ; Restricted Fmax ; Clock Name ; Note                                                          ;
+------------+-----------------+------------+---------------------------------------------------------------+
; 435.16 MHz ; 250.0 MHz       ; clk        ; limit due to minimum period restriction (max I/O toggle rate) ;
+------------+-----------------+------------+---------------------------------------------------------------+
This panel reports FMAX for every clock in the design, regardless of the user-specified clock periods.  FMAX is only computed for paths where the source and destination registers or ports are driven by the same clock.  Paths of different clocks, including generated clocks, are ignored.  For paths between a clock and its inversion, FMAX is computed as if the rising and falling edges are scaled along with FMAX, such that the duty cycle (in terms of a percentage) is maintained. Altera recommends that you always use clock constraints and other slack reports for sign-off analysis.


+------------------------------------+
; Slow 1200mV 0C Model Setup Summary ;
+-------+--------+-------------------+
; Clock ; Slack  ; End Point TNS     ;
+-------+--------+-------------------+
; clk   ; -1.298 ; -20.115           ;
+-------+--------+-------------------+


+-----------------------------------+
; Slow 1200mV 0C Model Hold Summary ;
+-------+-------+-------------------+
; Clock ; Slack ; End Point TNS     ;
+-------+-------+-------------------+
; clk   ; 0.310 ; 0.000             ;
+-------+-------+-------------------+


-----------------------------------------
; Slow 1200mV 0C Model Recovery Summary ;
-----------------------------------------
No paths to report.


----------------------------------------
; Slow 1200mV 0C Model Removal Summary ;
----------------------------------------
No paths to report.


+--------------------------------------------------------------------------------------------------------------------+
; Slow 1200mV 0C Model Minimum Pulse Width                                                                           ;
+--------+--------------+----------------+-------+------------------+-------+------------+---------------------------+
; Slack  ; Actual Width ; Required Width ; CCPP  ; Type             ; Clock ; Clock Edge ; Target                    ;
+--------+--------------+----------------+-------+------------------+-------+------------+---------------------------+
; -3.000 ; 1.000        ; 4.000          ; 0.000 ; Port Rate        ; clk   ; Rise       ; clk                       ;
; -1.000 ; 1.000        ; 2.000          ; 0.000 ; Min Period       ; clk   ; Rise       ; cpt[0]                    ;
; -1.000 ; 1.000        ; 2.000          ; 0.000 ; Min Period       ; clk   ; Rise       ; cpt[10]                   ;
; -1.000 ; 1.000        ; 2.000          ; 0.000 ; Min Period       ; clk   ; Rise       ; cpt[11]                   ;
; -1.000 ; 1.000        ; 2.000          ; 0.000 ; Min Period       ; clk   ; Rise       ; cpt[12]                   ;
; -1.000 ; 1.000        ; 2.000          ; 0.000 ; Min Period       ; clk   ; Rise       ; cpt[13]                   ;
; -1.000 ; 1.000        ; 2.000          ; 0.000 ; Min Period       ; clk   ; Rise       ; cpt[14]                   ;
; -1.000 ; 1.000        ; 2.000          ; 0.000 ; Min Period       ; clk   ; Rise       ; cpt[15]                   ;
; -1.000 ; 1.000        ; 2.000          ; 0.000 ; Min Period       ; clk   ; Rise       ; cpt[16]                   ;
; -1.000 ; 1.000        ; 2.000          ; 0.000 ; Min Period       ; clk   ; Rise       ; cpt[17]                   ;
; -1.000 ; 1.000        ; 2.000          ; 0.000 ; Min Period       ; clk   ; Rise       ; cpt[18]                   ;
; -1.000 ; 1.000        ; 2.000          ; 0.000 ; Min Period       ; clk   ; Rise       ; cpt[1]                    ;
; -1.000 ; 1.000        ; 2.000          ; 0.000 ; Min Period       ; clk   ; Rise       ; cpt[2]                    ;
; -1.000 ; 1.000        ; 2.000          ; 0.000 ; Min Period       ; clk   ; Rise       ; cpt[3]                    ;
; -1.000 ; 1.000        ; 2.000          ; 0.000 ; Min Period       ; clk   ; Rise       ; cpt[4]                    ;
; -1.000 ; 1.000        ; 2.000          ; 0.000 ; Min Period       ; clk   ; Rise       ; cpt[5]                    ;
; -1.000 ; 1.000        ; 2.000          ; 0.000 ; Min Period       ; clk   ; Rise       ; cpt[6]                    ;
; -1.000 ; 1.000        ; 2.000          ; 0.000 ; Min Period       ; clk   ; Rise       ; cpt[7]                    ;
; -1.000 ; 1.000        ; 2.000          ; 0.000 ; Min Period       ; clk   ; Rise       ; cpt[8]                    ;
; -1.000 ; 1.000        ; 2.000          ; 0.000 ; Min Period       ; clk   ; Rise       ; cpt[9]                    ;
; -1.000 ; 1.000        ; 2.000          ; 0.000 ; Min Period       ; clk   ; Rise       ; down_out~reg0             ;
; -1.000 ; 1.000        ; 2.000          ; 0.000 ; Min Period       ; clk   ; Rise       ; state.e0                  ;
; -1.000 ; 1.000        ; 2.000          ; 0.000 ; Min Period       ; clk   ; Rise       ; state.e1                  ;
; -1.000 ; 1.000        ; 2.000          ; 0.000 ; Min Period       ; clk   ; Rise       ; up_out~reg0               ;
; -1.000 ; 1.000        ; 2.000          ; 0.000 ; Min Period       ; clk   ; Rise       ; valid_out~reg0            ;
; 0.173  ; 0.290        ; 0.184          ; 0.067 ; Low Pulse Width  ; clk   ; Rise       ; cpt[0]                    ;
; 0.173  ; 0.290        ; 0.184          ; 0.067 ; Low Pulse Width  ; clk   ; Rise       ; cpt[10]                   ;
; 0.173  ; 0.290        ; 0.184          ; 0.067 ; Low Pulse Width  ; clk   ; Rise       ; cpt[11]                   ;
; 0.173  ; 0.290        ; 0.184          ; 0.067 ; Low Pulse Width  ; clk   ; Rise       ; cpt[12]                   ;
; 0.173  ; 0.290        ; 0.184          ; 0.067 ; Low Pulse Width  ; clk   ; Rise       ; cpt[13]                   ;
; 0.173  ; 0.290        ; 0.184          ; 0.067 ; Low Pulse Width  ; clk   ; Rise       ; cpt[14]                   ;
; 0.173  ; 0.290        ; 0.184          ; 0.067 ; Low Pulse Width  ; clk   ; Rise       ; cpt[15]                   ;
; 0.173  ; 0.290        ; 0.184          ; 0.067 ; Low Pulse Width  ; clk   ; Rise       ; cpt[16]                   ;
; 0.173  ; 0.290        ; 0.184          ; 0.067 ; Low Pulse Width  ; clk   ; Rise       ; cpt[17]                   ;
; 0.173  ; 0.290        ; 0.184          ; 0.067 ; Low Pulse Width  ; clk   ; Rise       ; cpt[18]                   ;
; 0.173  ; 0.290        ; 0.184          ; 0.067 ; Low Pulse Width  ; clk   ; Rise       ; cpt[1]                    ;
; 0.173  ; 0.290        ; 0.184          ; 0.067 ; Low Pulse Width  ; clk   ; Rise       ; cpt[2]                    ;
; 0.173  ; 0.290        ; 0.184          ; 0.067 ; Low Pulse Width  ; clk   ; Rise       ; cpt[3]                    ;
; 0.173  ; 0.290        ; 0.184          ; 0.067 ; Low Pulse Width  ; clk   ; Rise       ; cpt[4]                    ;
; 0.173  ; 0.290        ; 0.184          ; 0.067 ; Low Pulse Width  ; clk   ; Rise       ; cpt[5]                    ;
; 0.173  ; 0.290        ; 0.184          ; 0.067 ; Low Pulse Width  ; clk   ; Rise       ; cpt[6]                    ;
; 0.173  ; 0.290        ; 0.184          ; 0.067 ; Low Pulse Width  ; clk   ; Rise       ; cpt[7]                    ;
; 0.173  ; 0.290        ; 0.184          ; 0.067 ; Low Pulse Width  ; clk   ; Rise       ; cpt[8]                    ;
; 0.173  ; 0.290        ; 0.184          ; 0.067 ; Low Pulse Width  ; clk   ; Rise       ; cpt[9]                    ;
; 0.173  ; 0.290        ; 0.184          ; 0.067 ; Low Pulse Width  ; clk   ; Rise       ; down_out~reg0             ;
; 0.173  ; 0.290        ; 0.184          ; 0.067 ; Low Pulse Width  ; clk   ; Rise       ; state.e0                  ;
; 0.173  ; 0.290        ; 0.184          ; 0.067 ; Low Pulse Width  ; clk   ; Rise       ; state.e1                  ;
; 0.173  ; 0.290        ; 0.184          ; 0.067 ; Low Pulse Width  ; clk   ; Rise       ; up_out~reg0               ;
; 0.173  ; 0.290        ; 0.184          ; 0.067 ; Low Pulse Width  ; clk   ; Rise       ; valid_out~reg0            ;
; 0.333  ; 0.300        ; 0.000          ; 0.033 ; Low Pulse Width  ; clk   ; Rise       ; cpt[0]|clk                ;
; 0.333  ; 0.300        ; 0.000          ; 0.033 ; Low Pulse Width  ; clk   ; Rise       ; cpt[10]|clk               ;
; 0.333  ; 0.300        ; 0.000          ; 0.033 ; Low Pulse Width  ; clk   ; Rise       ; cpt[11]|clk               ;
; 0.333  ; 0.300        ; 0.000          ; 0.033 ; Low Pulse Width  ; clk   ; Rise       ; cpt[12]|clk               ;
; 0.333  ; 0.300        ; 0.000          ; 0.033 ; Low Pulse Width  ; clk   ; Rise       ; cpt[13]|clk               ;
; 0.333  ; 0.300        ; 0.000          ; 0.033 ; Low Pulse Width  ; clk   ; Rise       ; cpt[14]|clk               ;
; 0.333  ; 0.300        ; 0.000          ; 0.033 ; Low Pulse Width  ; clk   ; Rise       ; cpt[15]|clk               ;
; 0.333  ; 0.300        ; 0.000          ; 0.033 ; Low Pulse Width  ; clk   ; Rise       ; cpt[16]|clk               ;
; 0.333  ; 0.300        ; 0.000          ; 0.033 ; Low Pulse Width  ; clk   ; Rise       ; cpt[17]|clk               ;
; 0.333  ; 0.300        ; 0.000          ; 0.033 ; Low Pulse Width  ; clk   ; Rise       ; cpt[18]|clk               ;
; 0.333  ; 0.300        ; 0.000          ; 0.033 ; Low Pulse Width  ; clk   ; Rise       ; cpt[1]|clk                ;
; 0.333  ; 0.300        ; 0.000          ; 0.033 ; Low Pulse Width  ; clk   ; Rise       ; cpt[2]|clk                ;
; 0.333  ; 0.300        ; 0.000          ; 0.033 ; Low Pulse Width  ; clk   ; Rise       ; cpt[3]|clk                ;
; 0.333  ; 0.300        ; 0.000          ; 0.033 ; Low Pulse Width  ; clk   ; Rise       ; cpt[4]|clk                ;
; 0.333  ; 0.300        ; 0.000          ; 0.033 ; Low Pulse Width  ; clk   ; Rise       ; cpt[5]|clk                ;
; 0.333  ; 0.300        ; 0.000          ; 0.033 ; Low Pulse Width  ; clk   ; Rise       ; cpt[6]|clk                ;
; 0.333  ; 0.300        ; 0.000          ; 0.033 ; Low Pulse Width  ; clk   ; Rise       ; cpt[7]|clk                ;
; 0.333  ; 0.300        ; 0.000          ; 0.033 ; Low Pulse Width  ; clk   ; Rise       ; cpt[8]|clk                ;
; 0.333  ; 0.300        ; 0.000          ; 0.033 ; Low Pulse Width  ; clk   ; Rise       ; cpt[9]|clk                ;
; 0.333  ; 0.300        ; 0.000          ; 0.033 ; Low Pulse Width  ; clk   ; Rise       ; down_out~reg0|clk         ;
; 0.333  ; 0.300        ; 0.000          ; 0.033 ; Low Pulse Width  ; clk   ; Rise       ; state.e0|clk              ;
; 0.333  ; 0.300        ; 0.000          ; 0.033 ; Low Pulse Width  ; clk   ; Rise       ; state.e1|clk              ;
; 0.333  ; 0.300        ; 0.000          ; 0.033 ; Low Pulse Width  ; clk   ; Rise       ; up_out~reg0|clk           ;
; 0.333  ; 0.300        ; 0.000          ; 0.033 ; Low Pulse Width  ; clk   ; Rise       ; valid_out~reg0|clk        ;
; 0.338  ; 0.338        ; 0.000          ; 0.000 ; Low Pulse Width  ; clk   ; Rise       ; clk~input|o               ;
; 0.350  ; 0.344        ; 0.000          ; 0.006 ; Low Pulse Width  ; clk   ; Rise       ; clk~inputclkctrl|inclk[0] ;
; 0.350  ; 0.344        ; 0.000          ; 0.006 ; Low Pulse Width  ; clk   ; Rise       ; clk~inputclkctrl|outclk   ;
; 0.426  ; 0.575        ; 0.216          ; 0.067 ; High Pulse Width ; clk   ; Rise       ; cpt[0]                    ;
; 0.426  ; 0.575        ; 0.216          ; 0.067 ; High Pulse Width ; clk   ; Rise       ; cpt[10]                   ;
; 0.426  ; 0.575        ; 0.216          ; 0.067 ; High Pulse Width ; clk   ; Rise       ; cpt[11]                   ;
; 0.426  ; 0.575        ; 0.216          ; 0.067 ; High Pulse Width ; clk   ; Rise       ; cpt[12]                   ;
; 0.426  ; 0.575        ; 0.216          ; 0.067 ; High Pulse Width ; clk   ; Rise       ; cpt[13]                   ;
; 0.426  ; 0.575        ; 0.216          ; 0.067 ; High Pulse Width ; clk   ; Rise       ; cpt[14]                   ;
; 0.426  ; 0.575        ; 0.216          ; 0.067 ; High Pulse Width ; clk   ; Rise       ; cpt[15]                   ;
; 0.426  ; 0.575        ; 0.216          ; 0.067 ; High Pulse Width ; clk   ; Rise       ; cpt[16]                   ;
; 0.426  ; 0.575        ; 0.216          ; 0.067 ; High Pulse Width ; clk   ; Rise       ; cpt[17]                   ;
; 0.426  ; 0.575        ; 0.216          ; 0.067 ; High Pulse Width ; clk   ; Rise       ; cpt[18]                   ;
; 0.426  ; 0.575        ; 0.216          ; 0.067 ; High Pulse Width ; clk   ; Rise       ; cpt[1]                    ;
; 0.426  ; 0.575        ; 0.216          ; 0.067 ; High Pulse Width ; clk   ; Rise       ; cpt[2]                    ;
; 0.426  ; 0.575        ; 0.216          ; 0.067 ; High Pulse Width ; clk   ; Rise       ; cpt[3]                    ;
; 0.426  ; 0.575        ; 0.216          ; 0.067 ; High Pulse Width ; clk   ; Rise       ; cpt[4]                    ;
; 0.426  ; 0.575        ; 0.216          ; 0.067 ; High Pulse Width ; clk   ; Rise       ; cpt[5]                    ;
; 0.426  ; 0.575        ; 0.216          ; 0.067 ; High Pulse Width ; clk   ; Rise       ; cpt[6]                    ;
; 0.426  ; 0.575        ; 0.216          ; 0.067 ; High Pulse Width ; clk   ; Rise       ; cpt[7]                    ;
; 0.426  ; 0.575        ; 0.216          ; 0.067 ; High Pulse Width ; clk   ; Rise       ; cpt[8]                    ;
; 0.426  ; 0.575        ; 0.216          ; 0.067 ; High Pulse Width ; clk   ; Rise       ; cpt[9]                    ;
; 0.427  ; 0.576        ; 0.216          ; 0.067 ; High Pulse Width ; clk   ; Rise       ; down_out~reg0             ;
; 0.427  ; 0.576        ; 0.216          ; 0.067 ; High Pulse Width ; clk   ; Rise       ; state.e0                  ;
; 0.427  ; 0.576        ; 0.216          ; 0.067 ; High Pulse Width ; clk   ; Rise       ; state.e1                  ;
; 0.427  ; 0.576        ; 0.216          ; 0.067 ; High Pulse Width ; clk   ; Rise       ; up_out~reg0               ;
; 0.427  ; 0.576        ; 0.216          ; 0.067 ; High Pulse Width ; clk   ; Rise       ; valid_out~reg0            ;
+--------+--------------+----------------+-------+------------------+-------+------------+---------------------------+


+-----------------------------------------------------------------------+
; Setup Times                                                           ;
+-----------+------------+-------+-------+------------+-----------------+
; Data Port ; Clock Port ; Rise  ; Fall  ; Clock Edge ; Clock Reference ;
+-----------+------------+-------+-------+------------+-----------------+
; arazb     ; clk        ; 1.080 ; 1.242 ; Rise       ; clk             ;
; down_in   ; clk        ; 3.483 ; 3.832 ; Rise       ; clk             ;
; up_in     ; clk        ; 3.507 ; 3.877 ; Rise       ; clk             ;
; valid_in  ; clk        ; 3.524 ; 3.866 ; Rise       ; clk             ;
+-----------+------------+-------+-------+------------+-----------------+


+-------------------------------------------------------------------------+
; Hold Times                                                              ;
+-----------+------------+--------+--------+------------+-----------------+
; Data Port ; Clock Port ; Rise   ; Fall   ; Clock Edge ; Clock Reference ;
+-----------+------------+--------+--------+------------+-----------------+
; arazb     ; clk        ; -0.468 ; -0.625 ; Rise       ; clk             ;
; down_in   ; clk        ; -1.817 ; -2.169 ; Rise       ; clk             ;
; up_in     ; clk        ; -1.423 ; -1.773 ; Rise       ; clk             ;
; valid_in  ; clk        ; -1.867 ; -2.228 ; Rise       ; clk             ;
+-----------+------------+--------+--------+------------+-----------------+


+-----------------------------------------------------------------------+
; Clock to Output Times                                                 ;
+-----------+------------+-------+-------+------------+-----------------+
; Data Port ; Clock Port ; Rise  ; Fall  ; Clock Edge ; Clock Reference ;
+-----------+------------+-------+-------+------------+-----------------+
; down_out  ; clk        ; 5.123 ; 5.102 ; Rise       ; clk             ;
; up_out    ; clk        ; 5.299 ; 5.265 ; Rise       ; clk             ;
; valid_out ; clk        ; 7.107 ; 7.152 ; Rise       ; clk             ;
+-----------+------------+-------+-------+------------+-----------------+


+-----------------------------------------------------------------------+
; Minimum Clock to Output Times                                         ;
+-----------+------------+-------+-------+------------+-----------------+
; Data Port ; Clock Port ; Rise  ; Fall  ; Clock Edge ; Clock Reference ;
+-----------+------------+-------+-------+------------+-----------------+
; down_out  ; clk        ; 5.016 ; 4.995 ; Rise       ; clk             ;
; up_out    ; clk        ; 5.188 ; 5.155 ; Rise       ; clk             ;
; valid_out ; clk        ; 6.973 ; 7.018 ; Rise       ; clk             ;
+-----------+------------+-------+-------+------------+-----------------+


+------------------------------------+
; Fast 1200mV 0C Model Setup Summary ;
+-------+--------+-------------------+
; Clock ; Slack  ; End Point TNS     ;
+-------+--------+-------------------+
; clk   ; -0.436 ; -4.371            ;
+-------+--------+-------------------+


+-----------------------------------+
; Fast 1200mV 0C Model Hold Summary ;
+-------+-------+-------------------+
; Clock ; Slack ; End Point TNS     ;
+-------+-------+-------------------+
; clk   ; 0.187 ; 0.000             ;
+-------+-------+-------------------+


-----------------------------------------
; Fast 1200mV 0C Model Recovery Summary ;
-----------------------------------------
No paths to report.


----------------------------------------
; Fast 1200mV 0C Model Removal Summary ;
----------------------------------------
No paths to report.


+--------------------------------------------------------------------------------------------------------------------+
; Fast 1200mV 0C Model Minimum Pulse Width                                                                           ;
+--------+--------------+----------------+-------+------------------+-------+------------+---------------------------+
; Slack  ; Actual Width ; Required Width ; CCPP  ; Type             ; Clock ; Clock Edge ; Target                    ;
+--------+--------------+----------------+-------+------------------+-------+------------+---------------------------+
; -3.000 ; 1.000        ; 4.000          ; 0.000 ; Port Rate        ; clk   ; Rise       ; clk                       ;
; -1.000 ; 1.000        ; 2.000          ; 0.000 ; Min Period       ; clk   ; Rise       ; cpt[0]                    ;
; -1.000 ; 1.000        ; 2.000          ; 0.000 ; Min Period       ; clk   ; Rise       ; cpt[10]                   ;
; -1.000 ; 1.000        ; 2.000          ; 0.000 ; Min Period       ; clk   ; Rise       ; cpt[11]                   ;
; -1.000 ; 1.000        ; 2.000          ; 0.000 ; Min Period       ; clk   ; Rise       ; cpt[12]                   ;
; -1.000 ; 1.000        ; 2.000          ; 0.000 ; Min Period       ; clk   ; Rise       ; cpt[13]                   ;
; -1.000 ; 1.000        ; 2.000          ; 0.000 ; Min Period       ; clk   ; Rise       ; cpt[14]                   ;
; -1.000 ; 1.000        ; 2.000          ; 0.000 ; Min Period       ; clk   ; Rise       ; cpt[15]                   ;
; -1.000 ; 1.000        ; 2.000          ; 0.000 ; Min Period       ; clk   ; Rise       ; cpt[16]                   ;
; -1.000 ; 1.000        ; 2.000          ; 0.000 ; Min Period       ; clk   ; Rise       ; cpt[17]                   ;
; -1.000 ; 1.000        ; 2.000          ; 0.000 ; Min Period       ; clk   ; Rise       ; cpt[18]                   ;
; -1.000 ; 1.000        ; 2.000          ; 0.000 ; Min Period       ; clk   ; Rise       ; cpt[1]                    ;
; -1.000 ; 1.000        ; 2.000          ; 0.000 ; Min Period       ; clk   ; Rise       ; cpt[2]                    ;
; -1.000 ; 1.000        ; 2.000          ; 0.000 ; Min Period       ; clk   ; Rise       ; cpt[3]                    ;
; -1.000 ; 1.000        ; 2.000          ; 0.000 ; Min Period       ; clk   ; Rise       ; cpt[4]                    ;
; -1.000 ; 1.000        ; 2.000          ; 0.000 ; Min Period       ; clk   ; Rise       ; cpt[5]                    ;
; -1.000 ; 1.000        ; 2.000          ; 0.000 ; Min Period       ; clk   ; Rise       ; cpt[6]                    ;
; -1.000 ; 1.000        ; 2.000          ; 0.000 ; Min Period       ; clk   ; Rise       ; cpt[7]                    ;
; -1.000 ; 1.000        ; 2.000          ; 0.000 ; Min Period       ; clk   ; Rise       ; cpt[8]                    ;
; -1.000 ; 1.000        ; 2.000          ; 0.000 ; Min Period       ; clk   ; Rise       ; cpt[9]                    ;
; -1.000 ; 1.000        ; 2.000          ; 0.000 ; Min Period       ; clk   ; Rise       ; down_out~reg0             ;
; -1.000 ; 1.000        ; 2.000          ; 0.000 ; Min Period       ; clk   ; Rise       ; state.e0                  ;
; -1.000 ; 1.000        ; 2.000          ; 0.000 ; Min Period       ; clk   ; Rise       ; state.e1                  ;
; -1.000 ; 1.000        ; 2.000          ; 0.000 ; Min Period       ; clk   ; Rise       ; up_out~reg0               ;
; -1.000 ; 1.000        ; 2.000          ; 0.000 ; Min Period       ; clk   ; Rise       ; valid_out~reg0            ;
; -0.062 ; 0.078        ; 0.184          ; 0.044 ; Low Pulse Width  ; clk   ; Rise       ; cpt[0]                    ;
; -0.062 ; 0.077        ; 0.184          ; 0.045 ; Low Pulse Width  ; clk   ; Rise       ; cpt[10]                   ;
; -0.062 ; 0.077        ; 0.184          ; 0.045 ; Low Pulse Width  ; clk   ; Rise       ; cpt[11]                   ;
; -0.062 ; 0.077        ; 0.184          ; 0.045 ; Low Pulse Width  ; clk   ; Rise       ; cpt[12]                   ;
; -0.062 ; 0.077        ; 0.184          ; 0.045 ; Low Pulse Width  ; clk   ; Rise       ; cpt[13]                   ;
; -0.062 ; 0.077        ; 0.184          ; 0.045 ; Low Pulse Width  ; clk   ; Rise       ; cpt[14]                   ;
; -0.062 ; 0.077        ; 0.184          ; 0.045 ; Low Pulse Width  ; clk   ; Rise       ; cpt[15]                   ;
; -0.062 ; 0.077        ; 0.184          ; 0.045 ; Low Pulse Width  ; clk   ; Rise       ; cpt[16]                   ;
; -0.062 ; 0.077        ; 0.184          ; 0.045 ; Low Pulse Width  ; clk   ; Rise       ; cpt[17]                   ;
; -0.062 ; 0.077        ; 0.184          ; 0.045 ; Low Pulse Width  ; clk   ; Rise       ; cpt[18]                   ;
; -0.062 ; 0.078        ; 0.184          ; 0.044 ; Low Pulse Width  ; clk   ; Rise       ; cpt[1]                    ;
; -0.062 ; 0.078        ; 0.184          ; 0.044 ; Low Pulse Width  ; clk   ; Rise       ; cpt[2]                    ;
; -0.062 ; 0.078        ; 0.184          ; 0.044 ; Low Pulse Width  ; clk   ; Rise       ; cpt[3]                    ;
; -0.062 ; 0.078        ; 0.184          ; 0.044 ; Low Pulse Width  ; clk   ; Rise       ; cpt[4]                    ;
; -0.062 ; 0.078        ; 0.184          ; 0.044 ; Low Pulse Width  ; clk   ; Rise       ; cpt[5]                    ;
; -0.062 ; 0.078        ; 0.184          ; 0.044 ; Low Pulse Width  ; clk   ; Rise       ; cpt[6]                    ;
; -0.062 ; 0.078        ; 0.184          ; 0.044 ; Low Pulse Width  ; clk   ; Rise       ; cpt[7]                    ;
; -0.062 ; 0.078        ; 0.184          ; 0.044 ; Low Pulse Width  ; clk   ; Rise       ; cpt[8]                    ;
; -0.062 ; 0.077        ; 0.184          ; 0.045 ; Low Pulse Width  ; clk   ; Rise       ; cpt[9]                    ;
; -0.062 ; 0.078        ; 0.184          ; 0.044 ; Low Pulse Width  ; clk   ; Rise       ; down_out~reg0             ;
; -0.062 ; 0.078        ; 0.184          ; 0.044 ; Low Pulse Width  ; clk   ; Rise       ; state.e0                  ;
; -0.062 ; 0.078        ; 0.184          ; 0.044 ; Low Pulse Width  ; clk   ; Rise       ; state.e1                  ;
; -0.062 ; 0.078        ; 0.184          ; 0.044 ; Low Pulse Width  ; clk   ; Rise       ; up_out~reg0               ;
; -0.062 ; 0.078        ; 0.184          ; 0.044 ; Low Pulse Width  ; clk   ; Rise       ; valid_out~reg0            ;
; 0.118  ; 0.096        ; 0.000          ; 0.022 ; Low Pulse Width  ; clk   ; Rise       ; cpt[0]|clk                ;
; 0.118  ; 0.095        ; 0.000          ; 0.023 ; Low Pulse Width  ; clk   ; Rise       ; cpt[10]|clk               ;
; 0.118  ; 0.095        ; 0.000          ; 0.023 ; Low Pulse Width  ; clk   ; Rise       ; cpt[11]|clk               ;
; 0.118  ; 0.095        ; 0.000          ; 0.023 ; Low Pulse Width  ; clk   ; Rise       ; cpt[12]|clk               ;
; 0.118  ; 0.095        ; 0.000          ; 0.023 ; Low Pulse Width  ; clk   ; Rise       ; cpt[13]|clk               ;
; 0.118  ; 0.095        ; 0.000          ; 0.023 ; Low Pulse Width  ; clk   ; Rise       ; cpt[14]|clk               ;
; 0.118  ; 0.095        ; 0.000          ; 0.023 ; Low Pulse Width  ; clk   ; Rise       ; cpt[15]|clk               ;
; 0.118  ; 0.095        ; 0.000          ; 0.023 ; Low Pulse Width  ; clk   ; Rise       ; cpt[16]|clk               ;
; 0.118  ; 0.095        ; 0.000          ; 0.023 ; Low Pulse Width  ; clk   ; Rise       ; cpt[17]|clk               ;
; 0.118  ; 0.095        ; 0.000          ; 0.023 ; Low Pulse Width  ; clk   ; Rise       ; cpt[18]|clk               ;
; 0.118  ; 0.096        ; 0.000          ; 0.022 ; Low Pulse Width  ; clk   ; Rise       ; cpt[1]|clk                ;
; 0.118  ; 0.096        ; 0.000          ; 0.022 ; Low Pulse Width  ; clk   ; Rise       ; cpt[2]|clk                ;
; 0.118  ; 0.096        ; 0.000          ; 0.022 ; Low Pulse Width  ; clk   ; Rise       ; cpt[3]|clk                ;
; 0.118  ; 0.096        ; 0.000          ; 0.022 ; Low Pulse Width  ; clk   ; Rise       ; cpt[4]|clk                ;
; 0.118  ; 0.096        ; 0.000          ; 0.022 ; Low Pulse Width  ; clk   ; Rise       ; cpt[5]|clk                ;
; 0.118  ; 0.096        ; 0.000          ; 0.022 ; Low Pulse Width  ; clk   ; Rise       ; cpt[6]|clk                ;
; 0.118  ; 0.096        ; 0.000          ; 0.022 ; Low Pulse Width  ; clk   ; Rise       ; cpt[7]|clk                ;
; 0.118  ; 0.096        ; 0.000          ; 0.022 ; Low Pulse Width  ; clk   ; Rise       ; cpt[8]|clk                ;
; 0.118  ; 0.095        ; 0.000          ; 0.023 ; Low Pulse Width  ; clk   ; Rise       ; cpt[9]|clk                ;
; 0.118  ; 0.096        ; 0.000          ; 0.022 ; Low Pulse Width  ; clk   ; Rise       ; down_out~reg0|clk         ;
; 0.118  ; 0.096        ; 0.000          ; 0.022 ; Low Pulse Width  ; clk   ; Rise       ; state.e0|clk              ;
; 0.118  ; 0.096        ; 0.000          ; 0.022 ; Low Pulse Width  ; clk   ; Rise       ; state.e1|clk              ;
; 0.118  ; 0.096        ; 0.000          ; 0.022 ; Low Pulse Width  ; clk   ; Rise       ; up_out~reg0|clk           ;
; 0.118  ; 0.096        ; 0.000          ; 0.022 ; Low Pulse Width  ; clk   ; Rise       ; valid_out~reg0|clk        ;
; 0.123  ; 0.123        ; 0.000          ; 0.000 ; Low Pulse Width  ; clk   ; Rise       ; clk~input|o               ;
; 0.142  ; 0.138        ; 0.000          ; 0.004 ; Low Pulse Width  ; clk   ; Rise       ; clk~inputclkctrl|inclk[0] ;
; 0.142  ; 0.138        ; 0.000          ; 0.004 ; Low Pulse Width  ; clk   ; Rise       ; clk~inputclkctrl|outclk   ;
; 0.500  ; 0.500        ; 0.000          ; 0.000 ; High Pulse Width ; clk   ; Rise       ; clk~input|i               ;
; 0.500  ; 0.500        ; 0.000          ; 0.000 ; Low Pulse Width  ; clk   ; Rise       ; clk~input|i               ;
; 0.658  ; 0.830        ; 0.216          ; 0.044 ; High Pulse Width ; clk   ; Rise       ; cpt[0]                    ;
; 0.658  ; 0.830        ; 0.216          ; 0.044 ; High Pulse Width ; clk   ; Rise       ; cpt[1]                    ;
; 0.658  ; 0.830        ; 0.216          ; 0.044 ; High Pulse Width ; clk   ; Rise       ; cpt[2]                    ;
; 0.658  ; 0.830        ; 0.216          ; 0.044 ; High Pulse Width ; clk   ; Rise       ; cpt[3]                    ;
; 0.658  ; 0.830        ; 0.216          ; 0.044 ; High Pulse Width ; clk   ; Rise       ; cpt[4]                    ;
; 0.658  ; 0.830        ; 0.216          ; 0.044 ; High Pulse Width ; clk   ; Rise       ; cpt[5]                    ;
; 0.658  ; 0.830        ; 0.216          ; 0.044 ; High Pulse Width ; clk   ; Rise       ; cpt[6]                    ;
; 0.658  ; 0.830        ; 0.216          ; 0.044 ; High Pulse Width ; clk   ; Rise       ; cpt[7]                    ;
; 0.658  ; 0.830        ; 0.216          ; 0.044 ; High Pulse Width ; clk   ; Rise       ; cpt[8]                    ;
; 0.659  ; 0.830        ; 0.216          ; 0.045 ; High Pulse Width ; clk   ; Rise       ; cpt[10]                   ;
; 0.659  ; 0.830        ; 0.216          ; 0.045 ; High Pulse Width ; clk   ; Rise       ; cpt[11]                   ;
; 0.659  ; 0.830        ; 0.216          ; 0.045 ; High Pulse Width ; clk   ; Rise       ; cpt[12]                   ;
; 0.659  ; 0.830        ; 0.216          ; 0.045 ; High Pulse Width ; clk   ; Rise       ; cpt[13]                   ;
; 0.659  ; 0.830        ; 0.216          ; 0.045 ; High Pulse Width ; clk   ; Rise       ; cpt[14]                   ;
; 0.659  ; 0.830        ; 0.216          ; 0.045 ; High Pulse Width ; clk   ; Rise       ; cpt[15]                   ;
; 0.659  ; 0.830        ; 0.216          ; 0.045 ; High Pulse Width ; clk   ; Rise       ; cpt[16]                   ;
; 0.659  ; 0.830        ; 0.216          ; 0.045 ; High Pulse Width ; clk   ; Rise       ; cpt[17]                   ;
; 0.659  ; 0.830        ; 0.216          ; 0.045 ; High Pulse Width ; clk   ; Rise       ; cpt[18]                   ;
; 0.659  ; 0.830        ; 0.216          ; 0.045 ; High Pulse Width ; clk   ; Rise       ; cpt[9]                    ;
; 0.659  ; 0.831        ; 0.216          ; 0.044 ; High Pulse Width ; clk   ; Rise       ; down_out~reg0             ;
; 0.659  ; 0.831        ; 0.216          ; 0.044 ; High Pulse Width ; clk   ; Rise       ; state.e0                  ;
; 0.659  ; 0.831        ; 0.216          ; 0.044 ; High Pulse Width ; clk   ; Rise       ; state.e1                  ;
+--------+--------------+----------------+-------+------------------+-------+------------+---------------------------+


+-----------------------------------------------------------------------+
; Setup Times                                                           ;
+-----------+------------+-------+-------+------------+-----------------+
; Data Port ; Clock Port ; Rise  ; Fall  ; Clock Edge ; Clock Reference ;
+-----------+------------+-------+-------+------------+-----------------+
; arazb     ; clk        ; 0.634 ; 0.989 ; Rise       ; clk             ;
; down_in   ; clk        ; 2.166 ; 2.840 ; Rise       ; clk             ;
; up_in     ; clk        ; 2.188 ; 2.874 ; Rise       ; clk             ;
; valid_in  ; clk        ; 2.192 ; 2.875 ; Rise       ; clk             ;
+-----------+------------+-------+-------+------------+-----------------+


+-------------------------------------------------------------------------+
; Hold Times                                                              ;
+-----------+------------+--------+--------+------------+-----------------+
; Data Port ; Clock Port ; Rise   ; Fall   ; Clock Edge ; Clock Reference ;
+-----------+------------+--------+--------+------------+-----------------+
; arazb     ; clk        ; -0.271 ; -0.578 ; Rise       ; clk             ;
; down_in   ; clk        ; -1.169 ; -1.766 ; Rise       ; clk             ;
; up_in     ; clk        ; -0.942 ; -1.533 ; Rise       ; clk             ;
; valid_in  ; clk        ; -1.200 ; -1.817 ; Rise       ; clk             ;
+-----------+------------+--------+--------+------------+-----------------+


+-----------------------------------------------------------------------+
; Clock to Output Times                                                 ;
+-----------+------------+-------+-------+------------+-----------------+
; Data Port ; Clock Port ; Rise  ; Fall  ; Clock Edge ; Clock Reference ;
+-----------+------------+-------+-------+------------+-----------------+
; down_out  ; clk        ; 3.166 ; 3.248 ; Rise       ; clk             ;
; up_out    ; clk        ; 3.274 ; 3.381 ; Rise       ; clk             ;
; valid_out ; clk        ; 4.546 ; 4.734 ; Rise       ; clk             ;
+-----------+------------+-------+-------+------------+-----------------+


+-----------------------------------------------------------------------+
; Minimum Clock to Output Times                                         ;
+-----------+------------+-------+-------+------------+-----------------+
; Data Port ; Clock Port ; Rise  ; Fall  ; Clock Edge ; Clock Reference ;
+-----------+------------+-------+-------+------------+-----------------+
; down_out  ; clk        ; 3.099 ; 3.178 ; Rise       ; clk             ;
; up_out    ; clk        ; 3.204 ; 3.308 ; Rise       ; clk             ;
; valid_out ; clk        ; 4.461 ; 4.644 ; Rise       ; clk             ;
+-----------+------------+-------+-------+------------+-----------------+


+-------------------------------------------------------------------------------+
; Multicorner Timing Analysis Summary                                           ;
+------------------+---------+-------+----------+---------+---------------------+
; Clock            ; Setup   ; Hold  ; Recovery ; Removal ; Minimum Pulse Width ;
+------------------+---------+-------+----------+---------+---------------------+
; Worst-case Slack ; -1.570  ; 0.0   ; 0.0      ; 0.0     ; -3.000              ;
;  clk             ; -1.570  ; 0.187 ; N/A      ; N/A     ; N/A                 ;
; Design-wide TNS  ; -25.598 ; 0.0   ; 0.0      ; 0.0     ; N/A                 ;
;  clk             ; -25.598 ; 0.000 ; N/A      ; N/A     ; N/A                 ;
+------------------+---------+-------+----------+---------+---------------------+


+-----------------------------------------------------------------------+
; Setup Times                                                           ;
+-----------+------------+-------+-------+------------+-----------------+
; Data Port ; Clock Port ; Rise  ; Fall  ; Clock Edge ; Clock Reference ;
+-----------+------------+-------+-------+------------+-----------------+
; arazb     ; clk        ; 1.152 ; 1.300 ; Rise       ; clk             ;
; down_in   ; clk        ; 3.934 ; 4.393 ; Rise       ; clk             ;
; up_in     ; clk        ; 3.962 ; 4.442 ; Rise       ; clk             ;
; valid_in  ; clk        ; 3.972 ; 4.412 ; Rise       ; clk             ;
+-----------+------------+-------+-------+------------+-----------------+


+-------------------------------------------------------------------------+
; Hold Times                                                              ;
+-----------+------------+--------+--------+------------+-----------------+
; Data Port ; Clock Port ; Rise   ; Fall   ; Clock Edge ; Clock Reference ;
+-----------+------------+--------+--------+------------+-----------------+
; arazb     ; clk        ; -0.271 ; -0.578 ; Rise       ; clk             ;
; down_in   ; clk        ; -1.169 ; -1.766 ; Rise       ; clk             ;
; up_in     ; clk        ; -0.942 ; -1.533 ; Rise       ; clk             ;
; valid_in  ; clk        ; -1.200 ; -1.817 ; Rise       ; clk             ;
+-----------+------------+--------+--------+------------+-----------------+


+-----------------------------------------------------------------------+
; Clock to Output Times                                                 ;
+-----------+------------+-------+-------+------------+-----------------+
; Data Port ; Clock Port ; Rise  ; Fall  ; Clock Edge ; Clock Reference ;
+-----------+------------+-------+-------+------------+-----------------+
; down_out  ; clk        ; 5.401 ; 5.423 ; Rise       ; clk             ;
; up_out    ; clk        ; 5.566 ; 5.608 ; Rise       ; clk             ;
; valid_out ; clk        ; 7.441 ; 7.553 ; Rise       ; clk             ;
+-----------+------------+-------+-------+------------+-----------------+


+-----------------------------------------------------------------------+
; Minimum Clock to Output Times                                         ;
+-----------+------------+-------+-------+------------+-----------------+
; Data Port ; Clock Port ; Rise  ; Fall  ; Clock Edge ; Clock Reference ;
+-----------+------------+-------+-------+------------+-----------------+
; down_out  ; clk        ; 3.099 ; 3.178 ; Rise       ; clk             ;
; up_out    ; clk        ; 3.204 ; 3.308 ; Rise       ; clk             ;
; valid_out ; clk        ; 4.461 ; 4.644 ; Rise       ; clk             ;
+-----------+------------+-------+-------+------------+-----------------+


+------------------------------------------------------------------------------------------------------------------------------------------------------------------------------------------------------------------------------------------------------------------------------------------------------------------------------------------------------------------+
; Board Trace Model Assignments                                                                                                                                                                                                                                                                                                                                    ;
+---------------+--------------+-------------------+-------------------------+-------------------------+---------------+---------------------+----------------+------------------+--------+------------------+------------------------+------------------------+--------------+---------------+-----------------+-------+---------------------+--------------------+
; Pin           ; I/O Standard ; Near Tline Length ; Near Tline L per Length ; Near Tline C per Length ; Near Series R ; Near Differential R ; Near Pull-up R ; Near Pull-down R ; Near C ; Far Tline Length ; Far Tline L per Length ; Far Tline C per Length ; Far Series R ; Far Pull-up R ; Far Pull-down R ; Far C ; Termination Voltage ; Far Differential R ;
+---------------+--------------+-------------------+-------------------------+-------------------------+---------------+---------------------+----------------+------------------+--------+------------------+------------------------+------------------------+--------------+---------------+-----------------+-------+---------------------+--------------------+
; up_out        ; 2.5 V        ; 0 in              ; 0 H/in                  ; 0 F/in                  ; short         ; -                   ; open           ; open             ; open   ; 0 in             ; 0 H/in                 ; 0 F/in                 ; short        ; open          ; open            ; open  ; 0 V                 ; -                  ;
; down_out      ; 2.5 V        ; 0 in              ; 0 H/in                  ; 0 F/in                  ; short         ; -                   ; open           ; open             ; open   ; 0 in             ; 0 H/in                 ; 0 F/in                 ; short        ; open          ; open            ; open  ; 0 V                 ; -                  ;
; valid_out     ; 2.5 V        ; 0 in              ; 0 H/in                  ; 0 F/in                  ; short         ; -                   ; open           ; open             ; open   ; 0 in             ; 0 H/in                 ; 0 F/in                 ; short        ; open          ; open            ; open  ; 0 V                 ; -                  ;
; ~ALTERA_DCLK~ ; 2.5 V        ; 0 in              ; 0 H/in                  ; 0 F/in                  ; short         ; -                   ; open           ; open             ; open   ; 0 in             ; 0 H/in                 ; 0 F/in                 ; short        ; open          ; open            ; open  ; 0 V                 ; -                  ;
; ~ALTERA_nCEO~ ; 2.5 V        ; 0 in              ; 0 H/in                  ; 0 F/in                  ; short         ; -                   ; open           ; open             ; open   ; 0 in             ; 0 H/in                 ; 0 F/in                 ; short        ; open          ; open            ; open  ; 0 V                 ; -                  ;
+---------------+--------------+-------------------+-------------------------+-------------------------+---------------+---------------------+----------------+------------------+--------+------------------+------------------------+------------------------+--------------+---------------+-----------------+-------+---------------------+--------------------+


+----------------------------------------------------------------------------+
; Input Transition Times                                                     ;
+-------------------------+--------------+-----------------+-----------------+
; Pin                     ; I/O Standard ; 10-90 Rise Time ; 90-10 Fall Time ;
+-------------------------+--------------+-----------------+-----------------+
; up_in                   ; 2.5 V        ; 2000 ps         ; 2000 ps         ;
; clk                     ; 2.5 V        ; 2000 ps         ; 2000 ps         ;
; arazb                   ; 2.5 V        ; 2000 ps         ; 2000 ps         ;
; down_in                 ; 2.5 V        ; 2000 ps         ; 2000 ps         ;
; valid_in                ; 2.5 V        ; 2000 ps         ; 2000 ps         ;
; ~ALTERA_ASDO_DATA1~     ; 2.5 V        ; 2000 ps         ; 2000 ps         ;
; ~ALTERA_FLASH_nCE_nCSO~ ; 2.5 V        ; 2000 ps         ; 2000 ps         ;
; ~ALTERA_DATA0~          ; 2.5 V        ; 2000 ps         ; 2000 ps         ;
+-------------------------+--------------+-----------------+-----------------+


+--------------------------------------------------------------------------------------------------------------------------------------------------------------------------------------------------------------------------------------------------------------------------------------------------------------------------------------------------------------------------------------------------------------------------------------------------------------------------------------------------------------------------------------------------------------------------------------------------------------------------------------------------------------------------------------------+
; Slow Corner Signal Integrity Metrics                                                                                                                                                                                                                                                                                                                                                                                                                                                                                                                                                                                                                                                       ;
+---------------+--------------+---------------------+---------------------+------------------------------+------------------------------+---------------------+---------------------+--------------------------------------+--------------------------------------+-----------------------------+-----------------------------+----------------------------+----------------------------+-----------------------------+-----------------------------+--------------------+--------------------+-------------------------------------+-------------------------------------+----------------------------+----------------------------+---------------------------+---------------------------+
; Pin           ; I/O Standard ; Board Delay on Rise ; Board Delay on Fall ; Steady State Voh at FPGA Pin ; Steady State Vol at FPGA Pin ; Voh Max at FPGA Pin ; Vol Min at FPGA Pin ; Ringback Voltage on Rise at FPGA Pin ; Ringback Voltage on Fall at FPGA Pin ; 10-90 Rise Time at FPGA Pin ; 90-10 Fall Time at FPGA Pin ; Monotonic Rise at FPGA Pin ; Monotonic Fall at FPGA Pin ; Steady State Voh at Far-end ; Steady State Vol at Far-end ; Voh Max at Far-end ; Vol Min at Far-end ; Ringback Voltage on Rise at Far-end ; Ringback Voltage on Fall at Far-end ; 10-90 Rise Time at Far-end ; 90-10 Fall Time at Far-end ; Monotonic Rise at Far-end ; Monotonic Fall at Far-end ;
+---------------+--------------+---------------------+---------------------+------------------------------+------------------------------+---------------------+---------------------+--------------------------------------+--------------------------------------+-----------------------------+-----------------------------+----------------------------+----------------------------+-----------------------------+-----------------------------+--------------------+--------------------+-------------------------------------+-------------------------------------+----------------------------+----------------------------+---------------------------+---------------------------+
; up_out        ; 2.5 V        ; 0 s                 ; 0 s                 ; 2.32 V                       ; 7.11e-007 V                  ; 2.35 V              ; -0.00841 V          ; 0.102 V                              ; 0.022 V                              ; 6.39e-010 s                 ; 5.99e-010 s                 ; Yes                        ; Yes                        ; 2.32 V                      ; 7.11e-007 V                 ; 2.35 V             ; -0.00841 V         ; 0.102 V                             ; 0.022 V                             ; 6.39e-010 s                ; 5.99e-010 s                ; Yes                       ; Yes                       ;
; down_out      ; 2.5 V        ; 0 s                 ; 0 s                 ; 2.32 V                       ; 1.06e-006 V                  ; 2.36 V              ; -0.00549 V          ; 0.108 V                              ; 0.017 V                              ; 4.48e-010 s                 ; 4.25e-010 s                 ; Yes                        ; Yes                        ; 2.32 V                      ; 1.06e-006 V                 ; 2.36 V             ; -0.00549 V         ; 0.108 V                             ; 0.017 V                             ; 4.48e-010 s                ; 4.25e-010 s                ; Yes                       ; Yes                       ;
; valid_out     ; 2.5 V        ; 0 s                 ; 0 s                 ; 2.32 V                       ; 1.06e-006 V                  ; 2.33 V              ; -0.0033 V           ; 0.134 V                              ; 0.076 V                              ; 3.33e-009 s                 ; 3.16e-009 s                 ; Yes                        ; Yes                        ; 2.32 V                      ; 1.06e-006 V                 ; 2.33 V             ; -0.0033 V          ; 0.134 V                             ; 0.076 V                             ; 3.33e-009 s                ; 3.16e-009 s                ; Yes                       ; Yes                       ;
; ~ALTERA_DCLK~ ; 2.5 V        ; 0 s                 ; 0 s                 ; 2.32 V                       ; 5.68e-007 V                  ; 2.36 V              ; -0.0226 V           ; 0.073 V                              ; 0.034 V                              ; 3.97e-010 s                 ; 3.26e-010 s                 ; Yes                        ; Yes                        ; 2.32 V                      ; 5.68e-007 V                 ; 2.36 V             ; -0.0226 V          ; 0.073 V                             ; 0.034 V                             ; 3.97e-010 s                ; 3.26e-010 s                ; Yes                       ; Yes                       ;
; ~ALTERA_nCEO~ ; 2.5 V        ; 0 s                 ; 0 s                 ; 2.32 V                       ; 9.36e-007 V                  ; 2.35 V              ; -0.00567 V          ; 0.081 V                              ; 0.032 V                              ; 5.3e-010 s                  ; 7.56e-010 s                 ; Yes                        ; Yes                        ; 2.32 V                      ; 9.36e-007 V                 ; 2.35 V             ; -0.00567 V         ; 0.081 V                             ; 0.032 V                             ; 5.3e-010 s                 ; 7.56e-010 s                ; Yes                       ; Yes                       ;
+---------------+--------------+---------------------+---------------------+------------------------------+------------------------------+---------------------+---------------------+--------------------------------------+--------------------------------------+-----------------------------+-----------------------------+----------------------------+----------------------------+-----------------------------+-----------------------------+--------------------+--------------------+-------------------------------------+-------------------------------------+----------------------------+----------------------------+---------------------------+---------------------------+


+--------------------------------------------------------------------------------------------------------------------------------------------------------------------------------------------------------------------------------------------------------------------------------------------------------------------------------------------------------------------------------------------------------------------------------------------------------------------------------------------------------------------------------------------------------------------------------------------------------------------------------------------------------------------------------------------+
; Fast Corner Signal Integrity Metrics                                                                                                                                                                                                                                                                                                                                                                                                                                                                                                                                                                                                                                                       ;
+---------------+--------------+---------------------+---------------------+------------------------------+------------------------------+---------------------+---------------------+--------------------------------------+--------------------------------------+-----------------------------+-----------------------------+----------------------------+----------------------------+-----------------------------+-----------------------------+--------------------+--------------------+-------------------------------------+-------------------------------------+----------------------------+----------------------------+---------------------------+---------------------------+
; Pin           ; I/O Standard ; Board Delay on Rise ; Board Delay on Fall ; Steady State Voh at FPGA Pin ; Steady State Vol at FPGA Pin ; Voh Max at FPGA Pin ; Vol Min at FPGA Pin ; Ringback Voltage on Rise at FPGA Pin ; Ringback Voltage on Fall at FPGA Pin ; 10-90 Rise Time at FPGA Pin ; 90-10 Fall Time at FPGA Pin ; Monotonic Rise at FPGA Pin ; Monotonic Fall at FPGA Pin ; Steady State Voh at Far-end ; Steady State Vol at Far-end ; Voh Max at Far-end ; Vol Min at Far-end ; Ringback Voltage on Rise at Far-end ; Ringback Voltage on Fall at Far-end ; 10-90 Rise Time at Far-end ; 90-10 Fall Time at Far-end ; Monotonic Rise at Far-end ; Monotonic Fall at Far-end ;
+---------------+--------------+---------------------+---------------------+------------------------------+------------------------------+---------------------+---------------------+--------------------------------------+--------------------------------------+-----------------------------+-----------------------------+----------------------------+----------------------------+-----------------------------+-----------------------------+--------------------+--------------------+-------------------------------------+-------------------------------------+----------------------------+----------------------------+---------------------------+---------------------------+
; up_out        ; 2.5 V        ; 0 s                 ; 0 s                 ; 2.62 V                       ; 2.7e-008 V                   ; 2.71 V              ; -0.0351 V           ; 0.147 V                              ; 0.066 V                              ; 4.51e-010 s                 ; 4.15e-010 s                 ; No                         ; Yes                        ; 2.62 V                      ; 2.7e-008 V                  ; 2.71 V             ; -0.0351 V          ; 0.147 V                             ; 0.066 V                             ; 4.51e-010 s                ; 4.15e-010 s                ; No                        ; Yes                       ;
; down_out      ; 2.5 V        ; 0 s                 ; 0 s                 ; 2.62 V                       ; 4.02e-008 V                  ; 2.71 V              ; -0.0357 V           ; 0.174 V                              ; 0.098 V                              ; 2.73e-010 s                 ; 2.69e-010 s                 ; Yes                        ; Yes                        ; 2.62 V                      ; 4.02e-008 V                 ; 2.71 V             ; -0.0357 V          ; 0.174 V                             ; 0.098 V                             ; 2.73e-010 s                ; 2.69e-010 s                ; Yes                       ; Yes                       ;
; valid_out     ; 2.5 V        ; 0 s                 ; 0 s                 ; 2.62 V                       ; 4.02e-008 V                  ; 2.64 V              ; -0.0115 V           ; 0.204 V                              ; 0.12 V                               ; 2.38e-009 s                 ; 2.23e-009 s                 ; No                         ; Yes                        ; 2.62 V                      ; 4.02e-008 V                 ; 2.64 V             ; -0.0115 V          ; 0.204 V                             ; 0.12 V                              ; 2.38e-009 s                ; 2.23e-009 s                ; No                        ; Yes                       ;
; ~ALTERA_DCLK~ ; 2.5 V        ; 0 s                 ; 0 s                 ; 2.62 V                       ; 2.2e-008 V                   ; 2.74 V              ; -0.061 V            ; 0.159 V                              ; 0.078 V                              ; 2.7e-010 s                  ; 2.2e-010 s                  ; No                         ; Yes                        ; 2.62 V                      ; 2.2e-008 V                  ; 2.74 V             ; -0.061 V           ; 0.159 V                             ; 0.078 V                             ; 2.7e-010 s                 ; 2.2e-010 s                 ; No                        ; Yes                       ;
; ~ALTERA_nCEO~ ; 2.5 V        ; 0 s                 ; 0 s                 ; 2.62 V                       ; 3.52e-008 V                  ; 2.7 V               ; -0.0119 V           ; 0.274 V                              ; 0.034 V                              ; 3.18e-010 s                 ; 4.97e-010 s                 ; No                         ; Yes                        ; 2.62 V                      ; 3.52e-008 V                 ; 2.7 V              ; -0.0119 V          ; 0.274 V                             ; 0.034 V                             ; 3.18e-010 s                ; 4.97e-010 s                ; No                        ; Yes                       ;
+---------------+--------------+---------------------+---------------------+------------------------------+------------------------------+---------------------+---------------------+--------------------------------------+--------------------------------------+-----------------------------+-----------------------------+----------------------------+----------------------------+-----------------------------+-----------------------------+--------------------+--------------------+-------------------------------------+-------------------------------------+----------------------------+----------------------------+---------------------------+---------------------------+


+-------------------------------------------------------------------+
; Setup Transfers                                                   ;
+------------+----------+----------+----------+----------+----------+
; From Clock ; To Clock ; RR Paths ; FR Paths ; RF Paths ; FF Paths ;
+------------+----------+----------+----------+----------+----------+
; clk        ; clk      ; 335      ; 0        ; 0        ; 0        ;
+------------+----------+----------+----------+----------+----------+
Entries labeled "false path" only account for clock-to-clock false paths and not path-based false paths. As a result, actual path counts may be lower than reported.


+-------------------------------------------------------------------+
; Hold Transfers                                                    ;
+------------+----------+----------+----------+----------+----------+
; From Clock ; To Clock ; RR Paths ; FR Paths ; RF Paths ; FF Paths ;
+------------+----------+----------+----------+----------+----------+
; clk        ; clk      ; 335      ; 0        ; 0        ; 0        ;
+------------+----------+----------+----------+----------+----------+
Entries labeled "false path" only account for clock-to-clock false paths and not path-based false paths. As a result, actual path counts may be lower than reported.


---------------
; Report TCCS ;
---------------
No dedicated SERDES Transmitter circuitry present in device or used in design.


---------------
; Report RSKM ;
---------------
No dedicated SERDES Receiver circuitry present in device or used in design.


+------------------------------------------------+
; Unconstrained Paths                            ;
+---------------------------------+-------+------+
; Property                        ; Setup ; Hold ;
+---------------------------------+-------+------+
; Illegal Clocks                  ; 0     ; 0    ;
; Unconstrained Clocks            ; 0     ; 0    ;
; Unconstrained Input Ports       ; 4     ; 4    ;
; Unconstrained Input Port Paths  ; 93    ; 93   ;
; Unconstrained Output Ports      ; 3     ; 3    ;
; Unconstrained Output Port Paths ; 3     ; 3    ;
+---------------------------------+-------+------+


+------------------------------------+
; TimeQuest Timing Analyzer Messages ;
+------------------------------------+
Info: *******************************************************************
Info: Running Quartus II TimeQuest Timing Analyzer
    Info: Version 9.0 Build 132 02/25/2009 SJ Web Edition
    Info: Processing started: Tue Feb 21 14:05:15 2023
Info: Command: quartus_sta Mise_au_point -c MaP
Info: qsta_default_script.tcl version: #3
Info: high junction temperature operating condition is not set. Assuming a default value of '85'.
Info: low junction temperature operating condition is not set. Assuming a default value of '0'.
Critical Warning: Synopsys Design Constraints File file not found: 'MaP.sdc'. A Synopsys Design Constraints File is required by the TimeQuest Timing Analyzer to get proper timing constraints. Without it, the Compiler will not properly optimize the design.
Info: No user constrained base clocks found in the design. Calling "derive_clocks -period 1.0"
Info: Deriving Clocks
    Info: create_clock -period 1.000 -name clk clk
Critical Warning: The following clock transfers have no clock uncertainty assignment. For more accurate results, apply clock uncertainty assignments or use the derive_clock_uncertainty command.
    Critical Warning: From clk (Rise) to clk (Rise) (setup and hold)
Info: Analyzing Slow 1200mV 85C Model
Critical Warning: Timing requirements not met
Info: Worst-case setup slack is -1.570
    Info:     Slack End Point TNS Clock 
    Info: ========= ============= =====================
    Info:    -1.570       -25.598 clk 
Info: Worst-case hold slack is 0.357
    Info:     Slack End Point TNS Clock 
    Info: ========= ============= =====================
    Info:     0.357         0.000 clk 
Info: No recovery paths to report
Info: No removal paths to report
Critical Warning: Found minimum pulse width or period violations. See Report Minimum Pulse Width for details.
Info: No synchronizer chains to report.
Info: Analyzing Slow 1200mV 0C Model
Info: Started post-fitting delay annotation
Info: Delay annotation completed successfully
Critical Warning: The following clock transfers have no clock uncertainty assignment. For more accurate results, apply clock uncertainty assignments or use the derive_clock_uncertainty command.
    Critical Warning: From clk (Rise) to clk (Rise) (setup and hold)
Critical Warning: Timing requirements not met
Info: Worst-case setup slack is -1.298
    Info:     Slack End Point TNS Clock 
    Info: ========= ============= =====================
    Info:    -1.298       -20.115 clk 
Info: Worst-case hold slack is 0.310
    Info:     Slack End Point TNS Clock 
    Info: ========= ============= =====================
    Info:     0.310         0.000 clk 
Info: No recovery paths to report
Info: No removal paths to report
Critical Warning: Found minimum pulse width or period violations. See Report Minimum Pulse Width for details.
Info: No synchronizer chains to report.
Info: Analyzing Fast 1200mV 0C Model
Critical Warning: The following clock transfers have no clock uncertainty assignment. For more accurate results, apply clock uncertainty assignments or use the derive_clock_uncertainty command.
    Critical Warning: From clk (Rise) to clk (Rise) (setup and hold)
Critical Warning: Timing requirements not met
Info: Worst-case setup slack is -0.436
    Info:     Slack End Point TNS Clock 
    Info: ========= ============= =====================
    Info:    -0.436        -4.371 clk 
Info: Worst-case hold slack is 0.187
    Info:     Slack End Point TNS Clock 
    Info: ========= ============= =====================
    Info:     0.187         0.000 clk 
Info: No recovery paths to report
Info: No removal paths to report
Critical Warning: Found minimum pulse width or period violations. See Report Minimum Pulse Width for details.
Info: No synchronizer chains to report.
Info: Design is not fully constrained for setup requirements
Info: Design is not fully constrained for hold requirements
Info: Quartus II TimeQuest Timing Analyzer was successful. 0 errors, 13 warnings
    Info: Peak virtual memory: 244 megabytes
    Info: Processing ended: Tue Feb 21 14:05:17 2023
    Info: Elapsed time: 00:00:02
    Info: Total CPU time (on all processors): 00:00:01


