Microchip MPLAB XC8 Compiler V1.12 ()

Linker command line:

-W-3 --edf=C:\Program Files (x86)\Microchip\xc8\v1.12\dat\en_msgs.txt -cs \
  -h+dist/default/production\TP_4_LiaisonsSerieAsynchrone.production.sym -z \
  -Q18F87K22 -ol.obj \
  -Mdist/default/production/TP_4_LiaisonsSerieAsynchrone.production.map -E1 \
  -ver=XC8 -ACODE=00h-01FFFFh -ACONST=00h-01FFFFh \
  -ASMALLCONST=01000h-010FFhx496 \
  -AMEDIUMCONST=01000h-0FFFFh,011000h-01FFFFh -AFARRAM=020000h-01FFFFFh \
  -ACOMRAM=01h-05Fh -AABS1=00h-0F15h -ABIGRAM=01h-0F15h \
  -ARAM=060h-0FFh,0100h-01FFhx14,0F00h-0F15h -ABANK0=060h-0FFh \
  -ABANK1=0100h-01FFh -ABANK2=0200h-02FFh -ABANK3=0300h-03FFh \
  -ABANK4=0400h-04FFh -ABANK5=0500h-05FFh -ABANK6=0600h-06FFh \
  -ABANK7=0700h-07FFh -ABANK8=0800h-08FFh -ABANK9=0900h-09FFh \
  -ABANK10=0A00h-0AFFh -ABANK11=0B00h-0BFFh -ABANK12=0C00h-0CFFh \
  -ABANK13=0D00h-0DFFh -ABANK14=0E00h-0EFFh -ABANK15=0F00h-0F15h \
  -ASFR=0F16h-0F5Fh,0F60h-0FFFh \
  -preset_vec=00h,intcode=08h,intcodelo,powerup,init,end_init \
  -pramtop=01000h -psmallconst=SMALLCONST -pmediumconst=MEDIUMCONST \
  -pconst=CONST -AFARRAM=020000h-01FFFFFh -ACONFIG=0300000h-030000Dh \
  -pconfig=CONFIG -AIDLOC=0200000h-0200007h -pidloc=IDLOC \
  -AEEDATA=0F00000h-0F003FFh -peeprom_data=EEDATA \
  -prdata=COMRAM,nvrram=COMRAM,nvbit=COMRAM,rbss=COMRAM,rbit=COMRAM \
  -pfarbss=FARRAM,fardata=FARRAM \
  -pintsave_regs=BIGRAM,bigbss=BIGRAM,bigdata=BIGRAM -pbss=RAM \
  -pidata=CODE,irdata=CODE,ibigdata=CODE,ifardata=CODE \
  C:\Users\mario\AppData\Local\Temp\ssmg.obj \
  dist/default/production\TP_4_LiaisonsSerieAsynchrone.production.obj 

Object code version is 3.10

Machine type is 18F87K22

Call graph: (short form)




                Name                               Link     Load   Length Selector   Space Scale
C:\Users\mario\AppData\Local\Temp\ssmg.obj
                end_init                             B0       B0        4        4       0
                reset_vec                             0        0        4        0       0
                idloc                            200000   200000        8   200000       0
                config                           300000   300000        E   300000       0
dist/default/production\TP_4_LiaisonsSerieAsynchrone.production.obj
                intcode                               8        8       A8        4       0
                text11                              152      152       44        4       0
                text10                              232      232       22        4       0
                text9                                B4       B4       9E        4       0
                text8                               292      292       10        4       0
                text7                               1D2      1D2       34        4       0
                text6                               282      282       10        4       0
                text4                               206      206       2C        4       0
                text3                               254      254       18        4       0
                text2                               196      196       3C        4       0
                text1                               2AE      2AE        C        4       0
                cstackCOMRAM                          1        1       1C        1       1
                bssCOMRAM                            1D       1D        3        1       1
                cinit                               2A2      2A2        C        4       0
                text0                               26C      26C       16        4       0

TOTAL           Name                               Link     Load   Length     Space
        CLASS   CODE           
                end_init                             B0       B0        4         0
                intcode                               8        8       A8         0
                reset_vec                             0        0        4         0
                text11                              152      152       44         0
                text10                              232      232       22         0
                text9                                B4       B4       9E         0
                text8                               292      292       10         0
                text7                               1D2      1D2       34         0
                text6                               282      282       10         0
                text4                               206      206       2C         0
                text3                               254      254       18         0
                text2                               196      196       3C         0
                text1                               2AE      2AE        C         0
                cinit                               2A2      2A2        C         0
                text0                               26C      26C       16         0

        CLASS   CONST          

        CLASS   SMALLCONST     

        CLASS   MEDIUMCONST    

        CLASS   FARRAM         

        CLASS   COMRAM         
                cstackCOMRAM                          1        1       1C         1
                bssCOMRAM                            1D       1D        3         1

        CLASS   ABS1           

        CLASS   BIGRAM         

        CLASS   RAM            

        CLASS   BANK0          

        CLASS   BANK1          

        CLASS   BANK2          

        CLASS   BANK3          

        CLASS   BANK4          

        CLASS   BANK5          

        CLASS   BANK6          

        CLASS   BANK7          

        CLASS   BANK8          

        CLASS   BANK9          

        CLASS   BANK10         

        CLASS   BANK11         

        CLASS   BANK12         

        CLASS   BANK13         

        CLASS   BANK14         

        CLASS   BANK15         

        CLASS   SFR            

        CLASS   CONFIG         
                config                           300000   300000        E         0

        CLASS   IDLOC          
                idloc                            200000   200000        8         0

        CLASS   EEDATA         



SEGMENTS        Name                           Load    Length   Top    Selector   Space  Class

                reset_vec                      000000  000004  000004         0       0  CODE    
                cstackCOMRAM                   000001  00001F  000020         1       1  COMRAM  
                intcode                        000008  0002B2  0002BA         4       0  CODE    
                idloc                          200000  000008  200008    200000       0  IDLOC   
                config                         300000  00000E  30000E    300000       0  CONFIG  


UNUSED ADDRESS RANGES

        Name                Unused          Largest block    Delta
        BANK0            000060-0000FF               A0
        BANK1            000100-0001FF              100
        BANK10           000A00-000AFF              100
        BANK11           000B00-000BFF              100
        BANK12           000C00-000CFF              100
        BANK13           000D00-000DFF              100
        BANK14           000E00-000EFF              100
        BANK15           000F00-000F15               16
        BANK2            000200-0002FF              100
        BANK3            000300-0003FF              100
        BANK4            000400-0004FF              100
        BANK5            000500-0005FF              100
        BANK6            000600-0006FF              100
        BANK7            000700-0007FF              100
        BANK8            000800-0008FF              100
        BANK9            000900-0009FF              100
        BIGRAM           000020-000F15              EF6
        CODE             000004-000007                4
                         0002BA-01FFFF            1FD46
        COMRAM           000020-00005F               40
        CONST            000004-000007                4
                         0002BA-01FFFF            1FD46
        EEDATA           F00000-F003FF              400
        FARRAM           020000-1FFFFF           1E0000
        MEDIUMCONST      001000-00FFFF             F000
                         011000-01FFFF             F000
        RAM              000060-000F15              100
        SFR              000F16-000FFF               4A
        SMALLCONST       001000-01FFFF              100

                                  Symbol Table

?_screen_word_write           cstackCOMRAM 000007
?_set_UART1                   cstackCOMRAM 000001
?_set_UART2                   cstackCOMRAM 000001
?_strlen                      cstackCOMRAM 000001
_ADCON0bits                   (abs)        000FC2
_ADRESH                       (abs)        000FC4
_ANCON0                       (abs)        000F25
_ANCON1                       (abs)        000F24
_ANCON2                       (abs)        000F23
_BAUDCON2bits                 (abs)        000F20
_CLAV                         (abs)        180000
_EEADR                        (abs)        000F62
_EECON1bits                   (abs)        000F7F
_EECON2                       (abs)        000F7E
_EEDATA                       (abs)        000F61
_INTCON                       (abs)        000FF2
_INTCONbits                   (abs)        000FF2
_Init                         text2        000196
_Init_UART1                   text3        000254
_Init_UART2                   text4        000206
_Init_interuption             text1        0002AE
_LCD_DATA                     (abs)        1A0002
_LCD_FUNC                     (abs)        1A0000
_MEMCON                       (abs)        000F26
_MEMCONbits                   (abs)        000F26
_RCONbits                     (abs)        000FD0
_RCSTA1bits                   (abs)        000FAB
_RCSTA2bits                   (abs)        000F22
_SPBRG1                       (abs)        000FAF
_SPBRG2                       (abs)        000F1E
_SSP1ADD                      (abs)        000FC8
_SSP1CON1                     (abs)        000FC6
_SSP1CON1bits                 (abs)        000FC6
_SSP1CON2                     (abs)        000FC5
_SSP1STAT                     (abs)        000FC7
_T0CONbits                    (abs)        000FD5
_TMR0L                        (abs)        000FD6
_TRISCbits                    (abs)        000F94
_TRISD                        (abs)        000F95
_TRISG                        (abs)        000F98
_TRISGbits                    (abs)        000F98
_TRISH                        (abs)        000F99
_TX1IF                        (abs)        007CF4
_TXREG1                       (abs)        000FAD
_TXREG2                       (abs)        000F1C
_TXSTA1bits                   (abs)        000FAC
_TXSTA2bits                   (abs)        000F21
__CFG_ABW$XM20                (abs)        000000
__CFG_BBSIZ$BB1K              (abs)        000000
__CFG_BOREN$OFF               (abs)        000000
__CFG_BORPWR$ZPBORMV          (abs)        000000
__CFG_BORV$0                  (abs)        000000
__CFG_BW$8                    (abs)        000000
__CFG_CCP2MX$PORTC            (abs)        000000
__CFG_CP0$OFF                 (abs)        000000
__CFG_CP1$OFF                 (abs)        000000
__CFG_CP2$OFF                 (abs)        000000
__CFG_CP3$OFF                 (abs)        000000
__CFG_CP4$OFF                 (abs)        000000
__CFG_CP5$OFF                 (abs)        000000
__CFG_CP6$OFF                 (abs)        000000
__CFG_CP7$OFF                 (abs)        000000
__CFG_CPB$OFF                 (abs)        000000
__CFG_CPD$OFF                 (abs)        000000
__CFG_DEBUG$OFF               (abs)        000000
__CFG_EASHFT$OFF              (abs)        000000
__CFG_EBRT0$OFF               (abs)        000000
__CFG_EBRT1$OFF               (abs)        000000
__CFG_EBRT2$OFF               (abs)        000000
__CFG_EBRT3$OFF               (abs)        000000
__CFG_EBRT4$OFF               (abs)        000000
__CFG_EBRT5$OFF               (abs)        000000
__CFG_EBRT6$OFF               (abs)        000000
__CFG_EBRT7$OFF               (abs)        000000
__CFG_EBRTB$OFF               (abs)        000000
__CFG_ECCPMX$PORTE            (abs)        000000
__CFG_FCMEN$OFF               (abs)        000000
__CFG_FOSC$HS1                (abs)        000000
__CFG_IESO$OFF                (abs)        000000
__CFG_INTOSCSEL$HIGH          (abs)        000000
__CFG_MCLRE$ON                (abs)        000000
__CFG_MSSPMSK$MSK7            (abs)        000000
__CFG_PLLCFG$OFF              (abs)        000000
__CFG_PWRTEN$OFF              (abs)        000000
__CFG_RETEN$ON                (abs)        000000
__CFG_RTCOSC$SOSCREF          (abs)        000000
__CFG_SOSCSEL$HIGH            (abs)        000000
__CFG_STVREN$ON               (abs)        000000
__CFG_WAIT$ON                 (abs)        000000
__CFG_WDTEN$OFF               (abs)        000000
__CFG_WDTPS$1                 (abs)        000000
__CFG_WRT0$OFF                (abs)        000000
__CFG_WRT1$OFF                (abs)        000000
__CFG_WRT2$OFF                (abs)        000000
__CFG_WRT3$OFF                (abs)        000000
__CFG_WRT4$OFF                (abs)        000000
__CFG_WRT5$OFF                (abs)        000000
__CFG_WRT6$OFF                (abs)        000000
__CFG_WRT7$OFF                (abs)        000000
__CFG_WRTB$OFF                (abs)        000000
__CFG_WRTC$OFF                (abs)        000000
__CFG_WRTD$OFF                (abs)        000000
__CFG_XINST$OFF               (abs)        000000
__HRAM                        (abs)        000000
__Habs1                       abs1         000000
__Hbank0                      bank0        000000
__Hbank1                      bank1        000000
__Hbank10                     bank10       000000
__Hbank11                     bank11       000000
__Hbank12                     bank12       000000
__Hbank13                     bank13       000000
__Hbank14                     bank14       000000
__Hbank15                     bank15       000000
__Hbank2                      bank2        000000
__Hbank3                      bank3        000000
__Hbank4                      bank4        000000
__Hbank5                      bank5        000000
__Hbank6                      bank6        000000
__Hbank7                      bank7        000000
__Hbank8                      bank8        000000
__Hbank9                      bank9        000000
__Hbigbss                     bigbss       000000
__Hbigdata                    bigdata      000000
__Hbigram                     bigram       000000
__Hbss                        bss          000000
__HbssCOMRAM                  bssCOMRAM    000000
__Hcinit                      cinit        000000
__Hclrtext                    clrtext      000000
__Hcomram                     comram       000000
__Hconfig                     config       30000E
__Hconst                      const        000000
__HcstackCOMRAM               cstackCOMRAM 000000
__Hdata                       data         000000
__Heeprom_data                eeprom_data  000000
__Hend_init                   end_init     0000B4
__Hfarbss                     farbss       000000
__Hfardata                    fardata      000000
__Hibigdata                   ibigdata     000000
__Hidata                      idata        000000
__Hidloc                      idloc        200008
__Hifardata                   ifardata     000000
__Hinit                       init         0000B0
__Hintcode                    intcode      0000B0
__Hintcode_body               intcode_body 000000
__Hintcodelo                  intcodelo    0000B0
__Hintentry                   intentry     000000
__Hintret                     intret       000000
__Hintsave_regs               intsave_regs 000000
__Hirdata                     irdata       000000
__Hmediumconst                mediumconst  000000
__Hnvbit                      nvbit        000000
__Hnvrram                     nvrram       000000
__Hparam                      rparam       000000
__Hpowerup                    powerup      0000B0
__Hram                        ram          000000
__Hramtop                     ramtop       001000
__Hrbit                       rbit         000000
__Hrbss                       rbss         000000
__Hrdata                      rdata        000000
__Hreset_vec                  reset_vec    000004
__Hrparam                     rparam       000000
__Hsfr                        sfr          000000
__Hsmallconst                 smallconst   000000
__Hstruct                     struct       000000
__Htemp                       temp         000000
__Htext                       text         000000
__Htext0                      text0        000000
__Htext1                      text1        000000
__Htext10                     text10       000000
__Htext11                     text11       000000
__Htext12                     text12       000000
__Htext2                      text2        000000
__Htext3                      text3        000000
__Htext4                      text4        000000
__Htext6                      text6        000000
__Htext7                      text7        000000
__Htext8                      text8        000000
__Htext9                      text9        000000
__LRAM                        (abs)        000001
__Labs1                       abs1         000000
__Lbank0                      bank0        000000
__Lbank1                      bank1        000000
__Lbank10                     bank10       000000
__Lbank11                     bank11       000000
__Lbank12                     bank12       000000
__Lbank13                     bank13       000000
__Lbank14                     bank14       000000
__Lbank15                     bank15       000000
__Lbank2                      bank2        000000
__Lbank3                      bank3        000000
__Lbank4                      bank4        000000
__Lbank5                      bank5        000000
__Lbank6                      bank6        000000
__Lbank7                      bank7        000000
__Lbank8                      bank8        000000
__Lbank9                      bank9        000000
__Lbigbss                     bigbss       000000
__Lbigdata                    bigdata      000000
__Lbigram                     bigram       000000
__Lbss                        bss          000000
__LbssCOMRAM                  bssCOMRAM    000000
__Lcinit                      cinit        000000
__Lclrtext                    clrtext      000000
__Lcomram                     comram       000000
__Lconfig                     config       300000
__Lconst                      const        000000
__LcstackCOMRAM               cstackCOMRAM 000000
__Ldata                       data         000000
__Leeprom_data                eeprom_data  000000
__Lend_init                   end_init     0000B0
__Lfarbss                     farbss       000000
__Lfardata                    fardata      000000
__Libigdata                   ibigdata     000000
__Lidata                      idata        000000
__Lidloc                      idloc        200000
__Lifardata                   ifardata     000000
__Linit                       init         0000B0
__Lintcode                    intcode      000008
__Lintcode_body               intcode_body 000000
__Lintcodelo                  intcodelo    0000B0
__Lintentry                   intentry     000000
__Lintret                     intret       000000
__Lintsave_regs               intsave_regs 000000
__Lirdata                     irdata       000000
__Lmediumconst                mediumconst  000000
__Lnvbit                      nvbit        000000
__Lnvrram                     nvrram       000000
__Lparam                      rparam       000000
__Lpowerup                    powerup      0000B0
__Lram                        ram          000000
__Lramtop                     ramtop       001000
__Lrbit                       rbit         000000
__Lrbss                       rbss         000000
__Lrdata                      rdata        000000
__Lreset_vec                  reset_vec    000000
__Lrparam                     rparam       000000
__Lsfr                        sfr          000000
__Lsmallconst                 smallconst   000000
__Lstruct                     struct       000000
__Ltemp                       temp         000000
__Ltext                       text         000000
__Ltext0                      text0        000000
__Ltext1                      text1        000000
__Ltext10                     text10       000000
__Ltext11                     text11       000000
__Ltext12                     text12       000000
__Ltext2                      text2        000000
__Ltext3                      text3        000000
__Ltext4                      text4        000000
__Ltext6                      text6        000000
__Ltext7                      text7        000000
__Ltext8                      text8        000000
__Ltext9                      text9        000000
__S0                          (abs)        30000E
__S1                          (abs)        000020
__accesstop                   (abs)        000060
__activetblptr                (abs)        000003
__end_of_Init                 text2        0001D2
__end_of_Init_UART1           text3        00026C
__end_of_Init_UART2           text4        000232
__end_of_Init_interuption     text1        0002BA
__end_of__initialization      cinit        0002A8
__end_of_acq                  text10       000254
__end_of_get_keyboard         text7        000206
__end_of_keyboard_int         intcode      0000B0
__end_of_main                 text0        000282
__end_of_screen_word_write    text9        000152
__end_of_set_UART1            text8        0002A2
__end_of_set_UART2            text6        000292
__end_of_strlen               text11       000196
__initialization              cinit        0002A2
__mediumconst                 mediumconst  000000
__pbssCOMRAM                  bssCOMRAM    00001D
__pcinit                      cinit        0002A2
__pcstackCOMRAM               cstackCOMRAM 000001
__pintcode                    intcode      000008
__ptext0                      text0        00026C
__ptext1                      text1        0002AE
__ptext10                     text10       000232
__ptext11                     text11       000152
__ptext12                     text12       000000
__ptext2                      text2        000196
__ptext3                      text3        000254
__ptext4                      text4        000206
__ptext6                      text6        000282
__ptext7                      text7        0001D2
__ptext8                      text8        000292
__ptext9                      text9        0000B4
__ramtop                      ramtop       001000
__size_of_Init                (abs)        000000
__size_of_Init_UART1          (abs)        000000
__size_of_Init_UART2          (abs)        000000
__size_of_Init_interuption    (abs)        000000
__size_of_acq                 (abs)        000000
__size_of_get_keyboard        (abs)        000000
__size_of_keyboard_int        (abs)        000000
__size_of_main                (abs)        000000
__size_of_screen_word_write   (abs)        000000
__size_of_set_UART1           (abs)        000000
__size_of_set_UART2           (abs)        000000
__size_of_strlen              (abs)        000000
__smallconst                  smallconst   000000
_acq                          text10       000232
_get_keyboard                 text7        0001D2
_get_keyboard$1088            cstackCOMRAM 000002
_keyboard_flag                bssCOMRAM    00001D
_keyboard_int                 intcode      000008
_keyboard_value               bssCOMRAM    00001F
_main                         text0        00026C
_screen_word_write            text9        0000B4
_set_UART1                    text8        000292
_set_UART2                    text6        000282
_strlen                       text11       000152
end_of_initialization         cinit        0002A8
intlevel0                     text         000000
intlevel1                     text         000000
intlevel2                     text         000000
intlevel3                     text         000000
keyboard_int@keyboard_value   cstackCOMRAM 00001C
screen_word_write@j           cstackCOMRAM 00000C
screen_word_write@word        cstackCOMRAM 000007
screen_word_write@word_length cstackCOMRAM 00000A
set_UART1@set_message         cstackCOMRAM 000001
set_UART2@set_message         cstackCOMRAM 000001
start                         init         0000B0
start_initialization          cinit        0002A2
strlen@cp                     cstackCOMRAM 000005
strlen@s                      cstackCOMRAM 000001


FUNCTION INFORMATION:

 *************** function _main *****************
 Defined at:
		line 32 in file "main.c"
 Parameters:    Size  Location     Type
		None
 Auto vars:     Size  Location     Type
		None
 Return value:  Size  Location     Type
		None               void
 Registers used:
		wreg, fsr0l, fsr0h, fsr1l, fsr1h, fsr2l, fsr2h, status,2, status,0, pclat, tosl, structret, tblptrl, tblptrh, tblptru, prodl, prodh, bsr, cstack
 Tracked objects:
		On entry : 
		On exit  : 
		Unchanged: 
 Data sizes:     COMRAM   BANK0   BANK1   BANK2   BANK3   BANK4   BANK5   BANK6   BANK7   BANK8   BANK9  BANK10  BANK11  BANK12  BANK13  BANK14  BANK15
      Params:         0       0       0       0       0       0       0       0       0       0       0       0       0       0       0       0       0
      Locals:         0       0       0       0       0       0       0       0       0       0       0       0       0       0       0       0       0
      Temps:          0       0       0       0       0       0       0       0       0       0       0       0       0       0       0       0       0
      Totals:         0       0       0       0       0       0       0       0       0       0       0       0       0       0       0       0       0
Total ram usage:        0 bytes
 Hardware stack levels required when called:    4
 This function calls:
		_Init
		_Init_interuption
		_Init_UART1
		_Init_UART2
 This function is called by:
		Startup code after reset
 This function uses a non-reentrant model


 *************** function _Init_interuption *****************
 Defined at:
		line 76 in file "initialization.c"
 Parameters:    Size  Location     Type
		None
 Auto vars:     Size  Location     Type
		None
 Return value:  Size  Location     Type
		None               void
 Registers used:
		wreg, status,2
 Tracked objects:
		On entry : 
		On exit  : 
		Unchanged: 
 Data sizes:     COMRAM   BANK0   BANK1   BANK2   BANK3   BANK4   BANK5   BANK6   BANK7   BANK8   BANK9  BANK10  BANK11  BANK12  BANK13  BANK14  BANK15
      Params:         0       0       0       0       0       0       0       0       0       0       0       0       0       0       0       0       0
      Locals:         0       0       0       0       0       0       0       0       0       0       0       0       0       0       0       0       0
      Temps:          0       0       0       0       0       0       0       0       0       0       0       0       0       0       0       0       0
      Totals:         0       0       0       0       0       0       0       0       0       0       0       0       0       0       0       0       0
Total ram usage:        0 bytes
 Hardware stack levels used:    1
 Hardware stack levels required when called:    3
 This function calls:
		Nothing
 This function is called by:
		_main
 This function uses a non-reentrant model


 *************** function _Init *****************
 Defined at:
		line 34 in file "initialization.c"
 Parameters:    Size  Location     Type
		None
 Auto vars:     Size  Location     Type
		None
 Return value:  Size  Location     Type
		None               void
 Registers used:
		wreg, status,2
 Tracked objects:
		On entry : 
		On exit  : 
		Unchanged: 
 Data sizes:     COMRAM   BANK0   BANK1   BANK2   BANK3   BANK4   BANK5   BANK6   BANK7   BANK8   BANK9  BANK10  BANK11  BANK12  BANK13  BANK14  BANK15
      Params:         0       0       0       0       0       0       0       0       0       0       0       0       0       0       0       0       0
      Locals:         0       0       0       0       0       0       0       0       0       0       0       0       0       0       0       0       0
      Temps:          0       0       0       0       0       0       0       0       0       0       0       0       0       0       0       0       0
      Totals:         0       0       0       0       0       0       0       0       0       0       0       0       0       0       0       0       0
Total ram usage:        0 bytes
 Hardware stack levels used:    1
 Hardware stack levels required when called:    3
 This function calls:
		Nothing
 This function is called by:
		_main
 This function uses a non-reentrant model


 *************** function _Init_UART1 *****************
 Defined at:
		line 35 in file "uart.c"
 Parameters:    Size  Location     Type
		None
 Auto vars:     Size  Location     Type
		None
 Return value:  Size  Location     Type
		None               void
 Registers used:
		wreg, status,2
 Tracked objects:
		On entry : 
		On exit  : 
		Unchanged: 
 Data sizes:     COMRAM   BANK0   BANK1   BANK2   BANK3   BANK4   BANK5   BANK6   BANK7   BANK8   BANK9  BANK10  BANK11  BANK12  BANK13  BANK14  BANK15
      Params:         0       0       0       0       0       0       0       0       0       0       0       0       0       0       0       0       0
      Locals:         0       0       0       0       0       0       0       0       0       0       0       0       0       0       0       0       0
      Temps:          0       0       0       0       0       0       0       0       0       0       0       0       0       0       0       0       0
      Totals:         0       0       0       0       0       0       0       0       0       0       0       0       0       0       0       0       0
Total ram usage:        0 bytes
 Hardware stack levels used:    1
 Hardware stack levels required when called:    3
 This function calls:
		Nothing
 This function is called by:
		_main
 This function uses a non-reentrant model


 *************** function _Init_UART2 *****************
 Defined at:
		line 76 in file "uart.c"
 Parameters:    Size  Location     Type
		None
 Auto vars:     Size  Location     Type
		None
 Return value:  Size  Location     Type
		None               void
 Registers used:
		wreg, status,2
 Tracked objects:
		On entry : 
		On exit  : 
		Unchanged: 
 Data sizes:     COMRAM   BANK0   BANK1   BANK2   BANK3   BANK4   BANK5   BANK6   BANK7   BANK8   BANK9  BANK10  BANK11  BANK12  BANK13  BANK14  BANK15
      Params:         0       0       0       0       0       0       0       0       0       0       0       0       0       0       0       0       0
      Locals:         0       0       0       0       0       0       0       0       0       0       0       0       0       0       0       0       0
      Temps:          0       0       0       0       0       0       0       0       0       0       0       0       0       0       0       0       0
      Totals:         0       0       0       0       0       0       0       0       0       0       0       0       0       0       0       0       0
Total ram usage:        0 bytes
 Hardware stack levels used:    1
 Hardware stack levels required when called:    3
 This function calls:
		Nothing
 This function is called by:
		_main
 This function uses a non-reentrant model


 *************** function _keyboard_int *****************
 Defined at:
		line 41 in file "keyboard.c"
 Parameters:    Size  Location     Type
		None
 Auto vars:     Size  Location     Type
  keyboard_val    1   27[COMRAM] unsigned char 
 Return value:  Size  Location     Type
                  1    wreg      unsigned char 
 Registers used:
		wreg, fsr2l, fsr2h, status,2, status,0, tblptrl, tblptrh, tblptru, cstack
 Tracked objects:
		On entry : 
		On exit  : 
		Unchanged: 
 Data sizes:     COMRAM   BANK0   BANK1   BANK2   BANK3   BANK4   BANK5   BANK6   BANK7   BANK8   BANK9  BANK10  BANK11  BANK12  BANK13  BANK14  BANK15
      Params:         0       0       0       0       0       0       0       0       0       0       0       0       0       0       0       0       0
      Locals:         1       0       0       0       0       0       0       0       0       0       0       0       0       0       0       0       0
      Temps:         14       0       0       0       0       0       0       0       0       0       0       0       0       0       0       0       0
      Totals:        15       0       0       0       0       0       0       0       0       0       0       0       0       0       0       0       0
Total ram usage:       15 bytes
 Hardware stack levels used:    1
 Hardware stack levels required when called:    2
 This function calls:
		_get_keyboard
		_screen_word_write
		_set_UART1
		_set_UART2
 This function is called by:
		Interrupt level 2
 This function uses a non-reentrant model


 *************** function _set_UART2 *****************
 Defined at:
		line 96 in file "uart.c"
 Parameters:    Size  Location     Type
  set_message     1    0[COMRAM] unsigned char 
 Auto vars:     Size  Location     Type
		None
 Return value:  Size  Location     Type
		None               void
 Registers used:
		None
 Tracked objects:
		On entry : 
		On exit  : 
		Unchanged: 
 Data sizes:     COMRAM   BANK0   BANK1   BANK2   BANK3   BANK4   BANK5   BANK6   BANK7   BANK8   BANK9  BANK10  BANK11  BANK12  BANK13  BANK14  BANK15
      Params:         1       0       0       0       0       0       0       0       0       0       0       0       0       0       0       0       0
      Locals:         0       0       0       0       0       0       0       0       0       0       0       0       0       0       0       0       0
      Temps:          0       0       0       0       0       0       0       0       0       0       0       0       0       0       0       0       0
      Totals:         1       0       0       0       0       0       0       0       0       0       0       0       0       0       0       0       0
Total ram usage:        1 bytes
 Hardware stack levels used:    1
 This function calls:
		Nothing
 This function is called by:
		_keyboard_int
		_set_UART2_pc
		_keyboard_treatment
 This function uses a non-reentrant model


 *************** function _get_keyboard *****************
 Defined at:
		line 33 in file "keyboard.c"
 Parameters:    Size  Location     Type
		None
 Auto vars:     Size  Location     Type
		None
 Return value:  Size  Location     Type
                  1    wreg      unsigned char 
 Registers used:
		wreg, status,2, status,0, tblptrl, tblptrh, tblptru
 Tracked objects:
		On entry : 
		On exit  : 
		Unchanged: 
 Data sizes:     COMRAM   BANK0   BANK1   BANK2   BANK3   BANK4   BANK5   BANK6   BANK7   BANK8   BANK9  BANK10  BANK11  BANK12  BANK13  BANK14  BANK15
      Params:         0       0       0       0       0       0       0       0       0       0       0       0       0       0       0       0       0
      Locals:         1       0       0       0       0       0       0       0       0       0       0       0       0       0       0       0       0
      Temps:          1       0       0       0       0       0       0       0       0       0       0       0       0       0       0       0       0
      Totals:         2       0       0       0       0       0       0       0       0       0       0       0       0       0       0       0       0
Total ram usage:        2 bytes
 Hardware stack levels used:    1
 This function calls:
		Nothing
 This function is called by:
		_keyboard_int
		_keyboard_treatment
 This function uses a non-reentrant model


 *************** function _set_UART1 *****************
 Defined at:
		line 54 in file "uart.c"
 Parameters:    Size  Location     Type
  set_message     1    0[COMRAM] unsigned char 
 Auto vars:     Size  Location     Type
		None
 Return value:  Size  Location     Type
		None               void
 Registers used:
		None
 Tracked objects:
		On entry : 
		On exit  : 
		Unchanged: 
 Data sizes:     COMRAM   BANK0   BANK1   BANK2   BANK3   BANK4   BANK5   BANK6   BANK7   BANK8   BANK9  BANK10  BANK11  BANK12  BANK13  BANK14  BANK15
      Params:         1       0       0       0       0       0       0       0       0       0       0       0       0       0       0       0       0
      Locals:         0       0       0       0       0       0       0       0       0       0       0       0       0       0       0       0       0
      Temps:          0       0       0       0       0       0       0       0       0       0       0       0       0       0       0       0       0
      Totals:         1       0       0       0       0       0       0       0       0       0       0       0       0       0       0       0       0
Total ram usage:        1 bytes
 Hardware stack levels used:    1
 This function calls:
		Nothing
 This function is called by:
		_keyboard_int
		_set_UART1_hyper
 This function uses a non-reentrant model


 *************** function _screen_word_write *****************
 Defined at:
		line 138 in file "screen_lcd.c"
 Parameters:    Size  Location     Type
  word            2    6[COMRAM] PTR unsigned char 
		 -> RAM(3861), 
 Auto vars:     Size  Location     Type
  j               2   11[COMRAM] int 
  word_length     2    9[COMRAM] int 
 Return value:  Size  Location     Type
		None               void
 Registers used:
		wreg, fsr2l, fsr2h, status,2, status,0, tblptrl, tblptrh, tblptru, cstack
 Tracked objects:
		On entry : 
		On exit  : 
		Unchanged: 
 Data sizes:     COMRAM   BANK0   BANK1   BANK2   BANK3   BANK4   BANK5   BANK6   BANK7   BANK8   BANK9  BANK10  BANK11  BANK12  BANK13  BANK14  BANK15
      Params:         2       0       0       0       0       0       0       0       0       0       0       0       0       0       0       0       0
      Locals:         4       0       0       0       0       0       0       0       0       0       0       0       0       0       0       0       0
      Temps:          1       0       0       0       0       0       0       0       0       0       0       0       0       0       0       0       0
      Totals:         7       0       0       0       0       0       0       0       0       0       0       0       0       0       0       0       0
Total ram usage:        7 bytes
 Hardware stack levels used:    1
 Hardware stack levels required when called:    1
 This function calls:
		_strlen
		_acq
 This function is called by:
		_keyboard_int
 This function uses a non-reentrant model


 *************** function _acq *****************
 Defined at:
		line 75 in file "screen_lcd.c"
 Parameters:    Size  Location     Type
		None
 Auto vars:     Size  Location     Type
		None
 Return value:  Size  Location     Type
		None               void
 Registers used:
		wreg, tblptrl, tblptrh, tblptru
 Tracked objects:
		On entry : 
		On exit  : 
		Unchanged: 
 Data sizes:     COMRAM   BANK0   BANK1   BANK2   BANK3   BANK4   BANK5   BANK6   BANK7   BANK8   BANK9  BANK10  BANK11  BANK12  BANK13  BANK14  BANK15
      Params:         0       0       0       0       0       0       0       0       0       0       0       0       0       0       0       0       0
      Locals:         0       0       0       0       0       0       0       0       0       0       0       0       0       0       0       0       0
      Temps:          1       0       0       0       0       0       0       0       0       0       0       0       0       0       0       0       0
      Totals:         1       0       0       0       0       0       0       0       0       0       0       0       0       0       0       0       0
Total ram usage:        1 bytes
 Hardware stack levels used:    1
 This function calls:
		Nothing
 This function is called by:
		_screen_word_write
		_keyboard_treatment
		_screen_action
		_screen_number_write
 This function uses a non-reentrant model


 *************** function _strlen *****************
 Defined at:
		line 5 in file "C:\Program Files (x86)\Microchip\xc8\v1.12\sources\strlen.c"
 Parameters:    Size  Location     Type
  s               2    0[COMRAM] PTR const unsigned char 
		 -> RAM(3861), 
 Auto vars:     Size  Location     Type
  cp              2    4[COMRAM] PTR const unsigned char 
		 -> RAM(3861), 
 Return value:  Size  Location     Type
                  2    0[COMRAM] unsigned int 
 Registers used:
		wreg, fsr2l, fsr2h, status,2, status,0
 Tracked objects:
		On entry : 
		On exit  : 
		Unchanged: 
 Data sizes:     COMRAM   BANK0   BANK1   BANK2   BANK3   BANK4   BANK5   BANK6   BANK7   BANK8   BANK9  BANK10  BANK11  BANK12  BANK13  BANK14  BANK15
      Params:         2       0       0       0       0       0       0       0       0       0       0       0       0       0       0       0       0
      Locals:         2       0       0       0       0       0       0       0       0       0       0       0       0       0       0       0       0
      Temps:          2       0       0       0       0       0       0       0       0       0       0       0       0       0       0       0       0
      Totals:         6       0       0       0       0       0       0       0       0       0       0       0       0       0       0       0       0
Total ram usage:        6 bytes
 Hardware stack levels used:    1
 This function calls:
		Nothing
 This function is called by:
		_screen_word_write
 This function uses a non-reentrant model



MODULE INFORMATION

Module		Function		Class		Link	Load	Size
uart.c
		_Init_UART1    		CODE           	0254	0000	24
		_Init_UART2    		CODE           	0206	0000	44
		_set_UART1     		CODE           	0292	0000	16
		_set_UART2     		CODE           	0282	0000	16

uart.c estimated size: 100

screen_lcd.c
		_acq           		CODE           	0232	0000	34
		_screen_word_wr		CODE           	00B4	0000	158

screen_lcd.c estimated size: 192

C:\Program Files (x86)\Microchip\xc8\v1.12\sources\strlen.c
		_strlen        		CODE           	0152	0000	68

C:\Program Files (x86)\Microchip\xc8\v1.12\sources\strlen.c estimated size: 68

shared
		__initializatio		CODE           	02A2	0000	6

shared estimated size: 6

main.c
		_main          		CODE           	026C	0000	22

main.c estimated size: 22

initialization.c
		_Init_interupti		CODE           	02AE	0000	12
		_Init          		CODE           	0196	0000	60

initialization.c estimated size: 72

keyboard.c
		_get_keyboard  		CODE           	01D2	0000	52
		_keyboard_int  		CODE           	0008	0000	168

keyboard.c estimated size: 220

