Microchip MPLAB XC8 Compiler V1.12 ()

Linker command line:

-W-3 --edf=C:\Program Files (x86)\Microchip\xc8\v1.12\dat\en_msgs.txt -cs \
  -h+dist/default/production\TP_5_timer.production.sym -z -w9 --norlf \
  -Q18F87K22 -Mdist/default/production/TP_5_timer.production.map -E1 \
  -ver=XC8 -ACODE=00h-01FFFFh -ACONST=00h-01FFFFh \
  -ASMALLCONST=01000h-010FFhx496 \
  -AMEDIUMCONST=01000h-0FFFFh,011000h-01FFFFh -AFARRAM=020000h-01FFFFFh \
  -ACOMRAM=01h-05Fh -AABS1=00h-0F15h -ABIGRAM=01h-0F15h \
  -ARAM=060h-0FFh,0100h-01FFhx14,0F00h-0F15h -ABANK0=060h-0FFh \
  -ABANK1=0100h-01FFh -ABANK2=0200h-02FFh -ABANK3=0300h-03FFh \
  -ABANK4=0400h-04FFh -ABANK5=0500h-05FFh -ABANK6=0600h-06FFh \
  -ABANK7=0700h-07FFh -ABANK8=0800h-08FFh -ABANK9=0900h-09FFh \
  -ABANK10=0A00h-0AFFh -ABANK11=0B00h-0BFFh -ABANK12=0C00h-0CFFh \
  -ABANK13=0D00h-0DFFh -ABANK14=0E00h-0EFFh -ABANK15=0F00h-0F15h \
  -ASFR=0F16h-0F5Fh,0F60h-0FFFh \
  -preset_vec=00h,intcode,intcodelo,powerup,init,end_init -pramtop=01000h \
  -psmallconst=SMALLCONST -pmediumconst=MEDIUMCONST -pconst=CONST \
  -AFARRAM=020000h-01FFFFFh -ACONFIG=0300000h-030000Dh -pconfig=CONFIG \
  -AIDLOC=0200000h-0200007h -pidloc=IDLOC -AEEDATA=0F00000h-0F003FFh \
  -peeprom_data=EEDATA \
  -prdata=COMRAM,nvrram=COMRAM,nvbit=COMRAM,rbss=COMRAM,rbit=COMRAM \
  -pfarbss=FARRAM,fardata=FARRAM \
  -pintsave_regs=BIGRAM,bigbss=BIGRAM,bigdata=BIGRAM -pbss=RAM \
  -pidata=CODE,irdata=CODE,ibigdata=CODE,ifardata=CODE \
  C:\Users\mario\AppData\Local\Temp\seeg.obj \
  dist/default/production\TP_5_timer.production.obj 

Object code version is 3.10

Machine type is 18F87K22

Call graph: (short form)




                Name                               Link     Load   Length Selector   Space Scale
C:\Users\mario\AppData\Local\Temp\seeg.obj
                end_init                              0        0        4        0       0
dist/default/production\TP_5_timer.production.obj
                text9                             1FC92    1FC92       A8     FE49       0
                text8                             1FD3A    1FD3A       BC     FE9D       0
                text7                             1FC02    1FC02       22     FE01       0
                text6                             1FEC0    1FEC0      140     FF60       0
                text5                             1FBC2    1FBC2        C     FDE1       0
                text4                             1FDF6    1FDF6       CA     FEFB       0
                text3                             1FC58    1FC58       3A     FE2C       0
                text2                             1FBBC    1FBBC        6     FDDE       0
                text1                             1FBCE    1FBCE       16     FDE7       0
                text0                             1FC24    1FC24       34     FE12       0
                cstackCOMRAM                          1        1       17        1       1
                dataCOMRAM                           18       18        2        1       1
                cinit                             1FBE4    1FBE4       1E     FDF2       0
                idataCOMRAM                       1FBBA    1FBBA        2    1FBBA       0

TOTAL           Name                               Link     Load   Length     Space
        CLASS   CODE           
                end_init                              0        0        4         0
                text9                             1FC92    1FC92       A8         0
                text8                             1FD3A    1FD3A       BC         0
                text7                             1FC02    1FC02       22         0
                text6                             1FEC0    1FEC0      140         0
                text5                             1FBC2    1FBC2        C         0
                text4                             1FDF6    1FDF6       CA         0
                text3                             1FC58    1FC58       3A         0
                text2                             1FBBC    1FBBC        6         0
                text1                             1FBCE    1FBCE       16         0
                text0                             1FC24    1FC24       34         0
                cinit                             1FBE4    1FBE4       1E         0
                idataCOMRAM                       1FBBA    1FBBA        2         0

        CLASS   CONST          

        CLASS   SMALLCONST     

        CLASS   MEDIUMCONST    

        CLASS   FARRAM         

        CLASS   COMRAM         
                cstackCOMRAM                          1        1       17         1
                dataCOMRAM                           18       18        2         1

        CLASS   ABS1           

        CLASS   BIGRAM         

        CLASS   RAM            

        CLASS   BANK0          

        CLASS   BANK1          

        CLASS   BANK2          

        CLASS   BANK3          

        CLASS   BANK4          

        CLASS   BANK5          

        CLASS   BANK6          

        CLASS   BANK7          

        CLASS   BANK8          

        CLASS   BANK9          

        CLASS   BANK10         

        CLASS   BANK11         

        CLASS   BANK12         

        CLASS   BANK13         

        CLASS   BANK14         

        CLASS   BANK15         

        CLASS   SFR            

        CLASS   CONFIG         

        CLASS   IDLOC          

        CLASS   EEDATA         



SEGMENTS        Name                           Load    Length   Top    Selector   Space  Class

                reset_vec                      000000  000004  000004         0       0  CODE    
                cstackCOMRAM                   000001  000019  00001A         1       1  COMRAM  
                idataCOMRAM                    01FBBA  000002  01FBBC     1FBBA       0  CODE    
                text2                          01FBBC  000006  01FBC2      FDDE       0  CODE    
                text5                          01FBC2  00000C  01FBCE      FDE1       0  CODE    
                text1                          01FBCE  000016  01FBE4      FDE7       0  CODE    
                cinit                          01FBE4  00001E  01FC02      FDF2       0  CODE    
                text7                          01FC02  000022  01FC24      FE01       0  CODE    
                text0                          01FC24  000034  01FC58      FE12       0  CODE    
                text3                          01FC58  00003A  01FC92      FE2C       0  CODE    
                text9                          01FC92  0000A8  01FD3A      FE49       0  CODE    
                text8                          01FD3A  0000BC  01FDF6      FE9D       0  CODE    
                text4                          01FDF6  0000CA  01FEC0      FEFB       0  CODE    
                text6                          01FEC0  000140  020000      FF60       0  CODE    


UNUSED ADDRESS RANGES

        Name                Unused          Largest block    Delta
        BANK0            000060-0000FF               A0
        BANK1            000100-0001FF              100
        BANK10           000A00-000AFF              100
        BANK11           000B00-000BFF              100
        BANK12           000C00-000CFF              100
        BANK13           000D00-000DFF              100
        BANK14           000E00-000EFF              100
        BANK15           000F00-000F15               16
        BANK2            000200-0002FF              100
        BANK3            000300-0003FF              100
        BANK4            000400-0004FF              100
        BANK5            000500-0005FF              100
        BANK6            000600-0006FF              100
        BANK7            000700-0007FF              100
        BANK8            000800-0008FF              100
        BANK9            000900-0009FF              100
        BIGRAM           00001A-000F15              EFC
        CODE             000004-01FBB9            1FBB6
        COMRAM           00001A-00005F               46
        CONFIG           300000-30000D                E
        CONST            000004-01FBB9            1FBB6
        EEDATA           F00000-F003FF              400
        FARRAM           020000-1FFFFF           1E0000
        IDLOC            200000-200007                8
        MEDIUMCONST      001000-00FFFF             F000
                         011000-01FBB9             EBBA
        RAM              000060-000F15              100
        SFR              000F16-000FFF               4A
        SMALLCONST       001000-01FBB9              100

                                  Symbol Table

__CFG_ABW$XM20                    (abs)        000000
__CFG_BBSIZ$BB1K                  (abs)        000000
__CFG_BOREN$OFF                   (abs)        000000
__CFG_BORPWR$ZPBORMV              (abs)        000000
__CFG_BORV$0                      (abs)        000000
__CFG_BW$8                        (abs)        000000
__CFG_CCP2MX$PORTC                (abs)        000000
__CFG_CP0$OFF                     (abs)        000000
__CFG_CP1$OFF                     (abs)        000000
__CFG_CP2$OFF                     (abs)        000000
__CFG_CP3$OFF                     (abs)        000000
__CFG_CP4$OFF                     (abs)        000000
__CFG_CP5$OFF                     (abs)        000000
__CFG_CP6$OFF                     (abs)        000000
__CFG_CP7$OFF                     (abs)        000000
__CFG_CPB$OFF                     (abs)        000000
__CFG_CPD$OFF                     (abs)        000000
__CFG_DEBUG$OFF                   (abs)        000000
__CFG_EASHFT$OFF                  (abs)        000000
__CFG_EBRT0$OFF                   (abs)        000000
__CFG_EBRT1$OFF                   (abs)        000000
__CFG_EBRT2$OFF                   (abs)        000000
__CFG_EBRT3$OFF                   (abs)        000000
__CFG_EBRT4$OFF                   (abs)        000000
__CFG_EBRT5$OFF                   (abs)        000000
__CFG_EBRT6$OFF                   (abs)        000000
__CFG_EBRT7$OFF                   (abs)        000000
__CFG_EBRTB$OFF                   (abs)        000000
__CFG_ECCPMX$PORTE                (abs)        000000
__CFG_FCMEN$OFF                   (abs)        000000
__CFG_FOSC$HS1                    (abs)        000000
__CFG_IESO$OFF                    (abs)        000000
__CFG_INTOSCSEL$HIGH              (abs)        000000
__CFG_MCLRE$ON                    (abs)        000000
__CFG_MSSPMSK$MSK7                (abs)        000000
__CFG_PLLCFG$OFF                  (abs)        000000
__CFG_PWRTEN$OFF                  (abs)        000000
__CFG_RETEN$ON                    (abs)        000000
__CFG_RTCOSC$SOSCREF              (abs)        000000
__CFG_SOSCSEL$HIGH                (abs)        000000
__CFG_STVREN$ON                   (abs)        000000
__CFG_WAIT$ON                     (abs)        000000
__CFG_WDTEN$OFF                   (abs)        000000
__CFG_WDTPS$1                     (abs)        000000
__CFG_WRT0$OFF                    (abs)        000000
__CFG_WRT1$OFF                    (abs)        000000
__CFG_WRT2$OFF                    (abs)        000000
__CFG_WRT3$OFF                    (abs)        000000
__CFG_WRT4$OFF                    (abs)        000000
__CFG_WRT5$OFF                    (abs)        000000
__CFG_WRT6$OFF                    (abs)        000000
__CFG_WRT7$OFF                    (abs)        000000
__CFG_WRTB$OFF                    (abs)        000000
__CFG_WRTC$OFF                    (abs)        000000
__CFG_WRTD$OFF                    (abs)        000000
__CFG_XINST$OFF                   (abs)        000000
__HRAM                            (abs)        000000
__Habs1                           abs1         000000
__Hbank0                          bank0        000000
__Hbank1                          bank1        000000
__Hbank10                         bank10       000000
__Hbank11                         bank11       000000
__Hbank12                         bank12       000000
__Hbank13                         bank13       000000
__Hbank14                         bank14       000000
__Hbank15                         bank15       000000
__Hbank2                          bank2        000000
__Hbank3                          bank3        000000
__Hbank4                          bank4        000000
__Hbank5                          bank5        000000
__Hbank6                          bank6        000000
__Hbank7                          bank7        000000
__Hbank8                          bank8        000000
__Hbank9                          bank9        000000
__Hbigbss                         bigbss       000000
__Hbigdata                        bigdata      000000
__Hbigram                         bigram       000000
__Hbss                            bss          000000
__Hcinit                          cinit        000000
__Hclrtext                        clrtext      000000
__Hcomram                         comram       000000
__Hconfig                         config       000000
__Hconst                          const        000000
__HcstackCOMRAM                   cstackCOMRAM 000000
__Hdata                           data         000000
__HdataCOMRAM                     dataCOMRAM   000000
__Heeprom_data                    eeprom_data  000000
__Hfarbss                         farbss       000000
__Hfardata                        fardata      000000
__Hibigdata                       ibigdata     000000
__Hidata                          idata        000000
__HidataCOMRAM                    idataCOMRAM  000000
__Hidloc                          idloc        000000
__Hifardata                       ifardata     000000
__Hinit                           init         000000
__Hintcode                        intcode      000000
__Hintcode_body                   intcode_body 000000
__Hintcodelo                      intcodelo    000000
__Hintentry                       intentry     000000
__Hintret                         intret       000000
__Hintsave_regs                   intsave_regs 000000
__Hirdata                         irdata       000000
__Hmediumconst                    mediumconst  000000
__Hnvbit                          nvbit        000000
__Hnvrram                         nvrram       000000
__Hparam                          rparam       000000
__Hpowerup                        powerup      000000
__Hram                            ram          000000
__Hrbit                           rbit         000000
__Hrbss                           rbss         000000
__Hrdata                          rdata        000000
__Hreset_vec                      reset_vec    000000
__Hrparam                         rparam       000000
__Hsfr                            sfr          000000
__Hsmallconst                     smallconst   000000
__Hstruct                         struct       000000
__Htemp                           temp         000000
__Htext                           text         000000
__Htext0                          text0        000000
__Htext1                          text1        000000
__Htext10                         text10       000000
__Htext2                          text2        000000
__Htext3                          text3        000000
__Htext4                          text4        000000
__Htext5                          text5        000000
__Htext6                          text6        000000
__Htext7                          text7        000000
__Htext8                          text8        000000
__Htext9                          text9        000000
__Labs1                           abs1         000000
__Lbank0                          bank0        000000
__Lbank1                          bank1        000000
__Lbank10                         bank10       000000
__Lbank11                         bank11       000000
__Lbank12                         bank12       000000
__Lbank13                         bank13       000000
__Lbank14                         bank14       000000
__Lbank15                         bank15       000000
__Lbank2                          bank2        000000
__Lbank3                          bank3        000000
__Lbank4                          bank4        000000
__Lbank5                          bank5        000000
__Lbank6                          bank6        000000
__Lbank7                          bank7        000000
__Lbank8                          bank8        000000
__Lbank9                          bank9        000000
__Lbigbss                         bigbss       000000
__Lbigdata                        bigdata      000000
__Lbigram                         bigram       000000
__Lbss                            bss          000000
__Lcinit                          cinit        000000
__Lclrtext                        clrtext      000000
__Lcomram                         comram       000000
__Lconfig                         config       000000
__Lconst                          const        000000
__LcstackCOMRAM                   cstackCOMRAM 000000
__Ldata                           data         000000
__LdataCOMRAM                     dataCOMRAM   000000
__Leeprom_data                    eeprom_data  000000
__Lend_init                       end_init     000000
__Lfarbss                         farbss       000000
__Lfardata                        fardata      000000
__Libigdata                       ibigdata     000000
__Lidata                          idata        000000
__LidataCOMRAM                    idataCOMRAM  000000
__Lidloc                          idloc        000000
__Lifardata                       ifardata     000000
__Linit                           init         000000
__Lintcode                        intcode      000000
__Lintcode_body                   intcode_body 000000
__Lintcodelo                      intcodelo    000000
__Lintentry                       intentry     000000
__Lintret                         intret       000000
__Lintsave_regs                   intsave_regs 000000
__Lirdata                         irdata       000000
__Lmediumconst                    mediumconst  000000
__Lnvbit                          nvbit        000000
__Lnvrram                         nvrram       000000
__Lparam                          rparam       000000
__Lpowerup                        powerup      000000
__Lram                            ram          000000
__Lrbit                           rbit         000000
__Lrbss                           rbss         000000
__Lrdata                          rdata        000000
__Lreset_vec                      reset_vec    000000
__Lrparam                         rparam       000000
__Lsfr                            sfr          000000
__Lsmallconst                     smallconst   000000
__Lstruct                         struct       000000
__Ltemp                           temp         000000
__Ltext                           text         000000
__Ltext0                          text0        000000
__Ltext1                          text1        000000
__Ltext10                         text10       000000
__Ltext2                          text2        000000
__Ltext3                          text3        000000
__Ltext4                          text4        000000
__Ltext5                          text5        000000
__Ltext6                          text6        000000
__Ltext7                          text7        000000
__Ltext8                          text8        000000
__Ltext9                          text9        000000
__mediumconst                     mediumconst  000000
__ptext10                         text10       000000
__size_of_Init                    (abs)        000000
__size_of_Init_fan                (abs)        000000
__size_of_Init_timer0             (abs)        000000
__size_of___awdiv                 (abs)        000000
__size_of___awmod                 (abs)        000000
__size_of_acq                     (abs)        000000
__size_of_init_screen_lcd         (abs)        000000
__size_of_main                    (abs)        000000
__size_of_screen_number_write     (abs)        000000
__size_of_set_fan                 (abs)        000000
__smallconst                      smallconst   000000
_keyboard_flag                                       
intlevel0                         text         000000
intlevel1                         text         000000
intlevel2                         text         000000
intlevel3                         text         000000
start                             init         000000
?___awdiv                         cstackCOMRAM 000001
?___awmod                         cstackCOMRAM 000001
?_set_fan                         cstackCOMRAM 000001
__LRAM                            (abs)        000001
___awdiv@dividend                 cstackCOMRAM 000001
___awmod@dividend                 cstackCOMRAM 000001
__pcstackCOMRAM                   cstackCOMRAM 000001
set_fan@value                     cstackCOMRAM 000001
___awdiv@divisor                  cstackCOMRAM 000003
___awmod@divisor                  cstackCOMRAM 000003
__activetblptr                    (abs)        000003
__Hend_init                       end_init     000004
___awdiv@counter                  cstackCOMRAM 000006
___awmod@counter                  cstackCOMRAM 000006
___awdiv@sign                     cstackCOMRAM 000007
___awmod@sign                     cstackCOMRAM 000007
___awdiv@quotient                 cstackCOMRAM 000008
?_screen_number_write             cstackCOMRAM 00000A
screen_number_write@number        cstackCOMRAM 00000A
screen_number_write@number_string cstackCOMRAM 00000C
screen_number_write@i             cstackCOMRAM 000016
__pdataCOMRAM                     dataCOMRAM   000018
_number                           dataCOMRAM   000018
__S1                              (abs)        00001A
__accesstop                       (abs)        000060
_TXREG2                           (abs)        000F1C
_SPBRG2                           (abs)        000F1E
_BAUDCON2bits                     (abs)        000F20
_TXSTA2bits                       (abs)        000F21
_RCSTA2bits                       (abs)        000F22
_ANCON2                           (abs)        000F23
_ANCON1                           (abs)        000F24
_ANCON0                           (abs)        000F25
_MEMCON                           (abs)        000F26
_MEMCONbits                       (abs)        000F26
_EEDATA                           (abs)        000F61
_EEADR                            (abs)        000F62
_EECON2                           (abs)        000F7E
_EECON1bits                       (abs)        000F7F
_PORTBbits                        (abs)        000F81
_LATCbits                         (abs)        000F8B
_TRISBbits                        (abs)        000F93
_TRISCbits                        (abs)        000F94
_TRISD                            (abs)        000F95
_TRISGbits                        (abs)        000F98
_TRISH                            (abs)        000F99
_RCSTA1bits                       (abs)        000FAB
_TXSTA1bits                       (abs)        000FAC
_TXREG1                           (abs)        000FAD
_SPBRG1                           (abs)        000FAF
_ADCON0bits                       (abs)        000FC2
_ADRESH                           (abs)        000FC4
_SSP1CON2                         (abs)        000FC5
_SSP1CON1                         (abs)        000FC6
_SSP1CON1bits                     (abs)        000FC6
_SSP1STAT                         (abs)        000FC7
_SSP1ADD                          (abs)        000FC8
_RCONbits                         (abs)        000FD0
_T0CONbits                        (abs)        000FD5
_TMR0L                            (abs)        000FD6
_INTCON                           (abs)        000FF2
_INTCONbits                       (abs)        000FF2
__Hramtop                         ramtop       001000
__Lramtop                         ramtop       001000
__ramtop                          ramtop       001000
_TX1IF                            (abs)        007CF4
__pidataCOMRAM                    idataCOMRAM  01FBBA
_Init_fan                         text2        01FBBC
__ptext2                          text2        01FBBC
__end_of_Init_fan                 text2        01FBC2
__ptext5                          text5        01FBC2
_set_fan                          text5        01FBC2
_Init_timer0                      text1        01FBCE
__end_of_set_fan                  text5        01FBCE
__ptext1                          text1        01FBCE
__end_of_Init_timer0              text1        01FBE4
__initialization                  cinit        01FBE4
__pcinit                          cinit        01FBE4
start_initialization              cinit        01FBE4
__end_of__initialization          cinit        01FBFC
end_of_initialization             cinit        01FBFC
__ptext7                          text7        01FC02
_acq                              text7        01FC02
__end_of_acq                      text7        01FC24
__ptext0                          text0        01FC24
_main                             text0        01FC24
_Init                             text3        01FC58
__end_of_main                     text0        01FC58
__ptext3                          text3        01FC58
___awmod                          text9        01FC92
__end_of_Init                     text3        01FC92
__ptext9                          text9        01FC92
___awdiv                          text8        01FD3A
__end_of___awmod                  text9        01FD3A
__ptext8                          text8        01FD3A
__end_of___awdiv                  text8        01FDF6
__ptext4                          text4        01FDF6
_screen_number_write              text4        01FDF6
__end_of_screen_number_write      text4        01FEC0
__ptext6                          text6        01FEC0
_init_screen_lcd                  text6        01FEC0
__S0                              (abs)        020000
__end_of_init_screen_lcd          text6        020000
_LCD_FUNC                         (abs)        1A0000
_LCD_DATA                         (abs)        1A0002
